Archive member included to satisfy reference by file (symbol)

C:/ST/STM32CubeIDE_1.19.0/STM32CubeIDE/plugins/com.st.stm32cube.ide.mcu.externaltools.gnu-tools-for-stm32.13.3.rel1.win32_1.0.0.202411081344/tools/bin/../lib/gcc/arm-none-eabi/13.3.1/../../../../arm-none-eabi/lib/thumb/v7-m/nofp\libc_nano.a(libc_a-exit.o)
                              C:/ST/STM32CubeIDE_1.19.0/STM32CubeIDE/plugins/com.st.stm32cube.ide.mcu.externaltools.gnu-tools-for-stm32.13.3.rel1.win32_1.0.0.202411081344/tools/bin/../lib/gcc/arm-none-eabi/13.3.1/../../../../arm-none-eabi/lib/thumb/v7-m/nofp/crt0.o (exit)
C:/ST/STM32CubeIDE_1.19.0/STM32CubeIDE/plugins/com.st.stm32cube.ide.mcu.externaltools.gnu-tools-for-stm32.13.3.rel1.win32_1.0.0.202411081344/tools/bin/../lib/gcc/arm-none-eabi/13.3.1/../../../../arm-none-eabi/lib/thumb/v7-m/nofp\libc_nano.a(libc_a-findfp.o)
                              C:/ST/STM32CubeIDE_1.19.0/STM32CubeIDE/plugins/com.st.stm32cube.ide.mcu.externaltools.gnu-tools-for-stm32.13.3.rel1.win32_1.0.0.202411081344/tools/bin/../lib/gcc/arm-none-eabi/13.3.1/../../../../arm-none-eabi/lib/thumb/v7-m/nofp\libc_nano.a(libc_a-exit.o) (__stdio_exit_handler)
C:/ST/STM32CubeIDE_1.19.0/STM32CubeIDE/plugins/com.st.stm32cube.ide.mcu.externaltools.gnu-tools-for-stm32.13.3.rel1.win32_1.0.0.202411081344/tools/bin/../lib/gcc/arm-none-eabi/13.3.1/../../../../arm-none-eabi/lib/thumb/v7-m/nofp\libc_nano.a(libc_a-fwalk.o)
                              C:/ST/STM32CubeIDE_1.19.0/STM32CubeIDE/plugins/com.st.stm32cube.ide.mcu.externaltools.gnu-tools-for-stm32.13.3.rel1.win32_1.0.0.202411081344/tools/bin/../lib/gcc/arm-none-eabi/13.3.1/../../../../arm-none-eabi/lib/thumb/v7-m/nofp\libc_nano.a(libc_a-findfp.o) (_fwalk_sglue)
C:/ST/STM32CubeIDE_1.19.0/STM32CubeIDE/plugins/com.st.stm32cube.ide.mcu.externaltools.gnu-tools-for-stm32.13.3.rel1.win32_1.0.0.202411081344/tools/bin/../lib/gcc/arm-none-eabi/13.3.1/../../../../arm-none-eabi/lib/thumb/v7-m/nofp\libc_nano.a(libc_a-stdio.o)
                              C:/ST/STM32CubeIDE_1.19.0/STM32CubeIDE/plugins/com.st.stm32cube.ide.mcu.externaltools.gnu-tools-for-stm32.13.3.rel1.win32_1.0.0.202411081344/tools/bin/../lib/gcc/arm-none-eabi/13.3.1/../../../../arm-none-eabi/lib/thumb/v7-m/nofp\libc_nano.a(libc_a-findfp.o) (__sread)
C:/ST/STM32CubeIDE_1.19.0/STM32CubeIDE/plugins/com.st.stm32cube.ide.mcu.externaltools.gnu-tools-for-stm32.13.3.rel1.win32_1.0.0.202411081344/tools/bin/../lib/gcc/arm-none-eabi/13.3.1/../../../../arm-none-eabi/lib/thumb/v7-m/nofp\libc_nano.a(libc_a-memset.o)
                              C:/ST/STM32CubeIDE_1.19.0/STM32CubeIDE/plugins/com.st.stm32cube.ide.mcu.externaltools.gnu-tools-for-stm32.13.3.rel1.win32_1.0.0.202411081344/tools/bin/../lib/gcc/arm-none-eabi/13.3.1/../../../../arm-none-eabi/lib/thumb/v7-m/nofp/crt0.o (memset)
C:/ST/STM32CubeIDE_1.19.0/STM32CubeIDE/plugins/com.st.stm32cube.ide.mcu.externaltools.gnu-tools-for-stm32.13.3.rel1.win32_1.0.0.202411081344/tools/bin/../lib/gcc/arm-none-eabi/13.3.1/../../../../arm-none-eabi/lib/thumb/v7-m/nofp\libc_nano.a(libc_a-strncmp.o)
                              ./User/Src/llcc68_app.o (strncmp)
C:/ST/STM32CubeIDE_1.19.0/STM32CubeIDE/plugins/com.st.stm32cube.ide.mcu.externaltools.gnu-tools-for-stm32.13.3.rel1.win32_1.0.0.202411081344/tools/bin/../lib/gcc/arm-none-eabi/13.3.1/../../../../arm-none-eabi/lib/thumb/v7-m/nofp\libc_nano.a(libc_a-closer.o)
                              C:/ST/STM32CubeIDE_1.19.0/STM32CubeIDE/plugins/com.st.stm32cube.ide.mcu.externaltools.gnu-tools-for-stm32.13.3.rel1.win32_1.0.0.202411081344/tools/bin/../lib/gcc/arm-none-eabi/13.3.1/../../../../arm-none-eabi/lib/thumb/v7-m/nofp\libc_nano.a(libc_a-stdio.o) (_close_r)
C:/ST/STM32CubeIDE_1.19.0/STM32CubeIDE/plugins/com.st.stm32cube.ide.mcu.externaltools.gnu-tools-for-stm32.13.3.rel1.win32_1.0.0.202411081344/tools/bin/../lib/gcc/arm-none-eabi/13.3.1/../../../../arm-none-eabi/lib/thumb/v7-m/nofp\libc_nano.a(libc_a-reent.o)
                              C:/ST/STM32CubeIDE_1.19.0/STM32CubeIDE/plugins/com.st.stm32cube.ide.mcu.externaltools.gnu-tools-for-stm32.13.3.rel1.win32_1.0.0.202411081344/tools/bin/../lib/gcc/arm-none-eabi/13.3.1/../../../../arm-none-eabi/lib/thumb/v7-m/nofp\libc_nano.a(libc_a-closer.o) (errno)
C:/ST/STM32CubeIDE_1.19.0/STM32CubeIDE/plugins/com.st.stm32cube.ide.mcu.externaltools.gnu-tools-for-stm32.13.3.rel1.win32_1.0.0.202411081344/tools/bin/../lib/gcc/arm-none-eabi/13.3.1/../../../../arm-none-eabi/lib/thumb/v7-m/nofp\libc_nano.a(libc_a-impure.o)
                              C:/ST/STM32CubeIDE_1.19.0/STM32CubeIDE/plugins/com.st.stm32cube.ide.mcu.externaltools.gnu-tools-for-stm32.13.3.rel1.win32_1.0.0.202411081344/tools/bin/../lib/gcc/arm-none-eabi/13.3.1/../../../../arm-none-eabi/lib/thumb/v7-m/nofp\libc_nano.a(libc_a-reent.o) (_impure_ptr)
[...]
Memory Configuration

Name             Origin             Length             Attributes
RAM              0x20000000         0x00005000         xrw
FLASH            0x08000000         0x00010000         xr
*default*        0x00000000         0xffffffff

Linker script and memory map

LOAD C:/ST/STM32CubeIDE_1.19.0/STM32CubeIDE/plugins/com.st.stm32cube.ide.mcu.externaltools.gnu-tools-for-stm32.13.3.rel1.win32_1.0.0.202411081344/tools/bin/../lib/gcc/arm-none-eabi/13.3.1/thumb/v7-m/nofp/crti.o
LOAD C:/ST/STM32CubeIDE_1.19.0/STM32CubeIDE/plugins/com.st.stm32cube.ide.mcu.externaltools.gnu-tools-for-stm32.13.3.rel1.win32_1.0.0.202411081344/tools/bin/../lib/gcc/arm-none-eabi/13.3.1/thumb/v7-m/nofp/crtbegin.o
LOAD C:/ST/STM32CubeIDE_1.19.0/STM32CubeIDE/plugins/com.st.stm32cube.ide.mcu.externaltools.gnu-tools-for-stm32.13.3.rel1.win32_1.0.0.202411081344/tools/bin/../lib/gcc/arm-none-eabi/13.3.1/../../../../arm-none-eabi/lib/thumb/v7-m/nofp/crt0.o
LOAD ./Core/Src/can.o
LOAD ./Core/Src/dma.o
LOAD ./Core/Src/gpio.o
LOAD ./Core/Src/main.o
LOAD ./Core/Src/spi.o
LOAD ./Core/Src/stm32f1xx_hal_msp.o
LOAD ./Core/Src/stm32f1xx_it.o
LOAD ./Core/Src/syscalls.o
LOAD ./Core/Src/sysmem.o
LOAD ./Core/Src/system_stm32f1xx.o
LOAD ./Core/Src/tim.o
LOAD ./Core/Src/usart.o
LOAD ./Core/Startup/startup_stm32f103c8tx.o
LOAD ./Drivers/STM32F1xx_HAL_Driver/Src/stm32f1xx_hal.o
LOAD ./Drivers/STM32F1xx_HAL_Driver/Src/stm32f1xx_hal_can.o
LOAD ./Drivers/STM32F1xx_HAL_Driver/Src/stm32f1xx_hal_cortex.o
LOAD ./Drivers/STM32F1xx_HAL_Driver/Src/stm32f1xx_hal_dma.o
LOAD ./Drivers/STM32F1xx_HAL_Driver/Src/stm32f1xx_hal_exti.o
LOAD ./Drivers/STM32F1xx_HAL_Driver/Src/stm32f1xx_hal_flash.o
LOAD ./Drivers/STM32F1xx_HAL_Driver/Src/stm32f1xx_hal_flash_ex.o
LOAD ./Drivers/STM32F1xx_HAL_Driver/Src/stm32f1xx_hal_gpio.o
LOAD ./Drivers/STM32F1xx_HAL_Driver/Src/stm32f1xx_hal_gpio_ex.o
LOAD ./Drivers/STM32F1xx_HAL_Driver/Src/stm32f1xx_hal_pwr.o
LOAD ./Drivers/STM32F1xx_HAL_Driver/Src/stm32f1xx_hal_rcc.o
LOAD ./Drivers/STM32F1xx_HAL_Driver/Src/stm32f1xx_hal_rcc_ex.o
LOAD ./Drivers/STM32F1xx_HAL_Driver/Src/stm32f1xx_hal_spi.o
LOAD ./Drivers/STM32F1xx_HAL_Driver/Src/stm32f1xx_hal_tim.o
LOAD ./Drivers/STM32F1xx_HAL_Driver/Src/stm32f1xx_hal_tim_ex.o
LOAD ./Drivers/STM32F1xx_HAL_Driver/Src/stm32f1xx_hal_uart.o
LOAD ./User/Src/Can_Config.o
LOAD ./User/Src/Lora.o
LOAD ./User/Src/Wireless_Package.o
LOAD ./User/Src/llcc68.o
LOAD ./User/Src/llcc68_app.o
LOAD ./User/Src/llcc68_driver_version.o
LOAD ./User/Src/llcc68_hal.o
START GROUP
LOAD C:/ST/STM32CubeIDE_1.19.0/STM32CubeIDE/plugins/com.st.stm32cube.ide.mcu.externaltools.gnu-tools-for-stm32.13.3.rel1.win32_1.0.0.202411081344/tools/bin/../lib/gcc/arm-none-eabi/13.3.1/../../../../arm-none-eabi/lib/thumb/v7-m/nofp\libc_nano.a
LOAD C:/ST/STM32CubeIDE_1.19.0/STM32CubeIDE/plugins/com.st.stm32cube.ide.mcu.externaltools.gnu-tools-for-stm32.13.3.rel1.win32_1.0.0.202411081344/tools/bin/../lib/gcc/arm-none-eabi/13.3.1/../../../../arm-none-eabi/lib/thumb/v7-m/nofp\libm.a
END GROUP
START GROUP
LOAD C:/ST/STM32CubeIDE_1.19.0/STM32CubeIDE/plugins/com.st.stm32cube.ide.mcu.externaltools.gnu-tools-for-stm32.13.3.rel1.win32_1.0.0.202411081344/tools/bin/../lib/gcc/arm-none-eabi/13.3.1/thumb/v7-m/nofp\libgcc.a
LOAD C:/ST/STM32CubeIDE_1.19.0/STM32CubeIDE/plugins/com.st.stm32cube.ide.mcu.externaltools.gnu-tools-for-stm32.13.3.rel1.win32_1.0.0.202411081344/tools/bin/../lib/gcc/arm-none-eabi/13.3.1/../../../../arm-none-eabi/lib/thumb/v7-m/nofp\libc_nano.a
END GROUP
START GROUP
LOAD C:/ST/STM32CubeIDE_1.19.0/STM32CubeIDE/plugins/com.st.stm32cube.ide.mcu.externaltools.gnu-tools-for-stm32.13.3.rel1.win32_1.0.0.202411081344/tools/bin/../lib/gcc/arm-none-eabi/13.3.1/thumb/v7-m/nofp\libgcc.a
LOAD C:/ST/STM32CubeIDE_1.19.0/STM32CubeIDE/plugins/com.st.stm32cube.ide.mcu.externaltools.gnu-tools-for-stm32.13.3.rel1.win32_1.0.0.202411081344/tools/bin/../lib/gcc/arm-none-eabi/13.3.1/../../../../arm-none-eabi/lib/thumb/v7-m/nofp\libc_nano.a
LOAD C:/ST/STM32CubeIDE_1.19.0/STM32CubeIDE/plugins/com.st.stm32cube.ide.mcu.externaltools.gnu-tools-for-stm32.13.3.rel1.win32_1.0.0.202411081344/tools/bin/../lib/gcc/arm-none-eabi/13.3.1/../../../../arm-none-eabi/lib/thumb/v7-m/nofp\libnosys.a
END GROUP
START GROUP
LOAD C:/ST/STM32CubeIDE_1.19.0/STM32CubeIDE/plugins/com.st.stm32cube.ide.mcu.externaltools.gnu-tools-for-stm32.13.3.rel1.win32_1.0.0.202411081344/tools/bin/../lib/gcc/arm-none-eabi/13.3.1/thumb/v7-m/nofp\libgcc.a
LOAD C:/ST/STM32CubeIDE_1.19.0/STM32CubeIDE/plugins/com.st.stm32cube.ide.mcu.externaltools.gnu-tools-for-stm32.13.3.rel1.win32_1.0.0.202411081344/tools/bin/../lib/gcc/arm-none-eabi/13.3.1/../../../../arm-none-eabi/lib/thumb/v7-m/nofp\libc_nano.a
LOAD C:/ST/STM32CubeIDE_1.19.0/STM32CubeIDE/plugins/com.st.stm32cube.ide.mcu.externaltools.gnu-tools-for-stm32.13.3.rel1.win32_1.0.0.202411081344/tools/bin/../lib/gcc/arm-none-eabi/13.3.1/../../../../arm-none-eabi/lib/thumb/v7-m/nofp\libnosys.a
END GROUP
LOAD C:/ST/STM32CubeIDE_1.19.0/STM32CubeIDE/plugins/com.st.stm32cube.ide.mcu.externaltools.gnu-tools-for-stm32.13.3.rel1.win32_1.0.0.202411081344/tools/bin/../lib/gcc/arm-none-eabi/13.3.1/thumb/v7-m/nofp/crtend.o
LOAD C:/ST/STM32CubeIDE_1.19.0/STM32CubeIDE/plugins/com.st.stm32cube.ide.mcu.externaltools.gnu-tools-for-stm32.13.3.rel1.win32_1.0.0.202411081344/tools/bin/../lib/gcc/arm-none-eabi/13.3.1/thumb/v7-m/nofp/crtn.o
                0x20005000                        _estack = (ORIGIN (RAM) + LENGTH (RAM))
                0x00000200                        _Min_Heap_Size = 0x200
                0x00000400                        _Min_Stack_Size = 0x400

.isr_vector     0x08000000      0x10c
                0x08000000                        . = ALIGN (0x4)
 *(.isr_vector)
 .isr_vector    0x08000000      0x10c ./Core/Startup/startup_stm32f103c8tx.o
                0x08000000                g_pfnVectors
                0x0800010c                        . = ALIGN (0x4)

.text           0x0800010c     0x5030
                0x0800010c                        . = ALIGN (0x4)
 *(.text)
 .text          0x0800010c       0x40 C:/ST/STM32CubeIDE_1.19.0/STM32CubeIDE/plugins/com.st.stm32cube.ide.mcu.externaltools.gnu-tools-for-stm32.13.3.rel1.win32_1.0.0.202411081344/tools/bin/../lib/gcc/arm-none-eabi/13.3.1/thumb/v7-m/nofp/crtbegin.o
 *(.text*)
 .text.MX_CAN_Init
                0x0800014c       0x6c ./Core/Src/can.o
                0x0800014c                MX_CAN_Init
 .text.HAL_CAN_MspInit
                0x080001b8       0xa8 ./Core/Src/can.o
                0x080001b8                HAL_CAN_MspInit
 .text.MX_DMA_Init
                0x08000260       0x3c ./Core/Src/dma.o
                0x08000260                MX_DMA_Init
 .text.MX_GPIO_Init
                0x0800029c      0x14c ./Core/Src/gpio.o
                0x0800029c                MX_GPIO_Init
 .text.main     0x080003e8       0x4c ./Core/Src/main.o
                0x080003e8                main
 .text.SystemClock_Config
                0x08000434       0x8a ./Core/Src/main.o
                0x08000434                SystemClock_Config
 *fill*         0x080004be        0x2 
 .text.HAL_GPIO_EXTI_Callback
                0x080004c0       0x60 ./Core/Src/main.o
                0x080004c0                HAL_GPIO_EXTI_Callback
 .text.HAL_TIM_PeriodElapsedCallback
                0x08000520       0xb4 ./Core/Src/main.o
                0x08000520                HAL_TIM_PeriodElapsedCallback
 .text.HAL_UART_TxCpltCallback
                0x080005d4       0x12 ./Core/Src/main.o
                0x080005d4                HAL_UART_TxCpltCallback
 .text.HAL_CAN_RxFifo1MsgPendingCallback
                0x080005e6       0x10 ./Core/Src/main.o
                0x080005e6                HAL_CAN_RxFifo1MsgPendingCallback
 .text.Error_Handler
                0x080005f6        0xc ./Core/Src/main.o
                0x080005f6                Error_Handler
 *fill*         0x08000602        0x2 
 .text.MX_SPI1_Init
                0x08000604       0x6c ./Core/Src/spi.o
                0x08000604                MX_SPI1_Init
 .text.HAL_SPI_MspInit
                0x08000670       0x94 ./Core/Src/spi.o
                0x08000670                HAL_SPI_MspInit
 .text.HAL_MspInit
                0x08000704       0x64 ./Core/Src/stm32f1xx_hal_msp.o
                0x08000704                HAL_MspInit
 .text.NMI_Handler
                0x08000768        0x8 ./Core/Src/stm32f1xx_it.o
                0x08000768                NMI_Handler
 .text.HardFault_Handler
                0x08000770        0x8 ./Core/Src/stm32f1xx_it.o
                0x08000770                HardFault_Handler
 .text.MemManage_Handler
                0x08000778        0x8 ./Core/Src/stm32f1xx_it.o
                0x08000778                MemManage_Handler
 .text.BusFault_Handler
                0x08000780        0x8 ./Core/Src/stm32f1xx_it.o
                0x08000780                BusFault_Handler
 .text.UsageFault_Handler
                0x08000788        0x8 ./Core/Src/stm32f1xx_it.o
                0x08000788                UsageFault_Handler
 .text.SVC_Handler
                0x08000790        0xc ./Core/Src/stm32f1xx_it.o
                0x08000790                SVC_Handler
 .text.DebugMon_Handler
                0x0800079c        0xc ./Core/Src/stm32f1xx_it.o
                0x0800079c                DebugMon_Handler
 .text.PendSV_Handler
                0x080007a8        0xc ./Core/Src/stm32f1xx_it.o
                0x080007a8                PendSV_Handler
 .text.SysTick_Handler
                0x080007b4        0xc ./Core/Src/stm32f1xx_it.o
                0x080007b4                SysTick_Handler
 .text.EXTI1_IRQHandler
                0x080007c0        0xe ./Core/Src/stm32f1xx_it.o
                0x080007c0                EXTI1_IRQHandler
 *fill*         0x080007ce        0x2 
 .text.DMA1_Channel4_IRQHandler
                0x080007d0       0x14 ./Core/Src/stm32f1xx_it.o
                0x080007d0                DMA1_Channel4_IRQHandler
 .text.CAN1_RX1_IRQHandler
                0x080007e4       0x14 ./Core/Src/stm32f1xx_it.o
                0x080007e4                CAN1_RX1_IRQHandler
 .text.TIM1_UP_IRQHandler
                0x080007f8       0x14 ./Core/Src/stm32f1xx_it.o
                0x080007f8                TIM1_UP_IRQHandler
 .text.USART1_IRQHandler
                0x0800080c       0x14 ./Core/Src/stm32f1xx_it.o
                0x0800080c                USART1_IRQHandler
 .text.SystemInit
                0x08000820        0xc ./Core/Src/system_stm32f1xx.o
                0x08000820                SystemInit
 .text.MX_TIM1_Init
                0x0800082c       0xa0 ./Core/Src/tim.o
                0x0800082c                MX_TIM1_Init
 .text.HAL_TIM_Base_MspInit
                0x080008cc       0x4c ./Core/Src/tim.o
                0x080008cc                HAL_TIM_Base_MspInit
 .text.MX_USART1_UART_Init
                0x08000918       0x54 ./Core/Src/usart.o
                0x08000918                MX_USART1_UART_Init
 .text.HAL_UART_MspInit
                0x0800096c       0xfc ./Core/Src/usart.o
                0x0800096c                HAL_UART_MspInit
 .text.Reset_Handler
                0x08000a68       0x48 ./Core/Startup/startup_stm32f103c8tx.o
                0x08000a68                Reset_Handler
 .text.Default_Handler
                0x08000ab0        0x2 ./Core/Startup/startup_stm32f103c8tx.o
                0x08000ab0                RTC_Alarm_IRQHandler
                0x08000ab0                EXTI2_IRQHandler
                0x08000ab0                TIM1_CC_IRQHandler
                0x08000ab0                PVD_IRQHandler
                0x08000ab0                EXTI3_IRQHandler
                0x08000ab0                EXTI0_IRQHandler
                0x08000ab0                I2C2_EV_IRQHandler
                0x08000ab0                ADC1_2_IRQHandler
                0x08000ab0                SPI1_IRQHandler
                0x08000ab0                TAMPER_IRQHandler
                0x08000ab0                USART3_IRQHandler
                0x08000ab0                RTC_IRQHandler
                0x08000ab0                DMA1_Channel7_IRQHandler
                0x08000ab0                TIM4_IRQHandler
                0x08000ab0                I2C1_EV_IRQHandler
                0x08000ab0                DMA1_Channel6_IRQHandler
                0x08000ab0                TIM3_IRQHandler
                0x08000ab0                RCC_IRQHandler
                0x08000ab0                TIM1_TRG_COM_IRQHandler
                0x08000ab0                DMA1_Channel1_IRQHandler
                0x08000ab0                Default_Handler
                0x08000ab0                EXTI15_10_IRQHandler
                0x08000ab0                EXTI9_5_IRQHandler
                0x08000ab0                SPI2_IRQHandler
                0x08000ab0                DMA1_Channel5_IRQHandler
                0x08000ab0                EXTI4_IRQHandler
                0x08000ab0                USB_LP_CAN1_RX0_IRQHandler
                0x08000ab0                USB_HP_CAN1_TX_IRQHandler
                0x08000ab0                DMA1_Channel3_IRQHandler
                0x08000ab0                WWDG_IRQHandler
                0x08000ab0                TIM2_IRQHandler
                0x08000ab0                TIM1_BRK_IRQHandler
                0x08000ab0                USART2_IRQHandler
                0x08000ab0                I2C2_ER_IRQHandler
                0x08000ab0                DMA1_Channel2_IRQHandler
                0x08000ab0                CAN1_SCE_IRQHandler
                0x08000ab0                FLASH_IRQHandler
                0x08000ab0                I2C1_ER_IRQHandler
                0x08000ab0                USBWakeUp_IRQHandler
 *fill*         0x08000ab2        0x2 
 .text.HAL_Init
                0x08000ab4       0x2c ./Drivers/STM32F1xx_HAL_Driver/Src/stm32f1xx_hal.o
                0x08000ab4                HAL_Init
 .text.HAL_InitTick
                0x08000ae0       0x60 ./Drivers/STM32F1xx_HAL_Driver/Src/stm32f1xx_hal.o
                0x08000ae0                HAL_InitTick
 .text.HAL_IncTick
                0x08000b40       0x24 ./Drivers/STM32F1xx_HAL_Driver/Src/stm32f1xx_hal.o
                0x08000b40                HAL_IncTick
 .text.HAL_GetTick
                0x08000b64       0x14 ./Drivers/STM32F1xx_HAL_Driver/Src/stm32f1xx_hal.o
                0x08000b64                HAL_GetTick
 .text.HAL_Delay
                0x08000b78       0x48 ./Drivers/STM32F1xx_HAL_Driver/Src/stm32f1xx_hal.o
                0x08000b78                HAL_Delay
 .text.HAL_CAN_Init
                0x08000bc0      0x1f6 ./Drivers/STM32F1xx_HAL_Driver/Src/stm32f1xx_hal_can.o
                0x08000bc0                HAL_CAN_Init
 .text.HAL_CAN_IRQHandler
                0x08000db6      0x36e ./Drivers/STM32F1xx_HAL_Driver/Src/stm32f1xx_hal_can.o
                0x08000db6                HAL_CAN_IRQHandler
 .text.HAL_CAN_TxMailbox0CompleteCallback
                0x08001124       0x12 ./Drivers/STM32F1xx_HAL_Driver/Src/stm32f1xx_hal_can.o
                0x08001124                HAL_CAN_TxMailbox0CompleteCallback
 .text.HAL_CAN_TxMailbox1CompleteCallback
                0x08001136       0x12 ./Drivers/STM32F1xx_HAL_Driver/Src/stm32f1xx_hal_can.o
                0x08001136                HAL_CAN_TxMailbox1CompleteCallback
 .text.HAL_CAN_TxMailbox2CompleteCallback
                0x08001148       0x12 ./Drivers/STM32F1xx_HAL_Driver/Src/stm32f1xx_hal_can.o
                0x08001148                HAL_CAN_TxMailbox2CompleteCallback
 .text.HAL_CAN_TxMailbox0AbortCallback
                0x0800115a       0x12 ./Drivers/STM32F1xx_HAL_Driver/Src/stm32f1xx_hal_can.o
                0x0800115a                HAL_CAN_TxMailbox0AbortCallback
 .text.HAL_CAN_TxMailbox1AbortCallback
                0x0800116c       0x12 ./Drivers/STM32F1xx_HAL_Driver/Src/stm32f1xx_hal_can.o
                0x0800116c                HAL_CAN_TxMailbox1AbortCallback
 .text.HAL_CAN_TxMailbox2AbortCallback
                0x0800117e       0x12 ./Drivers/STM32F1xx_HAL_Driver/Src/stm32f1xx_hal_can.o
                0x0800117e                HAL_CAN_TxMailbox2AbortCallback
 .text.HAL_CAN_RxFifo0MsgPendingCallback
                0x08001190       0x12 ./Drivers/STM32F1xx_HAL_Driver/Src/stm32f1xx_hal_can.o
                0x08001190                HAL_CAN_RxFifo0MsgPendingCallback
 .text.HAL_CAN_RxFifo0FullCallback
                0x080011a2       0x12 ./Drivers/STM32F1xx_HAL_Driver/Src/stm32f1xx_hal_can.o
                0x080011a2                HAL_CAN_RxFifo0FullCallback
 .text.HAL_CAN_RxFifo1FullCallback
                0x080011b4       0x12 ./Drivers/STM32F1xx_HAL_Driver/Src/stm32f1xx_hal_can.o
                0x080011b4                HAL_CAN_RxFifo1FullCallback
 .text.HAL_CAN_SleepCallback
                0x080011c6       0x12 ./Drivers/STM32F1xx_HAL_Driver/Src/stm32f1xx_hal_can.o
                0x080011c6                HAL_CAN_SleepCallback
 .text.HAL_CAN_WakeUpFromRxMsgCallback
                0x080011d8       0x12 ./Drivers/STM32F1xx_HAL_Driver/Src/stm32f1xx_hal_can.o
                0x080011d8                HAL_CAN_WakeUpFromRxMsgCallback
 .text.HAL_CAN_ErrorCallback
                0x080011ea       0x12 ./Drivers/STM32F1xx_HAL_Driver/Src/stm32f1xx_hal_can.o
                0x080011ea                HAL_CAN_ErrorCallback
 .text.__NVIC_SetPriorityGrouping
                0x080011fc       0x48 ./Drivers/STM32F1xx_HAL_Driver/Src/stm32f1xx_hal_cortex.o
 .text.__NVIC_GetPriorityGrouping
                0x08001244       0x1c ./Drivers/STM32F1xx_HAL_Driver/Src/stm32f1xx_hal_cortex.o
 .text.__NVIC_EnableIRQ
                0x08001260       0x38 ./Drivers/STM32F1xx_HAL_Driver/Src/stm32f1xx_hal_cortex.o
 .text.__NVIC_SetPriority
                0x08001298       0x54 ./Drivers/STM32F1xx_HAL_Driver/Src/stm32f1xx_hal_cortex.o
 .text.NVIC_EncodePriority
                0x080012ec       0x64 ./Drivers/STM32F1xx_HAL_Driver/Src/stm32f1xx_hal_cortex.o
 .text.SysTick_Config
                0x08001350       0x44 ./Drivers/STM32F1xx_HAL_Driver/Src/stm32f1xx_hal_cortex.o
 .text.HAL_NVIC_SetPriorityGrouping
                0x08001394       0x16 ./Drivers/STM32F1xx_HAL_Driver/Src/stm32f1xx_hal_cortex.o
                0x08001394                HAL_NVIC_SetPriorityGrouping
 .text.HAL_NVIC_SetPriority
                0x080013aa       0x38 ./Drivers/STM32F1xx_HAL_Driver/Src/stm32f1xx_hal_cortex.o
                0x080013aa                HAL_NVIC_SetPriority
 .text.HAL_NVIC_EnableIRQ
                0x080013e2       0x1c ./Drivers/STM32F1xx_HAL_Driver/Src/stm32f1xx_hal_cortex.o
                0x080013e2                HAL_NVIC_EnableIRQ
 .text.HAL_SYSTICK_Config
                0x080013fe       0x18 ./Drivers/STM32F1xx_HAL_Driver/Src/stm32f1xx_hal_cortex.o
                0x080013fe                HAL_SYSTICK_Config
 *fill*         0x08001416        0x2 
 .text.HAL_DMA_Init
                0x08001418       0xb4 ./Drivers/STM32F1xx_HAL_Driver/Src/stm32f1xx_hal_dma.o
                0x08001418                HAL_DMA_Init
 .text.HAL_DMA_Start_IT
                0x080014cc       0xc0 ./Drivers/STM32F1xx_HAL_Driver/Src/stm32f1xx_hal_dma.o
                0x080014cc                HAL_DMA_Start_IT
 .text.HAL_DMA_Abort
                0x0800158c       0x76 ./Drivers/STM32F1xx_HAL_Driver/Src/stm32f1xx_hal_dma.o
                0x0800158c                HAL_DMA_Abort
 *fill*         0x08001602        0x2 
 .text.HAL_DMA_Abort_IT
                0x08001604       0xf0 ./Drivers/STM32F1xx_HAL_Driver/Src/stm32f1xx_hal_dma.o
                0x08001604                HAL_DMA_Abort_IT
 .text.HAL_DMA_IRQHandler
                0x080016f4      0x20c ./Drivers/STM32F1xx_HAL_Driver/Src/stm32f1xx_hal_dma.o
                0x080016f4                HAL_DMA_IRQHandler
 .text.DMA_SetConfig
                0x08001900       0x5a ./Drivers/STM32F1xx_HAL_Driver/Src/stm32f1xx_hal_dma.o
 *fill*         0x0800195a        0x2 
 .text.HAL_GPIO_Init
                0x0800195c      0x308 ./Drivers/STM32F1xx_HAL_Driver/Src/stm32f1xx_hal_gpio.o
                0x0800195c                HAL_GPIO_Init
 .text.HAL_GPIO_ReadPin
                0x08001c64       0x2e ./Drivers/STM32F1xx_HAL_Driver/Src/stm32f1xx_hal_gpio.o
                0x08001c64                HAL_GPIO_ReadPin
 .text.HAL_GPIO_WritePin
                0x08001c92       0x30 ./Drivers/STM32F1xx_HAL_Driver/Src/stm32f1xx_hal_gpio.o
                0x08001c92                HAL_GPIO_WritePin
 .text.HAL_GPIO_TogglePin
                0x08001cc2       0x32 ./Drivers/STM32F1xx_HAL_Driver/Src/stm32f1xx_hal_gpio.o
                0x08001cc2                HAL_GPIO_TogglePin
 .text.HAL_GPIO_EXTI_IRQHandler
                0x08001cf4       0x30 ./Drivers/STM32F1xx_HAL_Driver/Src/stm32f1xx_hal_gpio.o
                0x08001cf4                HAL_GPIO_EXTI_IRQHandler
 .text.HAL_RCC_OscConfig
                0x08001d24      0x504 ./Drivers/STM32F1xx_HAL_Driver/Src/stm32f1xx_hal_rcc.o
                0x08001d24                HAL_RCC_OscConfig
 .text.HAL_RCC_ClockConfig
                0x08002228      0x1d4 ./Drivers/STM32F1xx_HAL_Driver/Src/stm32f1xx_hal_rcc.o
                0x08002228                HAL_RCC_ClockConfig
 .text.HAL_RCC_GetSysClockFreq
                0x080023fc       0xa8 ./Drivers/STM32F1xx_HAL_Driver/Src/stm32f1xx_hal_rcc.o
                0x080023fc                HAL_RCC_GetSysClockFreq
 .text.HAL_RCC_GetHCLKFreq
                0x080024a4       0x14 ./Drivers/STM32F1xx_HAL_Driver/Src/stm32f1xx_hal_rcc.o
                0x080024a4                HAL_RCC_GetHCLKFreq
 .text.HAL_RCC_GetPCLK1Freq
                0x080024b8       0x28 ./Drivers/STM32F1xx_HAL_Driver/Src/stm32f1xx_hal_rcc.o
                0x080024b8                HAL_RCC_GetPCLK1Freq
 .text.HAL_RCC_GetPCLK2Freq
                0x080024e0       0x28 ./Drivers/STM32F1xx_HAL_Driver/Src/stm32f1xx_hal_rcc.o
                0x080024e0                HAL_RCC_GetPCLK2Freq
 .text.RCC_Delay
                0x08002508       0x3c ./Drivers/STM32F1xx_HAL_Driver/Src/stm32f1xx_hal_rcc.o
 .text.HAL_SPI_Init
                0x08002544      0x108 ./Drivers/STM32F1xx_HAL_Driver/Src/stm32f1xx_hal_spi.o
                0x08002544                HAL_SPI_Init
 .text.HAL_SPI_Transmit
                0x0800264c      0x288 ./Drivers/STM32F1xx_HAL_Driver/Src/stm32f1xx_hal_spi.o
                0x0800264c                HAL_SPI_Transmit
 .text.HAL_SPI_TransmitReceive
                0x080028d4      0x352 ./Drivers/STM32F1xx_HAL_Driver/Src/stm32f1xx_hal_spi.o
                0x080028d4                HAL_SPI_TransmitReceive
 *fill*         0x08002c26        0x2 
 .text.SPI_WaitFlagStateUntilTimeout
                0x08002c28      0x110 ./Drivers/STM32F1xx_HAL_Driver/Src/stm32f1xx_hal_spi.o
 .text.SPI_EndRxTxTransaction
                0x08002d38       0x62 ./Drivers/STM32F1xx_HAL_Driver/Src/stm32f1xx_hal_spi.o
 .text.HAL_TIM_Base_Init
                0x08002d9a       0x9e ./Drivers/STM32F1xx_HAL_Driver/Src/stm32f1xx_hal_tim.o
                0x08002d9a                HAL_TIM_Base_Init
 .text.HAL_TIM_Base_Start_IT
                0x08002e38       0xa4 ./Drivers/STM32F1xx_HAL_Driver/Src/stm32f1xx_hal_tim.o
                0x08002e38                HAL_TIM_Base_Start_IT
 .text.HAL_TIM_IRQHandler
                0x08002edc      0x1e0 ./Drivers/STM32F1xx_HAL_Driver/Src/stm32f1xx_hal_tim.o
                0x08002edc                HAL_TIM_IRQHandler
 .text.HAL_TIM_ConfigClockSource
                0x080030bc      0x18e ./Drivers/STM32F1xx_HAL_Driver/Src/stm32f1xx_hal_tim.o
                0x080030bc                HAL_TIM_ConfigClockSource
 .text.HAL_TIM_OC_DelayElapsedCallback
                0x0800324a       0x12 ./Drivers/STM32F1xx_HAL_Driver/Src/stm32f1xx_hal_tim.o
                0x0800324a                HAL_TIM_OC_DelayElapsedCallback
 .text.HAL_TIM_IC_CaptureCallback
                0x0800325c       0x12 ./Drivers/STM32F1xx_HAL_Driver/Src/stm32f1xx_hal_tim.o
                0x0800325c                HAL_TIM_IC_CaptureCallback
 .text.HAL_TIM_PWM_PulseFinishedCallback
                0x0800326e       0x12 ./Drivers/STM32F1xx_HAL_Driver/Src/stm32f1xx_hal_tim.o
                0x0800326e                HAL_TIM_PWM_PulseFinishedCallback
 .text.HAL_TIM_TriggerCallback
                0x08003280       0x12 ./Drivers/STM32F1xx_HAL_Driver/Src/stm32f1xx_hal_tim.o
                0x08003280                HAL_TIM_TriggerCallback
 *fill*         0x08003292        0x2 
 .text.TIM_Base_SetConfig
                0x08003294       0xdc ./Drivers/STM32F1xx_HAL_Driver/Src/stm32f1xx_hal_tim.o
                0x08003294                TIM_Base_SetConfig
 .text.TIM_TI1_ConfigInputStage
                0x08003370       0x5c ./Drivers/STM32F1xx_HAL_Driver/Src/stm32f1xx_hal_tim.o
 .text.TIM_TI2_ConfigInputStage
                0x080033cc       0x5e ./Drivers/STM32F1xx_HAL_Driver/Src/stm32f1xx_hal_tim.o
 .text.TIM_ITRx_SetConfig
                0x0800342a       0x34 ./Drivers/STM32F1xx_HAL_Driver/Src/stm32f1xx_hal_tim.o
 .text.TIM_ETR_SetConfig
                0x0800345e       0x3e ./Drivers/STM32F1xx_HAL_Driver/Src/stm32f1xx_hal_tim.o
                0x0800345e                TIM_ETR_SetConfig
 .text.HAL_TIMEx_MasterConfigSynchronization
                0x0800349c       0xbc ./Drivers/STM32F1xx_HAL_Driver/Src/stm32f1xx_hal_tim_ex.o
                0x0800349c                HAL_TIMEx_MasterConfigSynchronization
 .text.HAL_TIMEx_CommutCallback
                0x08003558       0x12 ./Drivers/STM32F1xx_HAL_Driver/Src/stm32f1xx_hal_tim_ex.o
                0x08003558                HAL_TIMEx_CommutCallback
 .text.HAL_TIMEx_BreakCallback
                0x0800356a       0x12 ./Drivers/STM32F1xx_HAL_Driver/Src/stm32f1xx_hal_tim_ex.o
                0x0800356a                HAL_TIMEx_BreakCallback
 .text.HAL_UART_Init
                0x0800357c       0xa0 ./Drivers/STM32F1xx_HAL_Driver/Src/stm32f1xx_hal_uart.o
                0x0800357c                HAL_UART_Init
 .text.HAL_UART_Transmit_DMA
                0x0800361c       0xe0 ./Drivers/STM32F1xx_HAL_Driver/Src/stm32f1xx_hal_uart.o
                0x0800361c                HAL_UART_Transmit_DMA
 .text.HAL_UART_IRQHandler
                0x080036fc      0x524 ./Drivers/STM32F1xx_HAL_Driver/Src/stm32f1xx_hal_uart.o
                0x080036fc                HAL_UART_IRQHandler
 .text.HAL_UART_TxHalfCpltCallback
                0x08003c20       0x12 ./Drivers/STM32F1xx_HAL_Driver/Src/stm32f1xx_hal_uart.o
                0x08003c20                HAL_UART_TxHalfCpltCallback
 .text.HAL_UART_RxCpltCallback
                0x08003c32       0x12 ./Drivers/STM32F1xx_HAL_Driver/Src/stm32f1xx_hal_uart.o
                0x08003c32                HAL_UART_RxCpltCallback
 .text.HAL_UART_ErrorCallback
                0x08003c44       0x12 ./Drivers/STM32F1xx_HAL_Driver/Src/stm32f1xx_hal_uart.o
                0x08003c44                HAL_UART_ErrorCallback
 .text.HAL_UARTEx_RxEventCallback
                0x08003c56       0x16 ./Drivers/STM32F1xx_HAL_Driver/Src/stm32f1xx_hal_uart.o
                0x08003c56                HAL_UARTEx_RxEventCallback
 .text.UART_DMATransmitCplt
                0x08003c6c       0x9a ./Drivers/STM32F1xx_HAL_Driver/Src/stm32f1xx_hal_uart.o
 .text.UART_DMATxHalfCplt
                0x08003d06       0x1c ./Drivers/STM32F1xx_HAL_Driver/Src/stm32f1xx_hal_uart.o
 .text.UART_DMAError
                0x08003d22       0x94 ./Drivers/STM32F1xx_HAL_Driver/Src/stm32f1xx_hal_uart.o
 .text.UART_EndTxTransfer
                0x08003db6       0x4e ./Drivers/STM32F1xx_HAL_Driver/Src/stm32f1xx_hal_uart.o
 .text.UART_EndRxTransfer
                0x08003e04       0xc4 ./Drivers/STM32F1xx_HAL_Driver/Src/stm32f1xx_hal_uart.o
 .text.UART_DMAAbortOnError
                0x08003ec8       0x28 ./Drivers/STM32F1xx_HAL_Driver/Src/stm32f1xx_hal_uart.o
 .text.UART_Transmit_IT
                0x08003ef0       0x9e ./Drivers/STM32F1xx_HAL_Driver/Src/stm32f1xx_hal_uart.o
 .text.UART_EndTransmit_IT
                0x08003f8e       0x30 ./Drivers/STM32F1xx_HAL_Driver/Src/stm32f1xx_hal_uart.o
 .text.UART_Receive_IT
                0x08003fbe      0x17c ./Drivers/STM32F1xx_HAL_Driver/Src/stm32f1xx_hal_uart.o
 *fill*         0x0800413a        0x2 
 .text.UART_SetConfig
                0x0800413c      0x11c ./Drivers/STM32F1xx_HAL_Driver/Src/stm32f1xx_hal_uart.o
 .text.llcc68_set_standby
                0x08004258       0x30 ./User/Src/llcc68.o
                0x08004258                llcc68_set_standby
 .text.llcc68_set_tx
                0x08004288       0x30 ./User/Src/llcc68.o
                0x08004288                llcc68_set_tx
 .text.llcc68_set_tx_with_timeout_in_rtc_step
                0x080042b8       0x40 ./User/Src/llcc68.o
                0x080042b8                llcc68_set_tx_with_timeout_in_rtc_step
 .text.llcc68_set_rx
                0x080042f8       0x30 ./User/Src/llcc68.o
                0x080042f8                llcc68_set_rx
 .text.llcc68_set_rx_with_timeout_in_rtc_step
                0x08004328       0x40 ./User/Src/llcc68.o
                0x08004328                llcc68_set_rx_with_timeout_in_rtc_step
 .text.llcc68_set_pa_cfg
                0x08004368       0x42 ./User/Src/llcc68.o
                0x08004368                llcc68_set_pa_cfg
 .text.llcc68_write_register
                0x080043aa       0x46 ./User/Src/llcc68.o
                0x080043aa                llcc68_write_register
 .text.llcc68_read_register
                0x080043f0       0x4a ./User/Src/llcc68.o
                0x080043f0                llcc68_read_register
 .text.llcc68_read_buffer
                0x0800443a       0x3e ./User/Src/llcc68.o
                0x0800443a                llcc68_read_buffer
 .text.llcc68_set_dio_irq_params
                0x08004478       0x7a ./User/Src/llcc68.o
                0x08004478                llcc68_set_dio_irq_params
 .text.llcc68_get_irq_status
                0x080044f2       0x4a ./User/Src/llcc68.o
                0x080044f2                llcc68_get_irq_status
 .text.llcc68_clear_irq_status
                0x0800453c       0x3c ./User/Src/llcc68.o
                0x0800453c                llcc68_clear_irq_status
 .text.llcc68_set_rf_freq
                0x08004578       0x24 ./User/Src/llcc68.o
                0x08004578                llcc68_set_rf_freq
 .text.llcc68_set_rf_freq_in_pll_steps
                0x0800459c       0x48 ./User/Src/llcc68.o
                0x0800459c                llcc68_set_rf_freq_in_pll_steps
 .text.llcc68_set_pkt_type
                0x080045e4       0x30 ./User/Src/llcc68.o
                0x080045e4                llcc68_set_pkt_type
 .text.llcc68_set_tx_params
                0x08004614       0x38 ./User/Src/llcc68.o
                0x08004614                llcc68_set_tx_params
 .text.llcc68_set_lora_mod_params
                0x0800464c       0x92 ./User/Src/llcc68.o
                0x0800464c                llcc68_set_lora_mod_params
 .text.llcc68_set_lora_pkt_params
                0x080046de       0xc4 ./User/Src/llcc68.o
                0x080046de                llcc68_set_lora_pkt_params
 .text.llcc68_set_buffer_base_address
                0x080047a2       0x38 ./User/Src/llcc68.o
                0x080047a2                llcc68_set_buffer_base_address
 .text.llcc68_get_status
                0x080047da       0x56 ./User/Src/llcc68.o
                0x080047da                llcc68_get_status
 .text.llcc68_get_rx_buffer_status
                0x08004830       0x46 ./User/Src/llcc68.o
                0x08004830                llcc68_get_rx_buffer_status
 .text.llcc68_reset
                0x08004876       0x18 ./User/Src/llcc68.o
                0x08004876                llcc68_reset
 *fill*         0x0800488e        0x2 
 .text.llcc68_convert_freq_in_hz_to_pll_step
                0x08004890       0x4c ./User/Src/llcc68.o
                0x08004890                llcc68_convert_freq_in_hz_to_pll_step
 .text.llcc68_convert_timeout_in_ms_to_rtc_step
                0x080048dc       0x16 ./User/Src/llcc68.o
                0x080048dc                llcc68_convert_timeout_in_ms_to_rtc_step
 .text.llcc68_tx_modulation_workaround
                0x080048f2       0x7a ./User/Src/llcc68.o
 .text.LLCC68_Init
                0x0800496c      0x290 ./User/Src/llcc68_app.o
                0x0800496c                LLCC68_Init
 .text.LLCC68_Receive
                0x08004bfc       0x2c ./User/Src/llcc68_app.o
                0x08004bfc                LLCC68_Receive
 .text.LLCC68_Wait_Busy
                0x08004c28        0xc ./User/Src/llcc68_app.o
                0x08004c28                LLCC68_Wait_Busy
 .text.LLCC68_TransmitCallback
                0x08004c34        0xc ./User/Src/llcc68_app.o
                0x08004c34                LLCC68_TransmitCallback
 .text.LLCC68_ReceiveCallback
                0x08004c40       0x1e ./User/Src/llcc68_app.o
                0x08004c40                LLCC68_ReceiveCallback
 *fill*         0x08004c5e        0x2 
 .text.Driver_Wait_Busy
                0x08004c60       0x20 ./User/Src/llcc68_app.o
                0x08004c60                Driver_Wait_Busy
 .text.Driver_TransmitCallback
                0x08004c80       0x2c ./User/Src/llcc68_app.o
                0x08004c80                Driver_TransmitCallback
 .text.Driver_ReceiveCallback
                0x08004cac       0xd4 ./User/Src/llcc68_app.o
                0x08004cac                Driver_ReceiveCallback
 .text.llcc68_hal_write
                0x08004d80      0x128 ./User/Src/llcc68_hal.o
                0x08004d80                llcc68_hal_write
 .text.llcc68_hal_read
                0x08004ea8      0x1d4 ./User/Src/llcc68_hal.o
                0x08004ea8                llcc68_hal_read
 .text.llcc68_hal_reset
                0x0800507c       0x2c ./User/Src/llcc68_hal.o
                0x0800507c                llcc68_hal_reset
 .text.memset   0x080050a8       0x10 C:/ST/STM32CubeIDE_1.19.0/STM32CubeIDE/plugins/com.st.stm32cube.ide.mcu.externaltools.gnu-tools-for-stm32.13.3.rel1.win32_1.0.0.202411081344/tools/bin/../lib/gcc/arm-none-eabi/13.3.1/../../../../arm-none-eabi/lib/thumb/v7-m/nofp\libc_nano.a(libc_a-memset.o)
                0x080050a8                memset
 .text.strncmp  0x080050b8       0x24 C:/ST/STM32CubeIDE_1.19.0/STM32CubeIDE/plugins/com.st.stm32cube.ide.mcu.externaltools.gnu-tools-for-stm32.13.3.rel1.win32_1.0.0.202411081344/tools/bin/../lib/gcc/arm-none-eabi/13.3.1/../../../../arm-none-eabi/lib/thumb/v7-m/nofp\libc_nano.a(libc_a-strncmp.o)
                0x080050b8                strncmp
 .text.__libc_init_array
                0x080050dc       0x48 C:/ST/STM32CubeIDE_1.19.0/STM32CubeIDE/plugins/com.st.stm32cube.ide.mcu.externaltools.gnu-tools-for-stm32.13.3.rel1.win32_1.0.0.202411081344/tools/bin/../lib/gcc/arm-none-eabi/13.3.1/../../../../arm-none-eabi/lib/thumb/v7-m/nofp\libc_nano.a(libc_a-init.o)
                0x080050dc                __libc_init_array
 *(.glue_7)
 .glue_7        0x08005124        0x0 linker stubs
 *(.glue_7t)
 .glue_7t       0x08005124        0x0 linker stubs
 *(.eh_frame)
 .eh_frame      0x08005124        0x0 C:/ST/STM32CubeIDE_1.19.0/STM32CubeIDE/plugins/com.st.stm32cube.ide.mcu.externaltools.gnu-tools-for-stm32.13.3.rel1.win32_1.0.0.202411081344/tools/bin/../lib/gcc/arm-none-eabi/13.3.1/thumb/v7-m/nofp/crtbegin.o
 *(.init)
 .init          0x08005124        0x4 C:/ST/STM32CubeIDE_1.19.0/STM32CubeIDE/plugins/com.st.stm32cube.ide.mcu.externaltools.gnu-tools-for-stm32.13.3.rel1.win32_1.0.0.202411081344/tools/bin/../lib/gcc/arm-none-eabi/13.3.1/thumb/v7-m/nofp/crti.o
                0x08005124                _init
 .init          0x08005128        0x8 C:/ST/STM32CubeIDE_1.19.0/STM32CubeIDE/plugins/com.st.stm32cube.ide.mcu.externaltools.gnu-tools-for-stm32.13.3.rel1.win32_1.0.0.202411081344/tools/bin/../lib/gcc/arm-none-eabi/13.3.1/thumb/v7-m/nofp/crtn.o
 *(.fini)
 .fini          0x08005130        0x4 C:/ST/STM32CubeIDE_1.19.0/STM32CubeIDE/plugins/com.st.stm32cube.ide.mcu.externaltools.gnu-tools-for-stm32.13.3.rel1.win32_1.0.0.202411081344/tools/bin/../lib/gcc/arm-none-eabi/13.3.1/thumb/v7-m/nofp/crti.o
                0x08005130                _fini
 .fini          0x08005134        0x8 C:/ST/STM32CubeIDE_1.19.0/STM32CubeIDE/plugins/com.st.stm32cube.ide.mcu.externaltools.gnu-tools-for-stm32.13.3.rel1.win32_1.0.0.202411081344/tools/bin/../lib/gcc/arm-none-eabi/13.3.1/thumb/v7-m/nofp/crtn.o
                0x0800513c                        . = ALIGN (0x4)
                0x0800513c                        _etext = .

.vfp11_veneer   0x0800513c        0x0
 .vfp11_veneer  0x0800513c        0x0 linker stubs

.v4_bx          0x0800513c        0x0
 .v4_bx         0x0800513c        0x0 linker stubs

.iplt           0x0800513c        0x0
 .iplt          0x0800513c        0x0 C:/ST/STM32CubeIDE_1.19.0/STM32CubeIDE/plugins/com.st.stm32cube.ide.mcu.externaltools.gnu-tools-for-stm32.13.3.rel1.win32_1.0.0.202411081344/tools/bin/../lib/gcc/arm-none-eabi/13.3.1/thumb/v7-m/nofp/crtbegin.o

.rodata         0x0800513c       0x58
                0x0800513c                        . = ALIGN (0x4)
 *(.rodata)
 .rodata        0x0800513c       0x2c ./User/Src/llcc68_app.o
 *(.rodata*)
 .rodata.AHBPrescTable
                0x08005168       0x10 ./Core/Src/system_stm32f1xx.o
                0x08005168                AHBPrescTable
 .rodata.APBPrescTable
                0x08005178        0x8 ./Core/Src/system_stm32f1xx.o
                0x08005178                APBPrescTable
 .rodata.aPLLMULFactorTable.1
                0x08005180       0x10 ./Drivers/STM32F1xx_HAL_Driver/Src/stm32f1xx_hal_rcc.o
 .rodata.aPredivFactorTable.0
                0x08005190        0x2 ./Drivers/STM32F1xx_HAL_Driver/Src/stm32f1xx_hal_rcc.o
                0x08005194                        . = ALIGN (0x4)
 *fill*         0x08005192        0x2 

.ARM.extab      0x08005194        0x0
                0x08005194                        . = ALIGN (0x4)
 *(.ARM.extab* .gnu.linkonce.armextab.*)
                0x08005194                        . = ALIGN (0x4)

.ARM            0x08005194        0x0
                0x08005194                        . = ALIGN (0x4)
                0x08005194                        __exidx_start = .
 *(.ARM.exidx*)
                0x08005194                        __exidx_end = .
                0x08005194                        . = ALIGN (0x4)

.preinit_array  0x08005194        0x0
                0x08005194                        . = ALIGN (0x4)
                0x08005194                        PROVIDE (__preinit_array_start = .)
 *(.preinit_array*)
                0x08005194                        PROVIDE (__preinit_array_end = .)
                0x08005194                        . = ALIGN (0x4)

.init_array     0x08005194        0x4
                0x08005194                        . = ALIGN (0x4)
                0x08005194                        PROVIDE (__init_array_start = .)
 *(SORT_BY_NAME(.init_array.*))
 *(.init_array*)
 .init_array    0x08005194        0x4 C:/ST/STM32CubeIDE_1.19.0/STM32CubeIDE/plugins/com.st.stm32cube.ide.mcu.externaltools.gnu-tools-for-stm32.13.3.rel1.win32_1.0.0.202411081344/tools/bin/../lib/gcc/arm-none-eabi/13.3.1/thumb/v7-m/nofp/crtbegin.o
                0x08005198                        PROVIDE (__init_array_end = .)
                0x08005198                        . = ALIGN (0x4)

.fini_array     0x08005198        0x4
                0x08005198                        . = ALIGN (0x4)
                [!provide]                        PROVIDE (__fini_array_start = .)
 *(SORT_BY_NAME(.fini_array.*))
 *(.fini_array*)
 .fini_array    0x08005198        0x4 C:/ST/STM32CubeIDE_1.19.0/STM32CubeIDE/plugins/com.st.stm32cube.ide.mcu.externaltools.gnu-tools-for-stm32.13.3.rel1.win32_1.0.0.202411081344/tools/bin/../lib/gcc/arm-none-eabi/13.3.1/thumb/v7-m/nofp/crtbegin.o
                [!provide]                        PROVIDE (__fini_array_end = .)
                0x0800519c                        . = ALIGN (0x4)
                0x0800519c                        _sidata = LOADADDR (.data)

.rel.dyn        0x0800519c        0x0
 .rel.iplt      0x0800519c        0x0 C:/ST/STM32CubeIDE_1.19.0/STM32CubeIDE/plugins/com.st.stm32cube.ide.mcu.externaltools.gnu-tools-for-stm32.13.3.rel1.win32_1.0.0.202411081344/tools/bin/../lib/gcc/arm-none-eabi/13.3.1/thumb/v7-m/nofp/crtbegin.o

.data           0x20000000       0x14 load address 0x0800519c
                0x20000000                        . = ALIGN (0x4)
                0x20000000                        _sdata = .
 *(.data)
 *(.data*)
 .data.SystemCoreClock
                0x20000000        0x4 ./Core/Src/system_stm32f1xx.o
                0x20000000                SystemCoreClock
 .data.uwTickPrio
                0x20000004        0x4 ./Drivers/STM32F1xx_HAL_Driver/Src/stm32f1xx_hal.o
                0x20000004                uwTickPrio
 .data.uwTickFreq
                0x20000008        0x1 ./Drivers/STM32F1xx_HAL_Driver/Src/stm32f1xx_hal.o
                0x20000008                uwTickFreq
 *fill*         0x20000009        0x3 
 .data.pkt_params
                0x2000000c        0x6 ./User/Src/llcc68_app.o
                0x2000000c                pkt_params
 *(.RamFunc)
 *(.RamFunc*)
                0x20000014                        . = ALIGN (0x4)
 *fill*         0x20000012        0x2 
                0x20000014                        _edata = .

.igot.plt       0x20000014        0x0 load address 0x080051b0
 .igot.plt      0x20000014        0x0 C:/ST/STM32CubeIDE_1.19.0/STM32CubeIDE/plugins/com.st.stm32cube.ide.mcu.externaltools.gnu-tools-for-stm32.13.3.rel1.win32_1.0.0.202411081344/tools/bin/../lib/gcc/arm-none-eabi/13.3.1/thumb/v7-m/nofp/crtbegin.o
                0x20000014                        . = ALIGN (0x4)

.bss            0x20000014      0x210 load address 0x080051b0
                0x20000014                        _sbss = .
                0x20000014                        __bss_start__ = _sbss
 *(.bss)
 .bss           0x20000014       0x1c C:/ST/STM32CubeIDE_1.19.0/STM32CubeIDE/plugins/com.st.stm32cube.ide.mcu.externaltools.gnu-tools-for-stm32.13.3.rel1.win32_1.0.0.202411081344/tools/bin/../lib/gcc/arm-none-eabi/13.3.1/thumb/v7-m/nofp/crtbegin.o
 *(.bss*)
 .bss.hcan      0x20000030       0x28 ./Core/Src/can.o
                0x20000030                hcan
 .bss.llcc68_rx_buffer
                0x20000058       0x80 ./Core/Src/main.o
                0x20000058                llcc68_rx_buffer
 .bss.tick      0x200000d8        0x4 ./Core/Src/main.o
                0x200000d8                tick
 .bss.pb12_tick
                0x200000dc        0x4 ./Core/Src/main.o
                0x200000dc                pb12_tick
 .bss.pb13_tick
                0x200000e0        0x4 ./Core/Src/main.o
                0x200000e0                pb13_tick
 .bss.pb14_tick
                0x200000e4        0x4 ./Core/Src/main.o
                0x200000e4                pb14_tick
 .bss.hspi1     0x200000e8       0x58 ./Core/Src/spi.o
                0x200000e8                hspi1
 .bss.htim1     0x20000140       0x48 ./Core/Src/tim.o
                0x20000140                htim1
 .bss.huart1    0x20000188       0x48 ./Core/Src/usart.o
                0x20000188                huart1
 .bss.hdma_usart1_tx
                0x200001d0       0x44 ./Core/Src/usart.o
                0x200001d0                hdma_usart1_tx
 .bss.uwTick    0x20000214        0x4 ./Drivers/STM32F1xx_HAL_Driver/Src/stm32f1xx_hal.o
                0x20000214                uwTick
 .bss.chip_status
                0x20000218        0x2 ./User/Src/llcc68_app.o
                0x20000218                chip_status
 *fill*         0x2000021a        0x2 
 .bss.tx_base_address
                0x2000021c        0x4 ./User/Src/llcc68_app.o
                0x2000021c                tx_base_address
 .bss.rx_base_address
                0x20000220        0x4 ./User/Src/llcc68_app.o
                0x20000220                rx_base_address
 *(COMMON)
                0x20000224                        . = ALIGN (0x4)
                0x20000224                        _ebss = .
                0x20000224                        __bss_end__ = _ebss

._user_heap_stack
                0x20000224      0x604 load address 0x080051b0
                0x20000228                        . = ALIGN (0x8)
 *fill*         0x20000224        0x4 
                [!provide]                        PROVIDE (end = .)
                0x20000228                        PROVIDE (_end = .)
                0x20000428                        . = (. + _Min_Heap_Size)
 *fill*         0x20000228      0x200 
                0x20000828                        . = (. + _Min_Stack_Size)
 *fill*         0x20000428      0x400 
                0x20000828                        . = ALIGN (0x8)

/DISCARD/
 libc.a(*)
 libm.a(*)
 libgcc.a(*)

.ARM.attributes
                0x00000000       0x29
 *(.ARM.attributes)
 .ARM.attributes
                0x00000000       0x1d C:/ST/STM32CubeIDE_1.19.0/STM32CubeIDE/plugins/com.st.stm32cube.ide.mcu.externaltools.gnu-tools-for-stm32.13.3.rel1.win32_1.0.0.202411081344/tools/bin/../lib/gcc/arm-none-eabi/13.3.1/thumb/v7-m/nofp/crti.o
 .ARM.attributes
                0x0000001d       0x2d C:/ST/STM32CubeIDE_1.19.0/STM32CubeIDE/plugins/com.st.stm32cube.ide.mcu.externaltools.gnu-tools-for-stm32.13.3.rel1.win32_1.0.0.202411081344/tools/bin/../lib/gcc/arm-none-eabi/13.3.1/thumb/v7-m/nofp/crtbegin.o
 .ARM.attributes
                0x0000004a       0x2d ./Core/Src/can.o
 .ARM.attributes
                0x00000077       0x2d ./Core/Src/dma.o
 .ARM.attributes
                0x000000a4       0x2d ./Core/Src/gpio.o
 .ARM.attributes
                0x000000d1       0x2d ./Core/Src/main.o
 .ARM.attributes
                0x000000fe       0x2d ./Core/Src/spi.o
 .ARM.attributes
                0x0000012b       0x2d ./Core/Src/stm32f1xx_hal_msp.o
 .ARM.attributes
                0x00000158       0x2d ./Core/Src/stm32f1xx_it.o
 .ARM.attributes
                0x00000185       0x2d ./Core/Src/system_stm32f1xx.o
 .ARM.attributes
                0x000001b2       0x2d ./Core/Src/tim.o
 .ARM.attributes
                0x000001df       0x2d ./Core/Src/usart.o
 .ARM.attributes
                0x0000020c       0x21 ./Core/Startup/startup_stm32f103c8tx.o
 .ARM.attributes
                0x0000022d       0x2d ./Drivers/STM32F1xx_HAL_Driver/Src/stm32f1xx_hal.o
 .ARM.attributes
                0x0000025a       0x2d ./Drivers/STM32F1xx_HAL_Driver/Src/stm32f1xx_hal_can.o
 .ARM.attributes
                0x00000287       0x2d ./Drivers/STM32F1xx_HAL_Driver/Src/stm32f1xx_hal_cortex.o
 .ARM.attributes
                0x000002b4       0x2d ./Drivers/STM32F1xx_HAL_Driver/Src/stm32f1xx_hal_dma.o
 .ARM.attributes
                0x000002e1       0x2d ./Drivers/STM32F1xx_HAL_Driver/Src/stm32f1xx_hal_gpio.o
 .ARM.attributes
                0x0000030e       0x2d ./Drivers/STM32F1xx_HAL_Driver/Src/stm32f1xx_hal_rcc.o
 .ARM.attributes
                0x0000033b       0x2d ./Drivers/STM32F1xx_HAL_Driver/Src/stm32f1xx_hal_spi.o
 .ARM.attributes
                0x00000368       0x2d ./Drivers/STM32F1xx_HAL_Driver/Src/stm32f1xx_hal_tim.o
 .ARM.attributes
                0x00000395       0x2d ./Drivers/STM32F1xx_HAL_Driver/Src/stm32f1xx_hal_tim_ex.o
 .ARM.attributes
                0x000003c2       0x2d ./Drivers/STM32F1xx_HAL_Driver/Src/stm32f1xx_hal_uart.o
 .ARM.attributes
                0x000003ef       0x2d ./User/Src/llcc68.o
 .ARM.attributes
                0x0000041c       0x2d ./User/Src/llcc68_app.o
 .ARM.attributes
                0x00000449       0x2d ./User/Src/llcc68_hal.o
 .ARM.attributes
                0x00000476       0x2d C:/ST/STM32CubeIDE_1.19.0/STM32CubeIDE/plugins/com.st.stm32cube.ide.mcu.externaltools.gnu-tools-for-stm32.13.3.rel1.win32_1.0.0.202411081344/tools/bin/../lib/gcc/arm-none-eabi/13.3.1/../../../../arm-none-eabi/lib/thumb/v7-m/nofp\libc_nano.a(libc_a-memset.o)
 .ARM.attributes
                0x000004a3       0x2d C:/ST/STM32CubeIDE_1.19.0/STM32CubeIDE/plugins/com.st.stm32cube.ide.mcu.externaltools.gnu-tools-for-stm32.13.3.rel1.win32_1.0.0.202411081344/tools/bin/../lib/gcc/arm-none-eabi/13.3.1/../../../../arm-none-eabi/lib/thumb/v7-m/nofp\libc_nano.a(libc_a-strncmp.o)
 .ARM.attributes
                0x000004d0       0x2d C:/ST/STM32CubeIDE_1.19.0/STM32CubeIDE/plugins/com.st.stm32cube.ide.mcu.externaltools.gnu-tools-for-stm32.13.3.rel1.win32_1.0.0.202411081344/tools/bin/../lib/gcc/arm-none-eabi/13.3.1/../../../../arm-none-eabi/lib/thumb/v7-m/nofp\libc_nano.a(libc_a-init.o)
 .ARM.attributes
                0x000004fd       0x1d C:/ST/STM32CubeIDE_1.19.0/STM32CubeIDE/plugins/com.st.stm32cube.ide.mcu.externaltools.gnu-tools-for-stm32.13.3.rel1.win32_1.0.0.202411081344/tools/bin/../lib/gcc/arm-none-eabi/13.3.1/thumb/v7-m/nofp/crtn.o
OUTPUT(Wireless Manager.elf elf32-littlearm)
LOAD linker stubs
LOAD C:/ST/STM32CubeIDE_1.19.0/STM32CubeIDE/plugins/com.st.stm32cube.ide.mcu.externaltools.gnu-tools-for-stm32.13.3.rel1.win32_1.0.0.202411081344/tools/bin/../lib/gcc/arm-none-eabi/13.3.1/../../../../arm-none-eabi/lib/thumb/v7-m/nofp\libc.a
LOAD C:/ST/STM32CubeIDE_1.19.0/STM32CubeIDE/plugins/com.st.stm32cube.ide.mcu.externaltools.gnu-tools-for-stm32.13.3.rel1.win32_1.0.0.202411081344/tools/bin/../lib/gcc/arm-none-eabi/13.3.1/../../../../arm-none-eabi/lib/thumb/v7-m/nofp\libm.a
LOAD C:/ST/STM32CubeIDE_1.19.0/STM32CubeIDE/plugins/com.st.stm32cube.ide.mcu.externaltools.gnu-tools-for-stm32.13.3.rel1.win32_1.0.0.202411081344/tools/bin/../lib/gcc/arm-none-eabi/13.3.1/thumb/v7-m/nofp\libgcc.a

.debug_info     0x00000000    0x14a51
 .debug_info    0x00000000      0x867 ./Core/Src/can.o
 .debug_info    0x00000867      0x2cf ./Core/Src/dma.o
 .debug_info    0x00000b36      0x44e ./Core/Src/gpio.o
 .debug_info    0x00000f84     0x139a ./Core/Src/main.o
 .debug_info    0x0000231e      0x7bc ./Core/Src/spi.o
 .debug_info    0x00002ada      0x1f1 ./Core/Src/stm32f1xx_hal_msp.o
 .debug_info    0x00002ccb      0xd6f ./Core/Src/stm32f1xx_it.o
 .debug_info    0x00003a3a      0x222 ./Core/Src/system_stm32f1xx.o
 .debug_info    0x00003c5c      0x9bb ./Core/Src/tim.o
 .debug_info    0x00004617      0x967 ./Core/Src/usart.o
 .debug_info    0x00004f7e       0x30 ./Core/Startup/startup_stm32f103c8tx.o
 .debug_info    0x00004fae      0x704 ./Drivers/STM32F1xx_HAL_Driver/Src/stm32f1xx_hal.o
 .debug_info    0x000056b2      0xf13 ./Drivers/STM32F1xx_HAL_Driver/Src/stm32f1xx_hal_can.o
 .debug_info    0x000065c5      0xa87 ./Drivers/STM32F1xx_HAL_Driver/Src/stm32f1xx_hal_cortex.o
 .debug_info    0x0000704c      0x6d2 ./Drivers/STM32F1xx_HAL_Driver/Src/stm32f1xx_hal_dma.o
 .debug_info    0x0000771e      0x5ab ./Drivers/STM32F1xx_HAL_Driver/Src/stm32f1xx_hal_gpio.o
 .debug_info    0x00007cc9      0x7d5 ./Drivers/STM32F1xx_HAL_Driver/Src/stm32f1xx_hal_rcc.o
 .debug_info    0x0000849e     0x142d ./Drivers/STM32F1xx_HAL_Driver/Src/stm32f1xx_hal_spi.o
 .debug_info    0x000098cb     0x2959 ./Drivers/STM32F1xx_HAL_Driver/Src/stm32f1xx_hal_tim.o
 .debug_info    0x0000c224     0x149b ./Drivers/STM32F1xx_HAL_Driver/Src/stm32f1xx_hal_tim_ex.o
 .debug_info    0x0000d6bf     0x2eed ./Drivers/STM32F1xx_HAL_Driver/Src/stm32f1xx_hal_uart.o
 .debug_info    0x000105ac     0x2b66 ./User/Src/llcc68.o
 .debug_info    0x00013112     0x1029 ./User/Src/llcc68_app.o
 .debug_info    0x0001413b      0x916 ./User/Src/llcc68_hal.o

.debug_abbrev   0x00000000     0x31c5
 .debug_abbrev  0x00000000      0x232 ./Core/Src/can.o
 .debug_abbrev  0x00000232       0xfc ./Core/Src/dma.o
 .debug_abbrev  0x0000032e      0x161 ./Core/Src/gpio.o
 .debug_abbrev  0x0000048f      0x393 ./Core/Src/main.o
 .debug_abbrev  0x00000822      0x1e7 ./Core/Src/spi.o
 .debug_abbrev  0x00000a09       0xdb ./Core/Src/stm32f1xx_hal_msp.o
 .debug_abbrev  0x00000ae4      0x220 ./Core/Src/stm32f1xx_it.o
 .debug_abbrev  0x00000d04      0x13f ./Core/Src/system_stm32f1xx.o
 .debug_abbrev  0x00000e43      0x20e ./Core/Src/tim.o
 .debug_abbrev  0x00001051      0x219 ./Core/Src/usart.o
 .debug_abbrev  0x0000126a       0x24 ./Core/Startup/startup_stm32f103c8tx.o
 .debug_abbrev  0x0000128e      0x201 ./Drivers/STM32F1xx_HAL_Driver/Src/stm32f1xx_hal.o
 .debug_abbrev  0x0000148f      0x21c ./Drivers/STM32F1xx_HAL_Driver/Src/stm32f1xx_hal_can.o
 .debug_abbrev  0x000016ab      0x2f8 ./Drivers/STM32F1xx_HAL_Driver/Src/stm32f1xx_hal_cortex.o
 .debug_abbrev  0x000019a3      0x20b ./Drivers/STM32F1xx_HAL_Driver/Src/stm32f1xx_hal_dma.o
 .debug_abbrev  0x00001bae      0x1ca ./Drivers/STM32F1xx_HAL_Driver/Src/stm32f1xx_hal_gpio.o
 .debug_abbrev  0x00001d78      0x2b3 ./Drivers/STM32F1xx_HAL_Driver/Src/stm32f1xx_hal_rcc.o
 .debug_abbrev  0x0000202b      0x27a ./Drivers/STM32F1xx_HAL_Driver/Src/stm32f1xx_hal_spi.o
 .debug_abbrev  0x000022a5      0x277 ./Drivers/STM32F1xx_HAL_Driver/Src/stm32f1xx_hal_tim.o
 .debug_abbrev  0x0000251c      0x282 ./Drivers/STM32F1xx_HAL_Driver/Src/stm32f1xx_hal_tim_ex.o
 .debug_abbrev  0x0000279e      0x2f8 ./Drivers/STM32F1xx_HAL_Driver/Src/stm32f1xx_hal_uart.o
 .debug_abbrev  0x00002a96      0x252 ./User/Src/llcc68.o
 .debug_abbrev  0x00002ce8      0x2bc ./User/Src/llcc68_app.o
 .debug_abbrev  0x00002fa4      0x221 ./User/Src/llcc68_hal.o

.debug_aranges  0x00000000     0x1318
 .debug_aranges
                0x00000000       0x30 ./Core/Src/can.o
 .debug_aranges
                0x00000030       0x20 ./Core/Src/dma.o
 .debug_aranges
                0x00000050       0x20 ./Core/Src/gpio.o
 .debug_aranges
                0x00000070       0x58 ./Core/Src/main.o
 .debug_aranges
                0x000000c8       0x30 ./Core/Src/spi.o
 .debug_aranges
                0x000000f8       0x20 ./Core/Src/stm32f1xx_hal_msp.o
 .debug_aranges
                0x00000118       0x88 ./Core/Src/stm32f1xx_it.o
 .debug_aranges
                0x000001a0       0x28 ./Core/Src/system_stm32f1xx.o
 .debug_aranges
                0x000001c8       0x30 ./Core/Src/tim.o
 .debug_aranges
                0x000001f8       0x30 ./Core/Src/usart.o
 .debug_aranges
                0x00000228       0x28 ./Core/Startup/startup_stm32f103c8tx.o
 .debug_aranges
                0x00000250       0xe0 ./Drivers/STM32F1xx_HAL_Driver/Src/stm32f1xx_hal.o
 .debug_aranges
                0x00000330      0x138 ./Drivers/STM32F1xx_HAL_Driver/Src/stm32f1xx_hal_can.o
 .debug_aranges
                0x00000468      0x100 ./Drivers/STM32F1xx_HAL_Driver/Src/stm32f1xx_hal_cortex.o
 .debug_aranges
                0x00000568       0x80 ./Drivers/STM32F1xx_HAL_Driver/Src/stm32f1xx_hal_dma.o
 .debug_aranges
                0x000005e8       0x58 ./Drivers/STM32F1xx_HAL_Driver/Src/stm32f1xx_hal_gpio.o
 .debug_aranges
                0x00000640       0x90 ./Drivers/STM32F1xx_HAL_Driver/Src/stm32f1xx_hal_rcc.o
 .debug_aranges
                0x000006d0      0x1d0 ./Drivers/STM32F1xx_HAL_Driver/Src/stm32f1xx_hal_spi.o
 .debug_aranges
                0x000008a0      0x3d0 ./Drivers/STM32F1xx_HAL_Driver/Src/stm32f1xx_hal_tim.o
 .debug_aranges
                0x00000c70      0x168 ./Drivers/STM32F1xx_HAL_Driver/Src/stm32f1xx_hal_tim_ex.o
 .debug_aranges
                0x00000dd8      0x208 ./Drivers/STM32F1xx_HAL_Driver/Src/stm32f1xx_hal_uart.o
 .debug_aranges
                0x00000fe0      0x2a0 ./User/Src/llcc68.o
 .debug_aranges
                0x00001280       0x60 ./User/Src/llcc68_app.o
 .debug_aranges
                0x000012e0       0x38 ./User/Src/llcc68_hal.o

.debug_rnglists
                0x00000000      0xeca
 .debug_rnglists
                0x00000000       0x20 ./Core/Src/can.o
 .debug_rnglists
                0x00000020       0x13 ./Core/Src/dma.o
 .debug_rnglists
                0x00000033       0x14 ./Core/Src/gpio.o
 .debug_rnglists
                0x00000047       0x4f ./Core/Src/main.o
 .debug_rnglists
                0x00000096       0x20 ./Core/Src/spi.o
 .debug_rnglists
                0x000000b6       0x13 ./Core/Src/stm32f1xx_hal_msp.o
 .debug_rnglists
                0x000000c9       0x61 ./Core/Src/stm32f1xx_it.o
 .debug_rnglists
                0x0000012a       0x1a ./Core/Src/system_stm32f1xx.o
 .debug_rnglists
                0x00000144       0x20 ./Core/Src/tim.o
 .debug_rnglists
                0x00000164       0x20 ./Core/Src/usart.o
 .debug_rnglists
                0x00000184       0x19 ./Core/Startup/startup_stm32f103c8tx.o
 .debug_rnglists
                0x0000019d       0xa3 ./Drivers/STM32F1xx_HAL_Driver/Src/stm32f1xx_hal.o
 .debug_rnglists
                0x00000240       0xed ./Drivers/STM32F1xx_HAL_Driver/Src/stm32f1xx_hal_can.o
 .debug_rnglists
                0x0000032d       0xbb ./Drivers/STM32F1xx_HAL_Driver/Src/stm32f1xx_hal_cortex.o
 .debug_rnglists
                0x000003e8       0x64 ./Drivers/STM32F1xx_HAL_Driver/Src/stm32f1xx_hal_dma.o
 .debug_rnglists
                0x0000044c       0x3f ./Drivers/STM32F1xx_HAL_Driver/Src/stm32f1xx_hal_gpio.o
 .debug_rnglists
                0x0000048b       0x6c ./Drivers/STM32F1xx_HAL_Driver/Src/stm32f1xx_hal_rcc.o
 .debug_rnglists
                0x000004f7      0x16e ./Drivers/STM32F1xx_HAL_Driver/Src/stm32f1xx_hal_spi.o
 .debug_rnglists
                0x00000665      0x31a ./Drivers/STM32F1xx_HAL_Driver/Src/stm32f1xx_hal_tim.o
 .debug_rnglists
                0x0000097f      0x125 ./Drivers/STM32F1xx_HAL_Driver/Src/stm32f1xx_hal_tim_ex.o
 .debug_rnglists
                0x00000aa4      0x1bc ./Drivers/STM32F1xx_HAL_Driver/Src/stm32f1xx_hal_uart.o
 .debug_rnglists
                0x00000c60      0x1fe ./User/Src/llcc68.o
 .debug_rnglists
                0x00000e5e       0x45 ./User/Src/llcc68_app.o
 .debug_rnglists
                0x00000ea3       0x27 ./User/Src/llcc68_hal.o

.debug_macro    0x00000000    0x1967a
 .debug_macro   0x00000000      0x1d0 ./Core/Src/can.o
 .debug_macro   0x000001d0      0xacc ./Core/Src/can.o
 .debug_macro   0x00000c9c      0x22d ./Core/Src/can.o
 .debug_macro   0x00000ec9       0x2e ./Core/Src/can.o
 .debug_macro   0x00000ef7       0x22 ./Core/Src/can.o
 .debug_macro   0x00000f19       0x22 ./Core/Src/can.o
 .debug_macro   0x00000f3b       0x8e ./Core/Src/can.o
 .debug_macro   0x00000fc9       0x51 ./Core/Src/can.o
 .debug_macro   0x0000101a      0x103 ./Core/Src/can.o
 .debug_macro   0x0000111d       0x6a ./Core/Src/can.o
 .debug_macro   0x00001187      0x1df ./Core/Src/can.o
 .debug_macro   0x00001366       0x1c ./Core/Src/can.o
 .debug_macro   0x00001382       0x22 ./Core/Src/can.o
 .debug_macro   0x000013a4       0xbd ./Core/Src/can.o
 .debug_macro   0x00001461      0xd23 ./Core/Src/can.o
 .debug_macro   0x00002184     0xe09e ./Core/Src/can.o
 .debug_macro   0x00010222       0x6d ./Core/Src/can.o
 .debug_macro   0x0001028f     0x34a2 ./Core/Src/can.o
 .debug_macro   0x00013731      0x190 ./Core/Src/can.o
 .debug_macro   0x000138c1       0x5c ./Core/Src/can.o
 .debug_macro   0x0001391d      0x5bc ./Core/Src/can.o
 .debug_macro   0x00013ed9      0x289 ./Core/Src/can.o
 .debug_macro   0x00014162      0x1cb ./Core/Src/can.o
 .debug_macro   0x0001432d      0x114 ./Core/Src/can.o
 .debug_macro   0x00014441      0x1b2 ./Core/Src/can.o
 .debug_macro   0x000145f3       0x27 ./Core/Src/can.o
 .debug_macro   0x0001461a      0x136 ./Core/Src/can.o
 .debug_macro   0x00014750      0x1bc ./Core/Src/can.o
 .debug_macro   0x0001490c       0x34 ./Core/Src/can.o
 .debug_macro   0x00014940       0x3c ./Core/Src/can.o
 .debug_macro   0x0001497c      0x408 ./Core/Src/can.o
 .debug_macro   0x00014d84       0x57 ./Core/Src/can.o
 .debug_macro   0x00014ddb       0x87 ./Core/Src/can.o
 .debug_macro   0x00014e62      0x240 ./Core/Src/can.o
 .debug_macro   0x000150a2      0x140 ./Core/Src/can.o
 .debug_macro   0x000151e2      0x217 ./Core/Src/can.o
 .debug_macro   0x000153f9      0x8ed ./Core/Src/can.o
 .debug_macro   0x00015ce6      0x28e ./Core/Src/can.o
 .debug_macro   0x00015f74       0x83 ./Core/Src/can.o
 .debug_macro   0x00015ff7       0x3a ./Core/Src/can.o
 .debug_macro   0x00016031      0x1d0 ./Core/Src/dma.o
 .debug_macro   0x00016201      0x1d0 ./Core/Src/gpio.o
 .debug_macro   0x000163d1      0x309 ./Core/Src/main.o
 .debug_macro   0x000166da       0x61 ./Core/Src/main.o
 .debug_macro   0x0001673b       0x24 ./Core/Src/main.o
 .debug_macro   0x0001675f       0x43 ./Core/Src/main.o
 .debug_macro   0x000167a2       0x34 ./Core/Src/main.o
 .debug_macro   0x000167d6      0x370 ./Core/Src/main.o
 .debug_macro   0x00016b46       0x16 ./Core/Src/main.o
 .debug_macro   0x00016b5c       0x4a ./Core/Src/main.o
 .debug_macro   0x00016ba6       0x34 ./Core/Src/main.o
 .debug_macro   0x00016bda       0x10 ./Core/Src/main.o
 .debug_macro   0x00016bea       0x58 ./Core/Src/main.o
 .debug_macro   0x00016c42       0x8e ./Core/Src/main.o
 .debug_macro   0x00016cd0       0x1c ./Core/Src/main.o
 .debug_macro   0x00016cec      0x185 ./Core/Src/main.o
 .debug_macro   0x00016e71       0x10 ./Core/Src/main.o
 .debug_macro   0x00016e81       0x3c ./Core/Src/main.o
 .debug_macro   0x00016ebd       0x20 ./Core/Src/main.o
 .debug_macro   0x00016edd       0x22 ./Core/Src/main.o
 .debug_macro   0x00016eff       0xa6 ./Core/Src/main.o
 .debug_macro   0x00016fa5       0x34 ./Core/Src/main.o
 .debug_macro   0x00016fd9      0x1d0 ./Core/Src/spi.o
 .debug_macro   0x000171a9      0x1c6 ./Core/Src/stm32f1xx_hal_msp.o
 .debug_macro   0x0001736f      0x1d0 ./Core/Src/stm32f1xx_it.o
 .debug_macro   0x0001753f      0x1b7 ./Core/Src/system_stm32f1xx.o
 .debug_macro   0x000176f6      0x1d0 ./Core/Src/tim.o
 .debug_macro   0x000178c6      0x1d0 ./Core/Src/usart.o
 .debug_macro   0x00017a96      0x1db ./Drivers/STM32F1xx_HAL_Driver/Src/stm32f1xx_hal.o
 .debug_macro   0x00017c71      0x1c6 ./Drivers/STM32F1xx_HAL_Driver/Src/stm32f1xx_hal_can.o
 .debug_macro   0x00017e37      0x1b7 ./Drivers/STM32F1xx_HAL_Driver/Src/stm32f1xx_hal_cortex.o
 .debug_macro   0x00017fee      0x1b7 ./Drivers/STM32F1xx_HAL_Driver/Src/stm32f1xx_hal_dma.o
 .debug_macro   0x000181a5      0x222 ./Drivers/STM32F1xx_HAL_Driver/Src/stm32f1xx_hal_gpio.o
 .debug_macro   0x000183c7      0x1c9 ./Drivers/STM32F1xx_HAL_Driver/Src/stm32f1xx_hal_rcc.o
 .debug_macro   0x00018590      0x1bf ./Drivers/STM32F1xx_HAL_Driver/Src/stm32f1xx_hal_spi.o
 .debug_macro   0x0001874f      0x1b8 ./Drivers/STM32F1xx_HAL_Driver/Src/stm32f1xx_hal_tim.o
 .debug_macro   0x00018907      0x1b7 ./Drivers/STM32F1xx_HAL_Driver/Src/stm32f1xx_hal_tim_ex.o
 .debug_macro   0x00018abe      0x1b8 ./Drivers/STM32F1xx_HAL_Driver/Src/stm32f1xx_hal_uart.o
 .debug_macro   0x00018c76       0xae ./User/Src/llcc68.o
 .debug_macro   0x00018d24       0x10 ./User/Src/llcc68.o
 .debug_macro   0x00018d34      0x13b ./User/Src/llcc68.o
 .debug_macro   0x00018e6f      0x2d4 ./User/Src/llcc68_app.o
 .debug_macro   0x00019143       0x56 ./User/Src/llcc68_app.o
 .debug_macro   0x00019199      0x2ef ./User/Src/llcc68_hal.o
 .debug_macro   0x00019488       0x16 ./User/Src/llcc68_hal.o
 .debug_macro   0x0001949e       0x9e ./User/Src/llcc68_hal.o
 .debug_macro   0x0001953c      0x112 ./User/Src/llcc68_hal.o
 .debug_macro   0x0001964e       0x16 ./User/Src/llcc68_hal.o
 .debug_macro   0x00019664       0x16 ./User/Src/llcc68_hal.o

.debug_line     0x00000000    0x157ec
 .debug_line    0x00000000      0x7a5 ./Core/Src/can.o
 .debug_line    0x000007a5      0x726 ./Core/Src/dma.o
 .debug_line    0x00000ecb      0x76c ./Core/Src/gpio.o
 .debug_line    0x00001637      0xae6 ./Core/Src/main.o
 .debug_line    0x0000211d      0x7a6 ./Core/Src/spi.o
 .debug_line    0x000028c3      0x72b ./Core/Src/stm32f1xx_hal_msp.o
 .debug_line    0x00002fee      0x851 ./Core/Src/stm32f1xx_it.o
 .debug_line    0x0000383f      0x7a9 ./Core/Src/system_stm32f1xx.o
 .debug_line    0x00003fe8      0x7a5 ./Core/Src/tim.o
 .debug_line    0x0000478d      0x7c8 ./Core/Src/usart.o
 .debug_line    0x00004f55       0x78 ./Core/Startup/startup_stm32f103c8tx.o
 .debug_line    0x00004fcd      0x9da ./Drivers/STM32F1xx_HAL_Driver/Src/stm32f1xx_hal.o
 .debug_line    0x000059a7     0x11d3 ./Drivers/STM32F1xx_HAL_Driver/Src/stm32f1xx_hal_can.o
 .debug_line    0x00006b7a      0xba4 ./Drivers/STM32F1xx_HAL_Driver/Src/stm32f1xx_hal_cortex.o
 .debug_line    0x0000771e      0xde4 ./Drivers/STM32F1xx_HAL_Driver/Src/stm32f1xx_hal_dma.o
 .debug_line    0x00008502      0xa37 ./Drivers/STM32F1xx_HAL_Driver/Src/stm32f1xx_hal_gpio.o
 .debug_line    0x00008f39      0xe93 ./Drivers/STM32F1xx_HAL_Driver/Src/stm32f1xx_hal_rcc.o
 .debug_line    0x00009dcc     0x1c71 ./Drivers/STM32F1xx_HAL_Driver/Src/stm32f1xx_hal_spi.o
 .debug_line    0x0000ba3d     0x34c8 ./Drivers/STM32F1xx_HAL_Driver/Src/stm32f1xx_hal_tim.o
 .debug_line    0x0000ef05     0x189e ./Drivers/STM32F1xx_HAL_Driver/Src/stm32f1xx_hal_tim_ex.o
 .debug_line    0x000107a3     0x24f6 ./Drivers/STM32F1xx_HAL_Driver/Src/stm32f1xx_hal_uart.o
 .debug_line    0x00012c99     0x1570 ./User/Src/llcc68.o
 .debug_line    0x00014209      0xb72 ./User/Src/llcc68_app.o
 .debug_line    0x00014d7b      0xa71 ./User/Src/llcc68_hal.o

.debug_str      0x00000000    0x922de
 .debug_str     0x00000000    0x922de ./Core/Src/can.o
                              0x87464 (size before relaxing)
 .debug_str     0x000922de    0x870d1 ./Core/Src/dma.o
 .debug_str     0x000922de    0x8717a ./Core/Src/gpio.o
 .debug_str     0x000922de    0x8b5f1 ./Core/Src/main.o
 .debug_str     0x000922de    0x87284 ./Core/Src/spi.o
 .debug_str     0x000922de    0x86dfb ./Core/Src/stm32f1xx_hal_msp.o
 .debug_str     0x000922de    0x8783e ./Core/Src/stm32f1xx_it.o
 .debug_str     0x000922de    0x86d68 ./Core/Src/system_stm32f1xx.o
 .debug_str     0x000922de    0x8771c ./Core/Src/tim.o
 .debug_str     0x000922de    0x87601 ./Core/Src/usart.o
 .debug_str     0x000922de       0x7c ./Core/Startup/startup_stm32f103c8tx.o
 .debug_str     0x000922de    0x8749b ./Drivers/STM32F1xx_HAL_Driver/Src/stm32f1xx_hal.o
 .debug_str     0x000922de    0x87570 ./Drivers/STM32F1xx_HAL_Driver/Src/stm32f1xx_hal_can.o
 .debug_str     0x000922de    0x873e7 ./Drivers/STM32F1xx_HAL_Driver/Src/stm32f1xx_hal_cortex.o
 .debug_str     0x000922de    0x87111 ./Drivers/STM32F1xx_HAL_Driver/Src/stm32f1xx_hal_dma.o
 .debug_str     0x000922de    0x870ee ./Drivers/STM32F1xx_HAL_Driver/Src/stm32f1xx_hal_gpio.o
 .debug_str     0x000922de    0x87197 ./Drivers/STM32F1xx_HAL_Driver/Src/stm32f1xx_hal_rcc.o
 .debug_str     0x000922de    0x8768e ./Drivers/STM32F1xx_HAL_Driver/Src/stm32f1xx_hal_spi.o
 .debug_str     0x000922de    0x88199 ./Drivers/STM32F1xx_HAL_Driver/Src/stm32f1xx_hal_tim.o
 .debug_str     0x000922de    0x879a5 ./Drivers/STM32F1xx_HAL_Driver/Src/stm32f1xx_hal_tim_ex.o
 .debug_str     0x000922de    0x87808 ./Drivers/STM32F1xx_HAL_Driver/Src/stm32f1xx_hal_uart.o
 .debug_str     0x000922de     0x7b17 ./User/Src/llcc68.o
 .debug_str     0x000922de    0x8b5d1 ./User/Src/llcc68_app.o
 .debug_str     0x000922de    0x8ab7d ./User/Src/llcc68_hal.o

.comment        0x00000000       0x43
 .comment       0x00000000       0x43 ./Core/Src/can.o
                                 0x44 (size before relaxing)
 .comment       0x00000043       0x44 ./Core/Src/dma.o
 .comment       0x00000043       0x44 ./Core/Src/gpio.o
 .comment       0x00000043       0x44 ./Core/Src/main.o
 .comment       0x00000043       0x44 ./Core/Src/spi.o
 .comment       0x00000043       0x44 ./Core/Src/stm32f1xx_hal_msp.o
 .comment       0x00000043       0x44 ./Core/Src/stm32f1xx_it.o
 .comment       0x00000043       0x44 ./Core/Src/system_stm32f1xx.o
 .comment       0x00000043       0x44 ./Core/Src/tim.o
 .comment       0x00000043       0x44 ./Core/Src/usart.o
 .comment       0x00000043       0x44 ./Drivers/STM32F1xx_HAL_Driver/Src/stm32f1xx_hal.o
 .comment       0x00000043       0x44 ./Drivers/STM32F1xx_HAL_Driver/Src/stm32f1xx_hal_can.o
 .comment       0x00000043       0x44 ./Drivers/STM32F1xx_HAL_Driver/Src/stm32f1xx_hal_cortex.o
 .comment       0x00000043       0x44 ./Drivers/STM32F1xx_HAL_Driver/Src/stm32f1xx_hal_dma.o
 .comment       0x00000043       0x44 ./Drivers/STM32F1xx_HAL_Driver/Src/stm32f1xx_hal_gpio.o
 .comment       0x00000043       0x44 ./Drivers/STM32F1xx_HAL_Driver/Src/stm32f1xx_hal_rcc.o
 .comment       0x00000043       0x44 ./Drivers/STM32F1xx_HAL_Driver/Src/stm32f1xx_hal_spi.o
 .comment       0x00000043       0x44 ./Drivers/STM32F1xx_HAL_Driver/Src/stm32f1xx_hal_tim.o
 .comment       0x00000043       0x44 ./Drivers/STM32F1xx_HAL_Driver/Src/stm32f1xx_hal_tim_ex.o
 .comment       0x00000043       0x44 ./Drivers/STM32F1xx_HAL_Driver/Src/stm32f1xx_hal_uart.o
 .comment       0x00000043       0x44 ./User/Src/llcc68.o
 .comment       0x00000043       0x44 ./User/Src/llcc68_app.o
 .comment       0x00000043       0x44 ./User/Src/llcc68_hal.o

.debug_frame    0x00000000     0x4f5c
 .debug_frame   0x00000000       0x74 ./Core/Src/can.o
 .debug_frame   0x00000074       0x34 ./Core/Src/dma.o
 .debug_frame   0x000000a8       0x34 ./Core/Src/gpio.o
 .debug_frame   0x000000dc      0x128 ./Core/Src/main.o
 .debug_frame   0x00000204       0x74 ./Core/Src/spi.o
 .debug_frame   0x00000278       0x38 ./Core/Src/stm32f1xx_hal_msp.o
 .debug_frame   0x000002b0      0x190 ./Core/Src/stm32f1xx_it.o
 .debug_frame   0x00000440       0x58 ./Core/Src/system_stm32f1xx.o
 .debug_frame   0x00000498       0x7c ./Core/Src/tim.o
 .debug_frame   0x00000514       0x74 ./Core/Src/usart.o
 .debug_frame   0x00000588      0x334 ./Drivers/STM32F1xx_HAL_Driver/Src/stm32f1xx_hal.o
 .debug_frame   0x000008bc      0x5a0 ./Drivers/STM32F1xx_HAL_Driver/Src/stm32f1xx_hal_can.o
 .debug_frame   0x00000e5c      0x428 ./Drivers/STM32F1xx_HAL_Driver/Src/stm32f1xx_hal_cortex.o
 .debug_frame   0x00001284      0x208 ./Drivers/STM32F1xx_HAL_Driver/Src/stm32f1xx_hal_dma.o
 .debug_frame   0x0000148c      0x14c ./Drivers/STM32F1xx_HAL_Driver/Src/stm32f1xx_hal_gpio.o
 .debug_frame   0x000015d8      0x218 ./Drivers/STM32F1xx_HAL_Driver/Src/stm32f1xx_hal_rcc.o
 .debug_frame   0x000017f0      0x824 ./Drivers/STM32F1xx_HAL_Driver/Src/stm32f1xx_hal_spi.o
 .debug_frame   0x00002014     0x11b8 ./Drivers/STM32F1xx_HAL_Driver/Src/stm32f1xx_hal_tim.o
 .debug_frame   0x000031cc      0x638 ./Drivers/STM32F1xx_HAL_Driver/Src/stm32f1xx_hal_tim_ex.o
 .debug_frame   0x00003804      0x944 ./Drivers/STM32F1xx_HAL_Driver/Src/stm32f1xx_hal_uart.o
 .debug_frame   0x00004148      0xba4 ./User/Src/llcc68.o
 .debug_frame   0x00004cec      0x140 ./User/Src/llcc68_app.o
 .debug_frame   0x00004e2c       0xbc ./User/Src/llcc68_hal.o
 .debug_frame   0x00004ee8       0x20 C:/ST/STM32CubeIDE_1.19.0/STM32CubeIDE/plugins/com.st.stm32cube.ide.mcu.externaltools.gnu-tools-for-stm32.13.3.rel1.win32_1.0.0.202411081344/tools/bin/../lib/gcc/arm-none-eabi/13.3.1/../../../../arm-none-eabi/lib/thumb/v7-m/nofp\libc_nano.a(libc_a-memset.o)
 .debug_frame   0x00004f08       0x28 C:/ST/STM32CubeIDE_1.19.0/STM32CubeIDE/plugins/com.st.stm32cube.ide.mcu.externaltools.gnu-tools-for-stm32.13.3.rel1.win32_1.0.0.202411081344/tools/bin/../lib/gcc/arm-none-eabi/13.3.1/../../../../arm-none-eabi/lib/thumb/v7-m/nofp\libc_nano.a(libc_a-strncmp.o)
 .debug_frame   0x00004f30       0x2c C:/ST/STM32CubeIDE_1.19.0/STM32CubeIDE/plugins/com.st.stm32cube.ide.mcu.externaltools.gnu-tools-for-stm32.13.3.rel1.win32_1.0.0.202411081344/tools/bin/../lib/gcc/arm-none-eabi/13.3.1/../../../../arm-none-eabi/lib/thumb/v7-m/nofp\libc_nano.a(libc_a-init.o)

.debug_line_str
                0x00000000       0x60
 .debug_line_str
                0x00000000       0x60 ./Core/Startup/startup_stm32f103c8tx.o
