Archive member included to satisfy reference by file (symbol)

C:/ST/STM32CubeIDE_1.19.0/STM32CubeIDE/plugins/com.st.stm32cube.ide.mcu.externaltools.gnu-tools-for-stm32.13.3.rel1.win32_1.0.0.202411081344/tools/bin/../lib/gcc/arm-none-eabi/13.3.1/../../../../arm-none-eabi/lib/thumb/v7-m/nofp\libc_nano.a(libc_a-exit.o)
                              C:/ST/STM32CubeIDE_1.19.0/STM32CubeIDE/plugins/com.st.stm32cube.ide.mcu.externaltools.gnu-tools-for-stm32.13.3.rel1.win32_1.0.0.202411081344/tools/bin/../lib/gcc/arm-none-eabi/13.3.1/../../../../arm-none-eabi/lib/thumb/v7-m/nofp/crt0.o (exit)
C:/ST/STM32CubeIDE_1.19.0/STM32CubeIDE/plugins/com.st.stm32cube.ide.mcu.externaltools.gnu-tools-for-stm32.13.3.rel1.win32_1.0.0.202411081344/tools/bin/../lib/gcc/arm-none-eabi/13.3.1/../../../../arm-none-eabi/lib/thumb/v7-m/nofp\libc_nano.a(libc_a-findfp.o)
                              C:/ST/STM32CubeIDE_1.19.0/STM32CubeIDE/plugins/com.st.stm32cube.ide.mcu.externaltools.gnu-tools-for-stm32.13.3.rel1.win32_1.0.0.202411081344/tools/bin/../lib/gcc/arm-none-eabi/13.3.1/../../../../arm-none-eabi/lib/thumb/v7-m/nofp\libc_nano.a(libc_a-exit.o) (__stdio_exit_handler)
C:/ST/STM32CubeIDE_1.19.0/STM32CubeIDE/plugins/com.st.stm32cube.ide.mcu.externaltools.gnu-tools-for-stm32.13.3.rel1.win32_1.0.0.202411081344/tools/bin/../lib/gcc/arm-none-eabi/13.3.1/../../../../arm-none-eabi/lib/thumb/v7-m/nofp\libc_nano.a(libc_a-fwalk.o)
                              C:/ST/STM32CubeIDE_1.19.0/STM32CubeIDE/plugins/com.st.stm32cube.ide.mcu.externaltools.gnu-tools-for-stm32.13.3.rel1.win32_1.0.0.202411081344/tools/bin/../lib/gcc/arm-none-eabi/13.3.1/../../../../arm-none-eabi/lib/thumb/v7-m/nofp\libc_nano.a(libc_a-findfp.o) (_fwalk_sglue)
C:/ST/STM32CubeIDE_1.19.0/STM32CubeIDE/plugins/com.st.stm32cube.ide.mcu.externaltools.gnu-tools-for-stm32.13.3.rel1.win32_1.0.0.202411081344/tools/bin/../lib/gcc/arm-none-eabi/13.3.1/../../../../arm-none-eabi/lib/thumb/v7-m/nofp\libc_nano.a(libc_a-stdio.o)
                              C:/ST/STM32CubeIDE_1.19.0/STM32CubeIDE/plugins/com.st.stm32cube.ide.mcu.externaltools.gnu-tools-for-stm32.13.3.rel1.win32_1.0.0.202411081344/tools/bin/../lib/gcc/arm-none-eabi/13.3.1/../../../../arm-none-eabi/lib/thumb/v7-m/nofp\libc_nano.a(libc_a-findfp.o) (__sread)
C:/ST/STM32CubeIDE_1.19.0/STM32CubeIDE/plugins/com.st.stm32cube.ide.mcu.externaltools.gnu-tools-for-stm32.13.3.rel1.win32_1.0.0.202411081344/tools/bin/../lib/gcc/arm-none-eabi/13.3.1/../../../../arm-none-eabi/lib/thumb/v7-m/nofp\libc_nano.a(libc_a-memset.o)
                              C:/ST/STM32CubeIDE_1.19.0/STM32CubeIDE/plugins/com.st.stm32cube.ide.mcu.externaltools.gnu-tools-for-stm32.13.3.rel1.win32_1.0.0.202411081344/tools/bin/../lib/gcc/arm-none-eabi/13.3.1/../../../../arm-none-eabi/lib/thumb/v7-m/nofp/crt0.o (memset)
C:/ST/STM32CubeIDE_1.19.0/STM32CubeIDE/plugins/com.st.stm32cube.ide.mcu.externaltools.gnu-tools-for-stm32.13.3.rel1.win32_1.0.0.202411081344/tools/bin/../lib/gcc/arm-none-eabi/13.3.1/../../../../arm-none-eabi/lib/thumb/v7-m/nofp\libc_nano.a(libc_a-strncmp.o)
                              ./User/Src/llcc68_app.o (strncmp)
C:/ST/STM32CubeIDE_1.19.0/STM32CubeIDE/plugins/com.st.stm32cube.ide.mcu.externaltools.gnu-tools-for-stm32.13.3.rel1.win32_1.0.0.202411081344/tools/bin/../lib/gcc/arm-none-eabi/13.3.1/../../../../arm-none-eabi/lib/thumb/v7-m/nofp\libc_nano.a(libc_a-closer.o)
                              C:/ST/STM32CubeIDE_1.19.0/STM32CubeIDE/plugins/com.st.stm32cube.ide.mcu.externaltools.gnu-tools-for-stm32.13.3.rel1.win32_1.0.0.202411081344/tools/bin/../lib/gcc/arm-none-eabi/13.3.1/../../../../arm-none-eabi/lib/thumb/v7-m/nofp\libc_nano.a(libc_a-stdio.o) (_close_r)
C:/ST/STM32CubeIDE_1.19.0/STM32CubeIDE/plugins/com.st.stm32cube.ide.mcu.externaltools.gnu-tools-for-stm32.13.3.rel1.win32_1.0.0.202411081344/tools/bin/../lib/gcc/arm-none-eabi/13.3.1/../../../../arm-none-eabi/lib/thumb/v7-m/nofp\libc_nano.a(libc_a-reent.o)
                              C:/ST/STM32CubeIDE_1.19.0/STM32CubeIDE/plugins/com.st.stm32cube.ide.mcu.externaltools.gnu-tools-for-stm32.13.3.rel1.win32_1.0.0.202411081344/tools/bin/../lib/gcc/arm-none-eabi/13.3.1/../../../../arm-none-eabi/lib/thumb/v7-m/nofp\libc_nano.a(libc_a-closer.o) (errno)
C:/ST/STM32CubeIDE_1.19.0/STM32CubeIDE/plugins/com.st.stm32cube.ide.mcu.externaltools.gnu-tools-for-stm32.13.3.rel1.win32_1.0.0.202411081344/tools/bin/../lib/gcc/arm-none-eabi/13.3.1/../../../../arm-none-eabi/lib/thumb/v7-m/nofp\libc_nano.a(libc_a-impure.o)
                              C:/ST/STM32CubeIDE_1.19.0/STM32CubeIDE/plugins/com.st.stm32cube.ide.mcu.externaltools.gnu-tools-for-stm32.13.3.rel1.win32_1.0.0.202411081344/tools/bin/../lib/gcc/arm-none-eabi/13.3.1/../../../../arm-none-eabi/lib/thumb/v7-m/nofp\libc_nano.a(libc_a-reent.o) (_impure_ptr)
[...]
Memory Configuration

Name             Origin             Length             Attributes
RAM              0x20000000         0x00005000         xrw
FLASH            0x08000000         0x00010000         xr
*default*        0x00000000         0xffffffff

Linker script and memory map

LOAD C:/ST/STM32CubeIDE_1.19.0/STM32CubeIDE/plugins/com.st.stm32cube.ide.mcu.externaltools.gnu-tools-for-stm32.13.3.rel1.win32_1.0.0.202411081344/tools/bin/../lib/gcc/arm-none-eabi/13.3.1/thumb/v7-m/nofp/crti.o
LOAD C:/ST/STM32CubeIDE_1.19.0/STM32CubeIDE/plugins/com.st.stm32cube.ide.mcu.externaltools.gnu-tools-for-stm32.13.3.rel1.win32_1.0.0.202411081344/tools/bin/../lib/gcc/arm-none-eabi/13.3.1/thumb/v7-m/nofp/crtbegin.o
LOAD C:/ST/STM32CubeIDE_1.19.0/STM32CubeIDE/plugins/com.st.stm32cube.ide.mcu.externaltools.gnu-tools-for-stm32.13.3.rel1.win32_1.0.0.202411081344/tools/bin/../lib/gcc/arm-none-eabi/13.3.1/../../../../arm-none-eabi/lib/thumb/v7-m/nofp/crt0.o
LOAD ./Core/Src/can.o
LOAD ./Core/Src/dma.o
LOAD ./Core/Src/gpio.o
LOAD ./Core/Src/main.o
LOAD ./Core/Src/spi.o
LOAD ./Core/Src/stm32f1xx_hal_msp.o
LOAD ./Core/Src/stm32f1xx_it.o
LOAD ./Core/Src/syscalls.o
LOAD ./Core/Src/sysmem.o
LOAD ./Core/Src/system_stm32f1xx.o
LOAD ./Core/Src/tim.o
LOAD ./Core/Src/usart.o
LOAD ./Core/Startup/startup_stm32f103c8tx.o
LOAD ./Drivers/STM32F1xx_HAL_Driver/Src/stm32f1xx_hal.o
LOAD ./Drivers/STM32F1xx_HAL_Driver/Src/stm32f1xx_hal_can.o
LOAD ./Drivers/STM32F1xx_HAL_Driver/Src/stm32f1xx_hal_cortex.o
LOAD ./Drivers/STM32F1xx_HAL_Driver/Src/stm32f1xx_hal_dma.o
LOAD ./Drivers/STM32F1xx_HAL_Driver/Src/stm32f1xx_hal_exti.o
LOAD ./Drivers/STM32F1xx_HAL_Driver/Src/stm32f1xx_hal_flash.o
LOAD ./Drivers/STM32F1xx_HAL_Driver/Src/stm32f1xx_hal_flash_ex.o
LOAD ./Drivers/STM32F1xx_HAL_Driver/Src/stm32f1xx_hal_gpio.o
LOAD ./Drivers/STM32F1xx_HAL_Driver/Src/stm32f1xx_hal_gpio_ex.o
LOAD ./Drivers/STM32F1xx_HAL_Driver/Src/stm32f1xx_hal_pwr.o
LOAD ./Drivers/STM32F1xx_HAL_Driver/Src/stm32f1xx_hal_rcc.o
LOAD ./Drivers/STM32F1xx_HAL_Driver/Src/stm32f1xx_hal_rcc_ex.o
LOAD ./Drivers/STM32F1xx_HAL_Driver/Src/stm32f1xx_hal_spi.o
LOAD ./Drivers/STM32F1xx_HAL_Driver/Src/stm32f1xx_hal_tim.o
LOAD ./Drivers/STM32F1xx_HAL_Driver/Src/stm32f1xx_hal_tim_ex.o
LOAD ./Drivers/STM32F1xx_HAL_Driver/Src/stm32f1xx_hal_uart.o
LOAD ./User/Src/Can_Config.o
LOAD ./User/Src/Lora.o
LOAD ./User/Src/Wireless_Package.o
LOAD ./User/Src/llcc68.o
LOAD ./User/Src/llcc68_app.o
LOAD ./User/Src/llcc68_driver_version.o
LOAD ./User/Src/llcc68_hal.o
START GROUP
LOAD C:/ST/STM32CubeIDE_1.19.0/STM32CubeIDE/plugins/com.st.stm32cube.ide.mcu.externaltools.gnu-tools-for-stm32.13.3.rel1.win32_1.0.0.202411081344/tools/bin/../lib/gcc/arm-none-eabi/13.3.1/../../../../arm-none-eabi/lib/thumb/v7-m/nofp\libc_nano.a
LOAD C:/ST/STM32CubeIDE_1.19.0/STM32CubeIDE/plugins/com.st.stm32cube.ide.mcu.externaltools.gnu-tools-for-stm32.13.3.rel1.win32_1.0.0.202411081344/tools/bin/../lib/gcc/arm-none-eabi/13.3.1/../../../../arm-none-eabi/lib/thumb/v7-m/nofp\libm.a
END GROUP
START GROUP
LOAD C:/ST/STM32CubeIDE_1.19.0/STM32CubeIDE/plugins/com.st.stm32cube.ide.mcu.externaltools.gnu-tools-for-stm32.13.3.rel1.win32_1.0.0.202411081344/tools/bin/../lib/gcc/arm-none-eabi/13.3.1/thumb/v7-m/nofp\libgcc.a
LOAD C:/ST/STM32CubeIDE_1.19.0/STM32CubeIDE/plugins/com.st.stm32cube.ide.mcu.externaltools.gnu-tools-for-stm32.13.3.rel1.win32_1.0.0.202411081344/tools/bin/../lib/gcc/arm-none-eabi/13.3.1/../../../../arm-none-eabi/lib/thumb/v7-m/nofp\libc_nano.a
END GROUP
START GROUP
LOAD C:/ST/STM32CubeIDE_1.19.0/STM32CubeIDE/plugins/com.st.stm32cube.ide.mcu.externaltools.gnu-tools-for-stm32.13.3.rel1.win32_1.0.0.202411081344/tools/bin/../lib/gcc/arm-none-eabi/13.3.1/thumb/v7-m/nofp\libgcc.a
LOAD C:/ST/STM32CubeIDE_1.19.0/STM32CubeIDE/plugins/com.st.stm32cube.ide.mcu.externaltools.gnu-tools-for-stm32.13.3.rel1.win32_1.0.0.202411081344/tools/bin/../lib/gcc/arm-none-eabi/13.3.1/../../../../arm-none-eabi/lib/thumb/v7-m/nofp\libc_nano.a
LOAD C:/ST/STM32CubeIDE_1.19.0/STM32CubeIDE/plugins/com.st.stm32cube.ide.mcu.externaltools.gnu-tools-for-stm32.13.3.rel1.win32_1.0.0.202411081344/tools/bin/../lib/gcc/arm-none-eabi/13.3.1/../../../../arm-none-eabi/lib/thumb/v7-m/nofp\libnosys.a
END GROUP
START GROUP
LOAD C:/ST/STM32CubeIDE_1.19.0/STM32CubeIDE/plugins/com.st.stm32cube.ide.mcu.externaltools.gnu-tools-for-stm32.13.3.rel1.win32_1.0.0.202411081344/tools/bin/../lib/gcc/arm-none-eabi/13.3.1/thumb/v7-m/nofp\libgcc.a
LOAD C:/ST/STM32CubeIDE_1.19.0/STM32CubeIDE/plugins/com.st.stm32cube.ide.mcu.externaltools.gnu-tools-for-stm32.13.3.rel1.win32_1.0.0.202411081344/tools/bin/../lib/gcc/arm-none-eabi/13.3.1/../../../../arm-none-eabi/lib/thumb/v7-m/nofp\libc_nano.a
LOAD C:/ST/STM32CubeIDE_1.19.0/STM32CubeIDE/plugins/com.st.stm32cube.ide.mcu.externaltools.gnu-tools-for-stm32.13.3.rel1.win32_1.0.0.202411081344/tools/bin/../lib/gcc/arm-none-eabi/13.3.1/../../../../arm-none-eabi/lib/thumb/v7-m/nofp\libnosys.a
END GROUP
LOAD C:/ST/STM32CubeIDE_1.19.0/STM32CubeIDE/plugins/com.st.stm32cube.ide.mcu.externaltools.gnu-tools-for-stm32.13.3.rel1.win32_1.0.0.202411081344/tools/bin/../lib/gcc/arm-none-eabi/13.3.1/thumb/v7-m/nofp/crtend.o
LOAD C:/ST/STM32CubeIDE_1.19.0/STM32CubeIDE/plugins/com.st.stm32cube.ide.mcu.externaltools.gnu-tools-for-stm32.13.3.rel1.win32_1.0.0.202411081344/tools/bin/../lib/gcc/arm-none-eabi/13.3.1/thumb/v7-m/nofp/crtn.o
                0x20005000                        _estack = (ORIGIN (RAM) + LENGTH (RAM))
                0x00000200                        _Min_Heap_Size = 0x200
                0x00000400                        _Min_Stack_Size = 0x400

.isr_vector     0x08000000      0x10c
                0x08000000                        . = ALIGN (0x4)
 *(.isr_vector)
 .isr_vector    0x08000000      0x10c ./Core/Startup/startup_stm32f103c8tx.o
                0x08000000                g_pfnVectors
                0x0800010c                        . = ALIGN (0x4)

.text           0x0800010c     0x58dc
                0x0800010c                        . = ALIGN (0x4)
 *(.text)
 .text          0x0800010c       0x40 C:/ST/STM32CubeIDE_1.19.0/STM32CubeIDE/plugins/com.st.stm32cube.ide.mcu.externaltools.gnu-tools-for-stm32.13.3.rel1.win32_1.0.0.202411081344/tools/bin/../lib/gcc/arm-none-eabi/13.3.1/thumb/v7-m/nofp/crtbegin.o
 *(.text*)
 .text.MX_CAN_Init
                0x0800014c       0x6c ./Core/Src/can.o
                0x0800014c                MX_CAN_Init
 .text.HAL_CAN_MspInit
                0x080001b8       0xa8 ./Core/Src/can.o
                0x080001b8                HAL_CAN_MspInit
 .text.MX_DMA_Init
                0x08000260       0x3c ./Core/Src/dma.o
                0x08000260                MX_DMA_Init
 .text.MX_GPIO_Init
                0x0800029c      0x14c ./Core/Src/gpio.o
                0x0800029c                MX_GPIO_Init
 .text.main     0x080003e8      0x16c ./Core/Src/main.o
                0x080003e8                main
 .text.SystemClock_Config
                0x08000554       0x8a ./Core/Src/main.o
                0x08000554                SystemClock_Config
 .text.Calculate_CRC16
                0x080005de       0x80 ./Core/Src/main.o
                0x080005de                Calculate_CRC16
 *fill*         0x0800065e        0x2 
 .text.HAL_GPIO_EXTI_Callback
                0x08000660       0x60 ./Core/Src/main.o
                0x08000660                HAL_GPIO_EXTI_Callback
 .text.HAL_TIM_PeriodElapsedCallback
                0x080006c0       0xb4 ./Core/Src/main.o
                0x080006c0                HAL_TIM_PeriodElapsedCallback
 .text.HAL_UART_TxCpltCallback
                0x08000774       0x12 ./Core/Src/main.o
                0x08000774                HAL_UART_TxCpltCallback
 *fill*         0x08000786        0x2 
 .text.HAL_CAN_RxFifo1MsgPendingCallback
                0x08000788      0x144 ./Core/Src/main.o
                0x08000788                HAL_CAN_RxFifo1MsgPendingCallback
 .text.Error_Handler
                0x080008cc        0xc ./Core/Src/main.o
                0x080008cc                Error_Handler
 .text.MX_SPI1_Init
                0x080008d8       0x6c ./Core/Src/spi.o
                0x080008d8                MX_SPI1_Init
 .text.HAL_SPI_MspInit
                0x08000944       0x94 ./Core/Src/spi.o
                0x08000944                HAL_SPI_MspInit
 .text.HAL_MspInit
                0x080009d8       0x64 ./Core/Src/stm32f1xx_hal_msp.o
                0x080009d8                HAL_MspInit
 .text.NMI_Handler
                0x08000a3c        0x8 ./Core/Src/stm32f1xx_it.o
                0x08000a3c                NMI_Handler
 .text.HardFault_Handler
                0x08000a44        0x8 ./Core/Src/stm32f1xx_it.o
                0x08000a44                HardFault_Handler
 .text.MemManage_Handler
                0x08000a4c        0x8 ./Core/Src/stm32f1xx_it.o
                0x08000a4c                MemManage_Handler
 .text.BusFault_Handler
                0x08000a54        0x8 ./Core/Src/stm32f1xx_it.o
                0x08000a54                BusFault_Handler
 .text.UsageFault_Handler
                0x08000a5c        0x8 ./Core/Src/stm32f1xx_it.o
                0x08000a5c                UsageFault_Handler
 .text.SVC_Handler
                0x08000a64        0xc ./Core/Src/stm32f1xx_it.o
                0x08000a64                SVC_Handler
 .text.DebugMon_Handler
                0x08000a70        0xc ./Core/Src/stm32f1xx_it.o
                0x08000a70                DebugMon_Handler
 .text.PendSV_Handler
                0x08000a7c        0xc ./Core/Src/stm32f1xx_it.o
                0x08000a7c                PendSV_Handler
 .text.SysTick_Handler
                0x08000a88        0xc ./Core/Src/stm32f1xx_it.o
                0x08000a88                SysTick_Handler
 .text.EXTI1_IRQHandler
                0x08000a94        0xe ./Core/Src/stm32f1xx_it.o
                0x08000a94                EXTI1_IRQHandler
 *fill*         0x08000aa2        0x2 
 .text.DMA1_Channel4_IRQHandler
                0x08000aa4       0x14 ./Core/Src/stm32f1xx_it.o
                0x08000aa4                DMA1_Channel4_IRQHandler
 .text.CAN1_RX1_IRQHandler
                0x08000ab8       0x14 ./Core/Src/stm32f1xx_it.o
                0x08000ab8                CAN1_RX1_IRQHandler
 .text.TIM1_UP_IRQHandler
                0x08000acc       0x14 ./Core/Src/stm32f1xx_it.o
                0x08000acc                TIM1_UP_IRQHandler
 .text.USART1_IRQHandler
                0x08000ae0       0x14 ./Core/Src/stm32f1xx_it.o
                0x08000ae0                USART1_IRQHandler
 .text.SystemInit
                0x08000af4        0xc ./Core/Src/system_stm32f1xx.o
                0x08000af4                SystemInit
 .text.MX_TIM1_Init
                0x08000b00       0xa0 ./Core/Src/tim.o
                0x08000b00                MX_TIM1_Init
 .text.HAL_TIM_Base_MspInit
                0x08000ba0       0x4c ./Core/Src/tim.o
                0x08000ba0                HAL_TIM_Base_MspInit
 .text.MX_USART1_UART_Init
                0x08000bec       0x54 ./Core/Src/usart.o
                0x08000bec                MX_USART1_UART_Init
 .text.HAL_UART_MspInit
                0x08000c40       0xfc ./Core/Src/usart.o
                0x08000c40                HAL_UART_MspInit
 .text.Reset_Handler
                0x08000d3c       0x48 ./Core/Startup/startup_stm32f103c8tx.o
                0x08000d3c                Reset_Handler
 .text.Default_Handler
                0x08000d84        0x2 ./Core/Startup/startup_stm32f103c8tx.o
                0x08000d84                RTC_Alarm_IRQHandler
                0x08000d84                EXTI2_IRQHandler
                0x08000d84                TIM1_CC_IRQHandler
                0x08000d84                PVD_IRQHandler
                0x08000d84                EXTI3_IRQHandler
                0x08000d84                EXTI0_IRQHandler
                0x08000d84                I2C2_EV_IRQHandler
                0x08000d84                ADC1_2_IRQHandler
                0x08000d84                SPI1_IRQHandler
                0x08000d84                TAMPER_IRQHandler
                0x08000d84                USART3_IRQHandler
                0x08000d84                RTC_IRQHandler
                0x08000d84                DMA1_Channel7_IRQHandler
                0x08000d84                TIM4_IRQHandler
                0x08000d84                I2C1_EV_IRQHandler
                0x08000d84                DMA1_Channel6_IRQHandler
                0x08000d84                TIM3_IRQHandler
                0x08000d84                RCC_IRQHandler
                0x08000d84                TIM1_TRG_COM_IRQHandler
                0x08000d84                DMA1_Channel1_IRQHandler
                0x08000d84                Default_Handler
                0x08000d84                EXTI15_10_IRQHandler
                0x08000d84                EXTI9_5_IRQHandler
                0x08000d84                SPI2_IRQHandler
                0x08000d84                DMA1_Channel5_IRQHandler
                0x08000d84                EXTI4_IRQHandler
                0x08000d84                USB_LP_CAN1_RX0_IRQHandler
                0x08000d84                USB_HP_CAN1_TX_IRQHandler
                0x08000d84                DMA1_Channel3_IRQHandler
                0x08000d84                WWDG_IRQHandler
                0x08000d84                TIM2_IRQHandler
                0x08000d84                TIM1_BRK_IRQHandler
                0x08000d84                USART2_IRQHandler
                0x08000d84                I2C2_ER_IRQHandler
                0x08000d84                DMA1_Channel2_IRQHandler
                0x08000d84                CAN1_SCE_IRQHandler
                0x08000d84                FLASH_IRQHandler
                0x08000d84                I2C1_ER_IRQHandler
                0x08000d84                USBWakeUp_IRQHandler
 *fill*         0x08000d86        0x2 
 .text.HAL_Init
                0x08000d88       0x2c ./Drivers/STM32F1xx_HAL_Driver/Src/stm32f1xx_hal.o
                0x08000d88                HAL_Init
 .text.HAL_InitTick
                0x08000db4       0x60 ./Drivers/STM32F1xx_HAL_Driver/Src/stm32f1xx_hal.o
                0x08000db4                HAL_InitTick
 .text.HAL_IncTick
                0x08000e14       0x24 ./Drivers/STM32F1xx_HAL_Driver/Src/stm32f1xx_hal.o
                0x08000e14                HAL_IncTick
 .text.HAL_GetTick
                0x08000e38       0x14 ./Drivers/STM32F1xx_HAL_Driver/Src/stm32f1xx_hal.o
                0x08000e38                HAL_GetTick
 .text.HAL_Delay
                0x08000e4c       0x48 ./Drivers/STM32F1xx_HAL_Driver/Src/stm32f1xx_hal.o
                0x08000e4c                HAL_Delay
 .text.HAL_CAN_Init
                0x08000e94      0x1f6 ./Drivers/STM32F1xx_HAL_Driver/Src/stm32f1xx_hal_can.o
                0x08000e94                HAL_CAN_Init
 .text.HAL_CAN_ConfigFilter
                0x0800108a      0x192 ./Drivers/STM32F1xx_HAL_Driver/Src/stm32f1xx_hal_can.o
                0x0800108a                HAL_CAN_ConfigFilter
 .text.HAL_CAN_Start
                0x0800121c       0x88 ./Drivers/STM32F1xx_HAL_Driver/Src/stm32f1xx_hal_can.o
                0x0800121c                HAL_CAN_Start
 .text.HAL_CAN_GetRxMessage
                0x080012a4      0x242 ./Drivers/STM32F1xx_HAL_Driver/Src/stm32f1xx_hal_can.o
                0x080012a4                HAL_CAN_GetRxMessage
 .text.HAL_CAN_IRQHandler
                0x080014e6      0x36e ./Drivers/STM32F1xx_HAL_Driver/Src/stm32f1xx_hal_can.o
                0x080014e6                HAL_CAN_IRQHandler
 .text.HAL_CAN_TxMailbox0CompleteCallback
                0x08001854       0x12 ./Drivers/STM32F1xx_HAL_Driver/Src/stm32f1xx_hal_can.o
                0x08001854                HAL_CAN_TxMailbox0CompleteCallback
 .text.HAL_CAN_TxMailbox1CompleteCallback
                0x08001866       0x12 ./Drivers/STM32F1xx_HAL_Driver/Src/stm32f1xx_hal_can.o
                0x08001866                HAL_CAN_TxMailbox1CompleteCallback
 .text.HAL_CAN_TxMailbox2CompleteCallback
                0x08001878       0x12 ./Drivers/STM32F1xx_HAL_Driver/Src/stm32f1xx_hal_can.o
                0x08001878                HAL_CAN_TxMailbox2CompleteCallback
 .text.HAL_CAN_TxMailbox0AbortCallback
                0x0800188a       0x12 ./Drivers/STM32F1xx_HAL_Driver/Src/stm32f1xx_hal_can.o
                0x0800188a                HAL_CAN_TxMailbox0AbortCallback
 .text.HAL_CAN_TxMailbox1AbortCallback
                0x0800189c       0x12 ./Drivers/STM32F1xx_HAL_Driver/Src/stm32f1xx_hal_can.o
                0x0800189c                HAL_CAN_TxMailbox1AbortCallback
 .text.HAL_CAN_TxMailbox2AbortCallback
                0x080018ae       0x12 ./Drivers/STM32F1xx_HAL_Driver/Src/stm32f1xx_hal_can.o
                0x080018ae                HAL_CAN_TxMailbox2AbortCallback
 .text.HAL_CAN_RxFifo0MsgPendingCallback
                0x080018c0       0x12 ./Drivers/STM32F1xx_HAL_Driver/Src/stm32f1xx_hal_can.o
                0x080018c0                HAL_CAN_RxFifo0MsgPendingCallback
 .text.HAL_CAN_RxFifo0FullCallback
                0x080018d2       0x12 ./Drivers/STM32F1xx_HAL_Driver/Src/stm32f1xx_hal_can.o
                0x080018d2                HAL_CAN_RxFifo0FullCallback
 .text.HAL_CAN_RxFifo1FullCallback
                0x080018e4       0x12 ./Drivers/STM32F1xx_HAL_Driver/Src/stm32f1xx_hal_can.o
                0x080018e4                HAL_CAN_RxFifo1FullCallback
 .text.HAL_CAN_SleepCallback
                0x080018f6       0x12 ./Drivers/STM32F1xx_HAL_Driver/Src/stm32f1xx_hal_can.o
                0x080018f6                HAL_CAN_SleepCallback
 .text.HAL_CAN_WakeUpFromRxMsgCallback
                0x08001908       0x12 ./Drivers/STM32F1xx_HAL_Driver/Src/stm32f1xx_hal_can.o
                0x08001908                HAL_CAN_WakeUpFromRxMsgCallback
 .text.HAL_CAN_ErrorCallback
                0x0800191a       0x12 ./Drivers/STM32F1xx_HAL_Driver/Src/stm32f1xx_hal_can.o
                0x0800191a                HAL_CAN_ErrorCallback
 .text.__NVIC_SetPriorityGrouping
                0x0800192c       0x48 ./Drivers/STM32F1xx_HAL_Driver/Src/stm32f1xx_hal_cortex.o
 .text.__NVIC_GetPriorityGrouping
                0x08001974       0x1c ./Drivers/STM32F1xx_HAL_Driver/Src/stm32f1xx_hal_cortex.o
 .text.__NVIC_EnableIRQ
                0x08001990       0x38 ./Drivers/STM32F1xx_HAL_Driver/Src/stm32f1xx_hal_cortex.o
 .text.__NVIC_SetPriority
                0x080019c8       0x54 ./Drivers/STM32F1xx_HAL_Driver/Src/stm32f1xx_hal_cortex.o
 .text.NVIC_EncodePriority
                0x08001a1c       0x64 ./Drivers/STM32F1xx_HAL_Driver/Src/stm32f1xx_hal_cortex.o
 .text.SysTick_Config
                0x08001a80       0x44 ./Drivers/STM32F1xx_HAL_Driver/Src/stm32f1xx_hal_cortex.o
 .text.HAL_NVIC_SetPriorityGrouping
                0x08001ac4       0x16 ./Drivers/STM32F1xx_HAL_Driver/Src/stm32f1xx_hal_cortex.o
                0x08001ac4                HAL_NVIC_SetPriorityGrouping
 .text.HAL_NVIC_SetPriority
                0x08001ada       0x38 ./Drivers/STM32F1xx_HAL_Driver/Src/stm32f1xx_hal_cortex.o
                0x08001ada                HAL_NVIC_SetPriority
 .text.HAL_NVIC_EnableIRQ
                0x08001b12       0x1c ./Drivers/STM32F1xx_HAL_Driver/Src/stm32f1xx_hal_cortex.o
                0x08001b12                HAL_NVIC_EnableIRQ
 .text.HAL_SYSTICK_Config
                0x08001b2e       0x18 ./Drivers/STM32F1xx_HAL_Driver/Src/stm32f1xx_hal_cortex.o
                0x08001b2e                HAL_SYSTICK_Config
 *fill*         0x08001b46        0x2 
 .text.HAL_DMA_Init
                0x08001b48       0xb4 ./Drivers/STM32F1xx_HAL_Driver/Src/stm32f1xx_hal_dma.o
                0x08001b48                HAL_DMA_Init
 .text.HAL_DMA_Start_IT
                0x08001bfc       0xc0 ./Drivers/STM32F1xx_HAL_Driver/Src/stm32f1xx_hal_dma.o
                0x08001bfc                HAL_DMA_Start_IT
 .text.HAL_DMA_Abort
                0x08001cbc       0x76 ./Drivers/STM32F1xx_HAL_Driver/Src/stm32f1xx_hal_dma.o
                0x08001cbc                HAL_DMA_Abort
 *fill*         0x08001d32        0x2 
 .text.HAL_DMA_Abort_IT
                0x08001d34       0xf0 ./Drivers/STM32F1xx_HAL_Driver/Src/stm32f1xx_hal_dma.o
                0x08001d34                HAL_DMA_Abort_IT
 .text.HAL_DMA_IRQHandler
                0x08001e24      0x20c ./Drivers/STM32F1xx_HAL_Driver/Src/stm32f1xx_hal_dma.o
                0x08001e24                HAL_DMA_IRQHandler
 .text.DMA_SetConfig
                0x08002030       0x5a ./Drivers/STM32F1xx_HAL_Driver/Src/stm32f1xx_hal_dma.o
 *fill*         0x0800208a        0x2 
 .text.HAL_GPIO_Init
                0x0800208c      0x308 ./Drivers/STM32F1xx_HAL_Driver/Src/stm32f1xx_hal_gpio.o
                0x0800208c                HAL_GPIO_Init
 .text.HAL_GPIO_ReadPin
                0x08002394       0x2e ./Drivers/STM32F1xx_HAL_Driver/Src/stm32f1xx_hal_gpio.o
                0x08002394                HAL_GPIO_ReadPin
 .text.HAL_GPIO_WritePin
                0x080023c2       0x30 ./Drivers/STM32F1xx_HAL_Driver/Src/stm32f1xx_hal_gpio.o
                0x080023c2                HAL_GPIO_WritePin
 .text.HAL_GPIO_TogglePin
                0x080023f2       0x32 ./Drivers/STM32F1xx_HAL_Driver/Src/stm32f1xx_hal_gpio.o
                0x080023f2                HAL_GPIO_TogglePin
 .text.HAL_GPIO_EXTI_IRQHandler
                0x08002424       0x30 ./Drivers/STM32F1xx_HAL_Driver/Src/stm32f1xx_hal_gpio.o
                0x08002424                HAL_GPIO_EXTI_IRQHandler
 .text.HAL_RCC_OscConfig
                0x08002454      0x504 ./Drivers/STM32F1xx_HAL_Driver/Src/stm32f1xx_hal_rcc.o
                0x08002454                HAL_RCC_OscConfig
 .text.HAL_RCC_ClockConfig
                0x08002958      0x1d4 ./Drivers/STM32F1xx_HAL_Driver/Src/stm32f1xx_hal_rcc.o
                0x08002958                HAL_RCC_ClockConfig
 .text.HAL_RCC_GetSysClockFreq
                0x08002b2c       0xa8 ./Drivers/STM32F1xx_HAL_Driver/Src/stm32f1xx_hal_rcc.o
                0x08002b2c                HAL_RCC_GetSysClockFreq
 .text.HAL_RCC_GetHCLKFreq
                0x08002bd4       0x14 ./Drivers/STM32F1xx_HAL_Driver/Src/stm32f1xx_hal_rcc.o
                0x08002bd4                HAL_RCC_GetHCLKFreq
 .text.HAL_RCC_GetPCLK1Freq
                0x08002be8       0x28 ./Drivers/STM32F1xx_HAL_Driver/Src/stm32f1xx_hal_rcc.o
                0x08002be8                HAL_RCC_GetPCLK1Freq
 .text.HAL_RCC_GetPCLK2Freq
                0x08002c10       0x28 ./Drivers/STM32F1xx_HAL_Driver/Src/stm32f1xx_hal_rcc.o
                0x08002c10                HAL_RCC_GetPCLK2Freq
 .text.RCC_Delay
                0x08002c38       0x3c ./Drivers/STM32F1xx_HAL_Driver/Src/stm32f1xx_hal_rcc.o
 .text.HAL_SPI_Init
                0x08002c74      0x108 ./Drivers/STM32F1xx_HAL_Driver/Src/stm32f1xx_hal_spi.o
                0x08002c74                HAL_SPI_Init
 .text.HAL_SPI_Transmit
                0x08002d7c      0x288 ./Drivers/STM32F1xx_HAL_Driver/Src/stm32f1xx_hal_spi.o
                0x08002d7c                HAL_SPI_Transmit
 .text.HAL_SPI_TransmitReceive
                0x08003004      0x352 ./Drivers/STM32F1xx_HAL_Driver/Src/stm32f1xx_hal_spi.o
                0x08003004                HAL_SPI_TransmitReceive
 *fill*         0x08003356        0x2 
 .text.SPI_WaitFlagStateUntilTimeout
                0x08003358      0x110 ./Drivers/STM32F1xx_HAL_Driver/Src/stm32f1xx_hal_spi.o
 .text.SPI_EndRxTxTransaction
                0x08003468       0x62 ./Drivers/STM32F1xx_HAL_Driver/Src/stm32f1xx_hal_spi.o
 .text.HAL_TIM_Base_Init
                0x080034ca       0x9e ./Drivers/STM32F1xx_HAL_Driver/Src/stm32f1xx_hal_tim.o
                0x080034ca                HAL_TIM_Base_Init
 .text.HAL_TIM_Base_Start_IT
                0x08003568       0xa4 ./Drivers/STM32F1xx_HAL_Driver/Src/stm32f1xx_hal_tim.o
                0x08003568                HAL_TIM_Base_Start_IT
 .text.HAL_TIM_IRQHandler
                0x0800360c      0x1e0 ./Drivers/STM32F1xx_HAL_Driver/Src/stm32f1xx_hal_tim.o
                0x0800360c                HAL_TIM_IRQHandler
 .text.HAL_TIM_ConfigClockSource
                0x080037ec      0x18e ./Drivers/STM32F1xx_HAL_Driver/Src/stm32f1xx_hal_tim.o
                0x080037ec                HAL_TIM_ConfigClockSource
 .text.HAL_TIM_OC_DelayElapsedCallback
                0x0800397a       0x12 ./Drivers/STM32F1xx_HAL_Driver/Src/stm32f1xx_hal_tim.o
                0x0800397a                HAL_TIM_OC_DelayElapsedCallback
 .text.HAL_TIM_IC_CaptureCallback
                0x0800398c       0x12 ./Drivers/STM32F1xx_HAL_Driver/Src/stm32f1xx_hal_tim.o
                0x0800398c                HAL_TIM_IC_CaptureCallback
 .text.HAL_TIM_PWM_PulseFinishedCallback
                0x0800399e       0x12 ./Drivers/STM32F1xx_HAL_Driver/Src/stm32f1xx_hal_tim.o
                0x0800399e                HAL_TIM_PWM_PulseFinishedCallback
 .text.HAL_TIM_TriggerCallback
                0x080039b0       0x12 ./Drivers/STM32F1xx_HAL_Driver/Src/stm32f1xx_hal_tim.o
                0x080039b0                HAL_TIM_TriggerCallback
 *fill*         0x080039c2        0x2 
 .text.TIM_Base_SetConfig
                0x080039c4       0xdc ./Drivers/STM32F1xx_HAL_Driver/Src/stm32f1xx_hal_tim.o
                0x080039c4                TIM_Base_SetConfig
 .text.TIM_TI1_ConfigInputStage
                0x08003aa0       0x5c ./Drivers/STM32F1xx_HAL_Driver/Src/stm32f1xx_hal_tim.o
 .text.TIM_TI2_ConfigInputStage
                0x08003afc       0x5e ./Drivers/STM32F1xx_HAL_Driver/Src/stm32f1xx_hal_tim.o
 .text.TIM_ITRx_SetConfig
                0x08003b5a       0x34 ./Drivers/STM32F1xx_HAL_Driver/Src/stm32f1xx_hal_tim.o
 .text.TIM_ETR_SetConfig
                0x08003b8e       0x3e ./Drivers/STM32F1xx_HAL_Driver/Src/stm32f1xx_hal_tim.o
                0x08003b8e                TIM_ETR_SetConfig
 .text.HAL_TIMEx_MasterConfigSynchronization
                0x08003bcc       0xbc ./Drivers/STM32F1xx_HAL_Driver/Src/stm32f1xx_hal_tim_ex.o
                0x08003bcc                HAL_TIMEx_MasterConfigSynchronization
 .text.HAL_TIMEx_CommutCallback
                0x08003c88       0x12 ./Drivers/STM32F1xx_HAL_Driver/Src/stm32f1xx_hal_tim_ex.o
                0x08003c88                HAL_TIMEx_CommutCallback
 .text.HAL_TIMEx_BreakCallback
                0x08003c9a       0x12 ./Drivers/STM32F1xx_HAL_Driver/Src/stm32f1xx_hal_tim_ex.o
                0x08003c9a                HAL_TIMEx_BreakCallback
 .text.HAL_UART_Init
                0x08003cac       0xa0 ./Drivers/STM32F1xx_HAL_Driver/Src/stm32f1xx_hal_uart.o
                0x08003cac                HAL_UART_Init
 .text.HAL_UART_Transmit_DMA
                0x08003d4c       0xe0 ./Drivers/STM32F1xx_HAL_Driver/Src/stm32f1xx_hal_uart.o
                0x08003d4c                HAL_UART_Transmit_DMA
 .text.HAL_UART_IRQHandler
                0x08003e2c      0x524 ./Drivers/STM32F1xx_HAL_Driver/Src/stm32f1xx_hal_uart.o
                0x08003e2c                HAL_UART_IRQHandler
 .text.HAL_UART_TxHalfCpltCallback
                0x08004350       0x12 ./Drivers/STM32F1xx_HAL_Driver/Src/stm32f1xx_hal_uart.o
                0x08004350                HAL_UART_TxHalfCpltCallback
 .text.HAL_UART_RxCpltCallback
                0x08004362       0x12 ./Drivers/STM32F1xx_HAL_Driver/Src/stm32f1xx_hal_uart.o
                0x08004362                HAL_UART_RxCpltCallback
 .text.HAL_UART_ErrorCallback
                0x08004374       0x12 ./Drivers/STM32F1xx_HAL_Driver/Src/stm32f1xx_hal_uart.o
                0x08004374                HAL_UART_ErrorCallback
 .text.HAL_UARTEx_RxEventCallback
                0x08004386       0x16 ./Drivers/STM32F1xx_HAL_Driver/Src/stm32f1xx_hal_uart.o
                0x08004386                HAL_UARTEx_RxEventCallback
 .text.UART_DMATransmitCplt
                0x0800439c       0x9a ./Drivers/STM32F1xx_HAL_Driver/Src/stm32f1xx_hal_uart.o
 .text.UART_DMATxHalfCplt
                0x08004436       0x1c ./Drivers/STM32F1xx_HAL_Driver/Src/stm32f1xx_hal_uart.o
 .text.UART_DMAError
                0x08004452       0x94 ./Drivers/STM32F1xx_HAL_Driver/Src/stm32f1xx_hal_uart.o
 .text.UART_EndTxTransfer
                0x080044e6       0x4e ./Drivers/STM32F1xx_HAL_Driver/Src/stm32f1xx_hal_uart.o
 .text.UART_EndRxTransfer
                0x08004534       0xc4 ./Drivers/STM32F1xx_HAL_Driver/Src/stm32f1xx_hal_uart.o
 .text.UART_DMAAbortOnError
                0x080045f8       0x28 ./Drivers/STM32F1xx_HAL_Driver/Src/stm32f1xx_hal_uart.o
 .text.UART_Transmit_IT
                0x08004620       0x9e ./Drivers/STM32F1xx_HAL_Driver/Src/stm32f1xx_hal_uart.o
 .text.UART_EndTransmit_IT
                0x080046be       0x30 ./Drivers/STM32F1xx_HAL_Driver/Src/stm32f1xx_hal_uart.o
 .text.UART_Receive_IT
                0x080046ee      0x17c ./Drivers/STM32F1xx_HAL_Driver/Src/stm32f1xx_hal_uart.o
 *fill*         0x0800486a        0x2 
 .text.UART_SetConfig
                0x0800486c      0x11c ./Drivers/STM32F1xx_HAL_Driver/Src/stm32f1xx_hal_uart.o
 .text.CAN_Init
                0x08004988       0x36 ./User/Src/Can_Config.o
                0x08004988                CAN_Init
 .text.CAN_Filter_Config
                0x080049be       0xa0 ./User/Src/Can_Config.o
                0x080049be                CAN_Filter_Config
 .text.llcc68_set_standby
                0x08004a5e       0x30 ./User/Src/llcc68.o
                0x08004a5e                llcc68_set_standby
 .text.llcc68_set_tx
                0x08004a8e       0x30 ./User/Src/llcc68.o
                0x08004a8e                llcc68_set_tx
 .text.llcc68_set_tx_with_timeout_in_rtc_step
                0x08004abe       0x40 ./User/Src/llcc68.o
                0x08004abe                llcc68_set_tx_with_timeout_in_rtc_step
 .text.llcc68_set_rx
                0x08004afe       0x30 ./User/Src/llcc68.o
                0x08004afe                llcc68_set_rx
 .text.llcc68_set_rx_with_timeout_in_rtc_step
                0x08004b2e       0x40 ./User/Src/llcc68.o
                0x08004b2e                llcc68_set_rx_with_timeout_in_rtc_step
 .text.llcc68_set_pa_cfg
                0x08004b6e       0x42 ./User/Src/llcc68.o
                0x08004b6e                llcc68_set_pa_cfg
 .text.llcc68_write_register
                0x08004bb0       0x46 ./User/Src/llcc68.o
                0x08004bb0                llcc68_write_register
 .text.llcc68_read_register
                0x08004bf6       0x4a ./User/Src/llcc68.o
                0x08004bf6                llcc68_read_register
 .text.llcc68_write_buffer
                0x08004c40       0x3a ./User/Src/llcc68.o
                0x08004c40                llcc68_write_buffer
 .text.llcc68_read_buffer
                0x08004c7a       0x3e ./User/Src/llcc68.o
                0x08004c7a                llcc68_read_buffer
 .text.llcc68_set_dio_irq_params
                0x08004cb8       0x7a ./User/Src/llcc68.o
                0x08004cb8                llcc68_set_dio_irq_params
 .text.llcc68_get_irq_status
                0x08004d32       0x4a ./User/Src/llcc68.o
                0x08004d32                llcc68_get_irq_status
 .text.llcc68_clear_irq_status
                0x08004d7c       0x3c ./User/Src/llcc68.o
                0x08004d7c                llcc68_clear_irq_status
 .text.llcc68_set_rf_freq
                0x08004db8       0x24 ./User/Src/llcc68.o
                0x08004db8                llcc68_set_rf_freq
 .text.llcc68_set_rf_freq_in_pll_steps
                0x08004ddc       0x48 ./User/Src/llcc68.o
                0x08004ddc                llcc68_set_rf_freq_in_pll_steps
 .text.llcc68_set_pkt_type
                0x08004e24       0x30 ./User/Src/llcc68.o
                0x08004e24                llcc68_set_pkt_type
 .text.llcc68_set_tx_params
                0x08004e54       0x38 ./User/Src/llcc68.o
                0x08004e54                llcc68_set_tx_params
 .text.llcc68_set_lora_mod_params
                0x08004e8c       0x92 ./User/Src/llcc68.o
                0x08004e8c                llcc68_set_lora_mod_params
 .text.llcc68_set_lora_pkt_params
                0x08004f1e       0xc4 ./User/Src/llcc68.o
                0x08004f1e                llcc68_set_lora_pkt_params
 .text.llcc68_set_buffer_base_address
                0x08004fe2       0x38 ./User/Src/llcc68.o
                0x08004fe2                llcc68_set_buffer_base_address
 .text.llcc68_get_status
                0x0800501a       0x56 ./User/Src/llcc68.o
                0x0800501a                llcc68_get_status
 .text.llcc68_get_rx_buffer_status
                0x08005070       0x46 ./User/Src/llcc68.o
                0x08005070                llcc68_get_rx_buffer_status
 .text.llcc68_reset
                0x080050b6       0x18 ./User/Src/llcc68.o
                0x080050b6                llcc68_reset
 *fill*         0x080050ce        0x2 
 .text.llcc68_convert_freq_in_hz_to_pll_step
                0x080050d0       0x4c ./User/Src/llcc68.o
                0x080050d0                llcc68_convert_freq_in_hz_to_pll_step
 .text.llcc68_convert_timeout_in_ms_to_rtc_step
                0x0800511c       0x16 ./User/Src/llcc68.o
                0x0800511c                llcc68_convert_timeout_in_ms_to_rtc_step
 .text.llcc68_tx_modulation_workaround
                0x08005132       0x7a ./User/Src/llcc68.o
 .text.LLCC68_Init
                0x080051ac      0x290 ./User/Src/llcc68_app.o
                0x080051ac                LLCC68_Init
 .text.LLCC68_Send
                0x0800543c       0x6c ./User/Src/llcc68_app.o
                0x0800543c                LLCC68_Send
 .text.LLCC68_Receive
                0x080054a8       0x2c ./User/Src/llcc68_app.o
                0x080054a8                LLCC68_Receive
 .text.LLCC68_Wait_Busy
                0x080054d4        0xc ./User/Src/llcc68_app.o
                0x080054d4                LLCC68_Wait_Busy
 .text.LLCC68_TransmitCallback
                0x080054e0        0xc ./User/Src/llcc68_app.o
                0x080054e0                LLCC68_TransmitCallback
 .text.LLCC68_ReceiveCallback
                0x080054ec       0x1e ./User/Src/llcc68_app.o
                0x080054ec                LLCC68_ReceiveCallback
 *fill*         0x0800550a        0x2 
 .text.Driver_Wait_Busy
                0x0800550c       0x20 ./User/Src/llcc68_app.o
                0x0800550c                Driver_Wait_Busy
 .text.Driver_TransmitCallback
                0x0800552c       0x2c ./User/Src/llcc68_app.o
                0x0800552c                Driver_TransmitCallback
 .text.Driver_ReceiveCallback
                0x08005558       0xd4 ./User/Src/llcc68_app.o
                0x08005558                Driver_ReceiveCallback
 .text.llcc68_hal_write
                0x0800562c      0x128 ./User/Src/llcc68_hal.o
                0x0800562c                llcc68_hal_write
 .text.llcc68_hal_read
                0x08005754      0x1d4 ./User/Src/llcc68_hal.o
                0x08005754                llcc68_hal_read
 .text.llcc68_hal_reset
                0x08005928       0x2c ./User/Src/llcc68_hal.o
                0x08005928                llcc68_hal_reset
 .text.memset   0x08005954       0x10 C:/ST/STM32CubeIDE_1.19.0/STM32CubeIDE/plugins/com.st.stm32cube.ide.mcu.externaltools.gnu-tools-for-stm32.13.3.rel1.win32_1.0.0.202411081344/tools/bin/../lib/gcc/arm-none-eabi/13.3.1/../../../../arm-none-eabi/lib/thumb/v7-m/nofp\libc_nano.a(libc_a-memset.o)
                0x08005954                memset
 .text.strncmp  0x08005964       0x24 C:/ST/STM32CubeIDE_1.19.0/STM32CubeIDE/plugins/com.st.stm32cube.ide.mcu.externaltools.gnu-tools-for-stm32.13.3.rel1.win32_1.0.0.202411081344/tools/bin/../lib/gcc/arm-none-eabi/13.3.1/../../../../arm-none-eabi/lib/thumb/v7-m/nofp\libc_nano.a(libc_a-strncmp.o)
                0x08005964                strncmp
 .text.__libc_init_array
                0x08005988       0x48 C:/ST/STM32CubeIDE_1.19.0/STM32CubeIDE/plugins/com.st.stm32cube.ide.mcu.externaltools.gnu-tools-for-stm32.13.3.rel1.win32_1.0.0.202411081344/tools/bin/../lib/gcc/arm-none-eabi/13.3.1/../../../../arm-none-eabi/lib/thumb/v7-m/nofp\libc_nano.a(libc_a-init.o)
                0x08005988                __libc_init_array
 *(.glue_7)
 .glue_7        0x080059d0        0x0 linker stubs
 *(.glue_7t)
 .glue_7t       0x080059d0        0x0 linker stubs
 *(.eh_frame)
 .eh_frame      0x080059d0        0x0 C:/ST/STM32CubeIDE_1.19.0/STM32CubeIDE/plugins/com.st.stm32cube.ide.mcu.externaltools.gnu-tools-for-stm32.13.3.rel1.win32_1.0.0.202411081344/tools/bin/../lib/gcc/arm-none-eabi/13.3.1/thumb/v7-m/nofp/crtbegin.o
 *(.init)
 .init          0x080059d0        0x4 C:/ST/STM32CubeIDE_1.19.0/STM32CubeIDE/plugins/com.st.stm32cube.ide.mcu.externaltools.gnu-tools-for-stm32.13.3.rel1.win32_1.0.0.202411081344/tools/bin/../lib/gcc/arm-none-eabi/13.3.1/thumb/v7-m/nofp/crti.o
                0x080059d0                _init
 .init          0x080059d4        0x8 C:/ST/STM32CubeIDE_1.19.0/STM32CubeIDE/plugins/com.st.stm32cube.ide.mcu.externaltools.gnu-tools-for-stm32.13.3.rel1.win32_1.0.0.202411081344/tools/bin/../lib/gcc/arm-none-eabi/13.3.1/thumb/v7-m/nofp/crtn.o
 *(.fini)
 .fini          0x080059dc        0x4 C:/ST/STM32CubeIDE_1.19.0/STM32CubeIDE/plugins/com.st.stm32cube.ide.mcu.externaltools.gnu-tools-for-stm32.13.3.rel1.win32_1.0.0.202411081344/tools/bin/../lib/gcc/arm-none-eabi/13.3.1/thumb/v7-m/nofp/crti.o
                0x080059dc                _fini
 .fini          0x080059e0        0x8 C:/ST/STM32CubeIDE_1.19.0/STM32CubeIDE/plugins/com.st.stm32cube.ide.mcu.externaltools.gnu-tools-for-stm32.13.3.rel1.win32_1.0.0.202411081344/tools/bin/../lib/gcc/arm-none-eabi/13.3.1/thumb/v7-m/nofp/crtn.o
                0x080059e8                        . = ALIGN (0x4)
                0x080059e8                        _etext = .

.vfp11_veneer   0x080059e8        0x0
 .vfp11_veneer  0x080059e8        0x0 linker stubs

.v4_bx          0x080059e8        0x0
 .v4_bx         0x080059e8        0x0 linker stubs

.iplt           0x080059e8        0x0
 .iplt          0x080059e8        0x0 C:/ST/STM32CubeIDE_1.19.0/STM32CubeIDE/plugins/com.st.stm32cube.ide.mcu.externaltools.gnu-tools-for-stm32.13.3.rel1.win32_1.0.0.202411081344/tools/bin/../lib/gcc/arm-none-eabi/13.3.1/thumb/v7-m/nofp/crtbegin.o

.rodata         0x080059e8       0x58
                0x080059e8                        . = ALIGN (0x4)
 *(.rodata)
 .rodata        0x080059e8       0x2c ./User/Src/llcc68_app.o
 *(.rodata*)
 .rodata.AHBPrescTable
                0x08005a14       0x10 ./Core/Src/system_stm32f1xx.o
                0x08005a14                AHBPrescTable
 .rodata.APBPrescTable
                0x08005a24        0x8 ./Core/Src/system_stm32f1xx.o
                0x08005a24                APBPrescTable
 .rodata.aPLLMULFactorTable.1
                0x08005a2c       0x10 ./Drivers/STM32F1xx_HAL_Driver/Src/stm32f1xx_hal_rcc.o
 .rodata.aPredivFactorTable.0
                0x08005a3c        0x2 ./Drivers/STM32F1xx_HAL_Driver/Src/stm32f1xx_hal_rcc.o
                0x08005a40                        . = ALIGN (0x4)
 *fill*         0x08005a3e        0x2 

.ARM.extab      0x08005a40        0x0
                0x08005a40                        . = ALIGN (0x4)
 *(.ARM.extab* .gnu.linkonce.armextab.*)
                0x08005a40                        . = ALIGN (0x4)

.ARM            0x08005a40        0x0
                0x08005a40                        . = ALIGN (0x4)
                0x08005a40                        __exidx_start = .
 *(.ARM.exidx*)
                0x08005a40                        __exidx_end = .
                0x08005a40                        . = ALIGN (0x4)

.preinit_array  0x08005a40        0x0
                0x08005a40                        . = ALIGN (0x4)
                0x08005a40                        PROVIDE (__preinit_array_start = .)
 *(.preinit_array*)
                0x08005a40                        PROVIDE (__preinit_array_end = .)
                0x08005a40                        . = ALIGN (0x4)

.init_array     0x08005a40        0x4
                0x08005a40                        . = ALIGN (0x4)
                0x08005a40                        PROVIDE (__init_array_start = .)
 *(SORT_BY_NAME(.init_array.*))
 *(.init_array*)
 .init_array    0x08005a40        0x4 C:/ST/STM32CubeIDE_1.19.0/STM32CubeIDE/plugins/com.st.stm32cube.ide.mcu.externaltools.gnu-tools-for-stm32.13.3.rel1.win32_1.0.0.202411081344/tools/bin/../lib/gcc/arm-none-eabi/13.3.1/thumb/v7-m/nofp/crtbegin.o
                0x08005a44                        PROVIDE (__init_array_end = .)
                0x08005a44                        . = ALIGN (0x4)

.fini_array     0x08005a44        0x4
                0x08005a44                        . = ALIGN (0x4)
                [!provide]                        PROVIDE (__fini_array_start = .)
 *(SORT_BY_NAME(.fini_array.*))
 *(.fini_array*)
 .fini_array    0x08005a44        0x4 C:/ST/STM32CubeIDE_1.19.0/STM32CubeIDE/plugins/com.st.stm32cube.ide.mcu.externaltools.gnu-tools-for-stm32.13.3.rel1.win32_1.0.0.202411081344/tools/bin/../lib/gcc/arm-none-eabi/13.3.1/thumb/v7-m/nofp/crtbegin.o
                [!provide]                        PROVIDE (__fini_array_end = .)
                0x08005a48                        . = ALIGN (0x4)
                0x08005a48                        _sidata = LOADADDR (.data)

.rel.dyn        0x08005a48        0x0
 .rel.iplt      0x08005a48        0x0 C:/ST/STM32CubeIDE_1.19.0/STM32CubeIDE/plugins/com.st.stm32cube.ide.mcu.externaltools.gnu-tools-for-stm32.13.3.rel1.win32_1.0.0.202411081344/tools/bin/../lib/gcc/arm-none-eabi/13.3.1/thumb/v7-m/nofp/crtbegin.o

.data           0x20000000       0x14 load address 0x08005a48
                0x20000000                        . = ALIGN (0x4)
                0x20000000                        _sdata = .
 *(.data)
 *(.data*)
 .data.SystemCoreClock
                0x20000000        0x4 ./Core/Src/system_stm32f1xx.o
                0x20000000                SystemCoreClock
 .data.uwTickPrio
                0x20000004        0x4 ./Drivers/STM32F1xx_HAL_Driver/Src/stm32f1xx_hal.o
                0x20000004                uwTickPrio
 .data.uwTickFreq
                0x20000008        0x1 ./Drivers/STM32F1xx_HAL_Driver/Src/stm32f1xx_hal.o
                0x20000008                uwTickFreq
 *fill*         0x20000009        0x3 
 .data.pkt_params
                0x2000000c        0x6 ./User/Src/llcc68_app.o
                0x2000000c                pkt_params
 *(.RamFunc)
 *(.RamFunc*)
                0x20000014                        . = ALIGN (0x4)
 *fill*         0x20000012        0x2 
                0x20000014                        _edata = .

.igot.plt       0x20000014        0x0 load address 0x08005a5c
 .igot.plt      0x20000014        0x0 C:/ST/STM32CubeIDE_1.19.0/STM32CubeIDE/plugins/com.st.stm32cube.ide.mcu.externaltools.gnu-tools-for-stm32.13.3.rel1.win32_1.0.0.202411081344/tools/bin/../lib/gcc/arm-none-eabi/13.3.1/thumb/v7-m/nofp/crtbegin.o
                0x20000014                        . = ALIGN (0x4)

.bss            0x20000014      0x3a4 load address 0x08005a5c
                0x20000014                        _sbss = .
                0x20000014                        __bss_start__ = _sbss
 *(.bss)
 .bss           0x20000014       0x1c C:/ST/STM32CubeIDE_1.19.0/STM32CubeIDE/plugins/com.st.stm32cube.ide.mcu.externaltools.gnu-tools-for-stm32.13.3.rel1.win32_1.0.0.202411081344/tools/bin/../lib/gcc/arm-none-eabi/13.3.1/thumb/v7-m/nofp/crtbegin.o
 *(.bss*)
 .bss.hcan      0x20000030       0x28 ./Core/Src/can.o
                0x20000030                hcan
 .bss.can_frame_buffer
                0x20000058      0x190 ./Core/Src/main.o
                0x20000058                can_frame_buffer
 .bss.can_frame_current_send_index
                0x200001e8        0x1 ./Core/Src/main.o
                0x200001e8                can_frame_current_send_index
 .bss.can_frame_current_receive_index
                0x200001e9        0x1 ./Core/Src/main.o
                0x200001e9                can_frame_current_receive_index
 .bss.can_frame_buffer_send_count
                0x200001ea        0x1 ./Core/Src/main.o
                0x200001ea                can_frame_buffer_send_count
 .bss.can_frame_buffer_receive_count
                0x200001eb        0x1 ./Core/Src/main.o
                0x200001eb                can_frame_buffer_receive_count
 .bss.llcc68_rx_buffer
                0x200001ec       0x80 ./Core/Src/main.o
                0x200001ec                llcc68_rx_buffer
 .bss.tick      0x2000026c        0x4 ./Core/Src/main.o
                0x2000026c                tick
 .bss.pb12_tick
                0x20000270        0x4 ./Core/Src/main.o
                0x20000270                pb12_tick
 .bss.pb13_tick
                0x20000274        0x4 ./Core/Src/main.o
                0x20000274                pb13_tick
 .bss.pb14_tick
                0x20000278        0x4 ./Core/Src/main.o
                0x20000278                pb14_tick
 .bss.hspi1     0x2000027c       0x58 ./Core/Src/spi.o
                0x2000027c                hspi1
 .bss.htim1     0x200002d4       0x48 ./Core/Src/tim.o
                0x200002d4                htim1
 .bss.huart1    0x2000031c       0x48 ./Core/Src/usart.o
                0x2000031c                huart1
 .bss.hdma_usart1_tx
                0x20000364       0x44 ./Core/Src/usart.o
                0x20000364                hdma_usart1_tx
 .bss.uwTick    0x200003a8        0x4 ./Drivers/STM32F1xx_HAL_Driver/Src/stm32f1xx_hal.o
                0x200003a8                uwTick
 .bss.chip_status
                0x200003ac        0x2 ./User/Src/llcc68_app.o
                0x200003ac                chip_status
 *fill*         0x200003ae        0x2 
 .bss.tx_base_address
                0x200003b0        0x4 ./User/Src/llcc68_app.o
                0x200003b0                tx_base_address
 .bss.rx_base_address
                0x200003b4        0x4 ./User/Src/llcc68_app.o
                0x200003b4                rx_base_address
 *(COMMON)
                0x200003b8                        . = ALIGN (0x4)
                0x200003b8                        _ebss = .
                0x200003b8                        __bss_end__ = _ebss

._user_heap_stack
                0x200003b8      0x600 load address 0x08005a5c
                0x200003b8                        . = ALIGN (0x8)
                [!provide]                        PROVIDE (end = .)
                0x200003b8                        PROVIDE (_end = .)
                0x200005b8                        . = (. + _Min_Heap_Size)
 *fill*         0x200003b8      0x200 
                0x200009b8                        . = (. + _Min_Stack_Size)
 *fill*         0x200005b8      0x400 
                0x200009b8                        . = ALIGN (0x8)

/DISCARD/
 libc.a(*)
 libm.a(*)
 libgcc.a(*)

.ARM.attributes
                0x00000000       0x29
 *(.ARM.attributes)
 .ARM.attributes
                0x00000000       0x1d C:/ST/STM32CubeIDE_1.19.0/STM32CubeIDE/plugins/com.st.stm32cube.ide.mcu.externaltools.gnu-tools-for-stm32.13.3.rel1.win32_1.0.0.202411081344/tools/bin/../lib/gcc/arm-none-eabi/13.3.1/thumb/v7-m/nofp/crti.o
 .ARM.attributes
                0x0000001d       0x2d C:/ST/STM32CubeIDE_1.19.0/STM32CubeIDE/plugins/com.st.stm32cube.ide.mcu.externaltools.gnu-tools-for-stm32.13.3.rel1.win32_1.0.0.202411081344/tools/bin/../lib/gcc/arm-none-eabi/13.3.1/thumb/v7-m/nofp/crtbegin.o
 .ARM.attributes
                0x0000004a       0x2d ./Core/Src/can.o
 .ARM.attributes
                0x00000077       0x2d ./Core/Src/dma.o
 .ARM.attributes
                0x000000a4       0x2d ./Core/Src/gpio.o
 .ARM.attributes
                0x000000d1       0x2d ./Core/Src/main.o
 .ARM.attributes
                0x000000fe       0x2d ./Core/Src/spi.o
 .ARM.attributes
                0x0000012b       0x2d ./Core/Src/stm32f1xx_hal_msp.o
 .ARM.attributes
                0x00000158       0x2d ./Core/Src/stm32f1xx_it.o
 .ARM.attributes
                0x00000185       0x2d ./Core/Src/system_stm32f1xx.o
 .ARM.attributes
                0x000001b2       0x2d ./Core/Src/tim.o
 .ARM.attributes
                0x000001df       0x2d ./Core/Src/usart.o
 .ARM.attributes
                0x0000020c       0x21 ./Core/Startup/startup_stm32f103c8tx.o
 .ARM.attributes
                0x0000022d       0x2d ./Drivers/STM32F1xx_HAL_Driver/Src/stm32f1xx_hal.o
 .ARM.attributes
                0x0000025a       0x2d ./Drivers/STM32F1xx_HAL_Driver/Src/stm32f1xx_hal_can.o
 .ARM.attributes
                0x00000287       0x2d ./Drivers/STM32F1xx_HAL_Driver/Src/stm32f1xx_hal_cortex.o
 .ARM.attributes
                0x000002b4       0x2d ./Drivers/STM32F1xx_HAL_Driver/Src/stm32f1xx_hal_dma.o
 .ARM.attributes
                0x000002e1       0x2d ./Drivers/STM32F1xx_HAL_Driver/Src/stm32f1xx_hal_gpio.o
 .ARM.attributes
                0x0000030e       0x2d ./Drivers/STM32F1xx_HAL_Driver/Src/stm32f1xx_hal_rcc.o
 .ARM.attributes
                0x0000033b       0x2d ./Drivers/STM32F1xx_HAL_Driver/Src/stm32f1xx_hal_spi.o
 .ARM.attributes
                0x00000368       0x2d ./Drivers/STM32F1xx_HAL_Driver/Src/stm32f1xx_hal_tim.o
 .ARM.attributes
                0x00000395       0x2d ./Drivers/STM32F1xx_HAL_Driver/Src/stm32f1xx_hal_tim_ex.o
 .ARM.attributes
                0x000003c2       0x2d ./Drivers/STM32F1xx_HAL_Driver/Src/stm32f1xx_hal_uart.o
 .ARM.attributes
                0x000003ef       0x2d ./User/Src/Can_Config.o
 .ARM.attributes
                0x0000041c       0x2d ./User/Src/llcc68.o
 .ARM.attributes
                0x00000449       0x2d ./User/Src/llcc68_app.o
 .ARM.attributes
                0x00000476       0x2d ./User/Src/llcc68_hal.o
 .ARM.attributes
                0x000004a3       0x2d C:/ST/STM32CubeIDE_1.19.0/STM32CubeIDE/plugins/com.st.stm32cube.ide.mcu.externaltools.gnu-tools-for-stm32.13.3.rel1.win32_1.0.0.202411081344/tools/bin/../lib/gcc/arm-none-eabi/13.3.1/../../../../arm-none-eabi/lib/thumb/v7-m/nofp\libc_nano.a(libc_a-memset.o)
 .ARM.attributes
                0x000004d0       0x2d C:/ST/STM32CubeIDE_1.19.0/STM32CubeIDE/plugins/com.st.stm32cube.ide.mcu.externaltools.gnu-tools-for-stm32.13.3.rel1.win32_1.0.0.202411081344/tools/bin/../lib/gcc/arm-none-eabi/13.3.1/../../../../arm-none-eabi/lib/thumb/v7-m/nofp\libc_nano.a(libc_a-strncmp.o)
 .ARM.attributes
                0x000004fd       0x2d C:/ST/STM32CubeIDE_1.19.0/STM32CubeIDE/plugins/com.st.stm32cube.ide.mcu.externaltools.gnu-tools-for-stm32.13.3.rel1.win32_1.0.0.202411081344/tools/bin/../lib/gcc/arm-none-eabi/13.3.1/../../../../arm-none-eabi/lib/thumb/v7-m/nofp\libc_nano.a(libc_a-init.o)
 .ARM.attributes
                0x0000052a       0x1d C:/ST/STM32CubeIDE_1.19.0/STM32CubeIDE/plugins/com.st.stm32cube.ide.mcu.externaltools.gnu-tools-for-stm32.13.3.rel1.win32_1.0.0.202411081344/tools/bin/../lib/gcc/arm-none-eabi/13.3.1/thumb/v7-m/nofp/crtn.o
OUTPUT(Wireless Manager.elf elf32-littlearm)
LOAD linker stubs
LOAD C:/ST/STM32CubeIDE_1.19.0/STM32CubeIDE/plugins/com.st.stm32cube.ide.mcu.externaltools.gnu-tools-for-stm32.13.3.rel1.win32_1.0.0.202411081344/tools/bin/../lib/gcc/arm-none-eabi/13.3.1/../../../../arm-none-eabi/lib/thumb/v7-m/nofp\libc.a
LOAD C:/ST/STM32CubeIDE_1.19.0/STM32CubeIDE/plugins/com.st.stm32cube.ide.mcu.externaltools.gnu-tools-for-stm32.13.3.rel1.win32_1.0.0.202411081344/tools/bin/../lib/gcc/arm-none-eabi/13.3.1/../../../../arm-none-eabi/lib/thumb/v7-m/nofp\libm.a
LOAD C:/ST/STM32CubeIDE_1.19.0/STM32CubeIDE/plugins/com.st.stm32cube.ide.mcu.externaltools.gnu-tools-for-stm32.13.3.rel1.win32_1.0.0.202411081344/tools/bin/../lib/gcc/arm-none-eabi/13.3.1/thumb/v7-m/nofp\libgcc.a

.debug_info     0x00000000    0x1520c
 .debug_info    0x00000000      0x867 ./Core/Src/can.o
 .debug_info    0x00000867      0x2cf ./Core/Src/dma.o
 .debug_info    0x00000b36      0x44e ./Core/Src/gpio.o
 .debug_info    0x00000f84     0x1439 ./Core/Src/main.o
 .debug_info    0x000023bd      0x7bc ./Core/Src/spi.o
 .debug_info    0x00002b79      0x1f1 ./Core/Src/stm32f1xx_hal_msp.o
 .debug_info    0x00002d6a      0xd6f ./Core/Src/stm32f1xx_it.o
 .debug_info    0x00003ad9      0x222 ./Core/Src/system_stm32f1xx.o
 .debug_info    0x00003cfb      0x9bb ./Core/Src/tim.o
 .debug_info    0x000046b6      0x967 ./Core/Src/usart.o
 .debug_info    0x0000501d       0x30 ./Core/Startup/startup_stm32f103c8tx.o
 .debug_info    0x0000504d      0x704 ./Drivers/STM32F1xx_HAL_Driver/Src/stm32f1xx_hal.o
 .debug_info    0x00005751      0xf13 ./Drivers/STM32F1xx_HAL_Driver/Src/stm32f1xx_hal_can.o
 .debug_info    0x00006664      0xa87 ./Drivers/STM32F1xx_HAL_Driver/Src/stm32f1xx_hal_cortex.o
 .debug_info    0x000070eb      0x6d2 ./Drivers/STM32F1xx_HAL_Driver/Src/stm32f1xx_hal_dma.o
 .debug_info    0x000077bd      0x5ab ./Drivers/STM32F1xx_HAL_Driver/Src/stm32f1xx_hal_gpio.o
 .debug_info    0x00007d68      0x7d5 ./Drivers/STM32F1xx_HAL_Driver/Src/stm32f1xx_hal_rcc.o
 .debug_info    0x0000853d     0x142d ./Drivers/STM32F1xx_HAL_Driver/Src/stm32f1xx_hal_spi.o
 .debug_info    0x0000996a     0x2959 ./Drivers/STM32F1xx_HAL_Driver/Src/stm32f1xx_hal_tim.o
 .debug_info    0x0000c2c3     0x149b ./Drivers/STM32F1xx_HAL_Driver/Src/stm32f1xx_hal_tim_ex.o
 .debug_info    0x0000d75e     0x2eed ./Drivers/STM32F1xx_HAL_Driver/Src/stm32f1xx_hal_uart.o
 .debug_info    0x0001064b      0x71c ./User/Src/Can_Config.o
 .debug_info    0x00010d67     0x2b66 ./User/Src/llcc68.o
 .debug_info    0x000138cd     0x1029 ./User/Src/llcc68_app.o
 .debug_info    0x000148f6      0x916 ./User/Src/llcc68_hal.o

.debug_abbrev   0x00000000     0x338b
 .debug_abbrev  0x00000000      0x232 ./Core/Src/can.o
 .debug_abbrev  0x00000232       0xfc ./Core/Src/dma.o
 .debug_abbrev  0x0000032e      0x161 ./Core/Src/gpio.o
 .debug_abbrev  0x0000048f      0x398 ./Core/Src/main.o
 .debug_abbrev  0x00000827      0x1e7 ./Core/Src/spi.o
 .debug_abbrev  0x00000a0e       0xdb ./Core/Src/stm32f1xx_hal_msp.o
 .debug_abbrev  0x00000ae9      0x220 ./Core/Src/stm32f1xx_it.o
 .debug_abbrev  0x00000d09      0x13f ./Core/Src/system_stm32f1xx.o
 .debug_abbrev  0x00000e48      0x20e ./Core/Src/tim.o
 .debug_abbrev  0x00001056      0x219 ./Core/Src/usart.o
 .debug_abbrev  0x0000126f       0x24 ./Core/Startup/startup_stm32f103c8tx.o
 .debug_abbrev  0x00001293      0x201 ./Drivers/STM32F1xx_HAL_Driver/Src/stm32f1xx_hal.o
 .debug_abbrev  0x00001494      0x21c ./Drivers/STM32F1xx_HAL_Driver/Src/stm32f1xx_hal_can.o
 .debug_abbrev  0x000016b0      0x2f8 ./Drivers/STM32F1xx_HAL_Driver/Src/stm32f1xx_hal_cortex.o
 .debug_abbrev  0x000019a8      0x20b ./Drivers/STM32F1xx_HAL_Driver/Src/stm32f1xx_hal_dma.o
 .debug_abbrev  0x00001bb3      0x1ca ./Drivers/STM32F1xx_HAL_Driver/Src/stm32f1xx_hal_gpio.o
 .debug_abbrev  0x00001d7d      0x2b3 ./Drivers/STM32F1xx_HAL_Driver/Src/stm32f1xx_hal_rcc.o
 .debug_abbrev  0x00002030      0x27a ./Drivers/STM32F1xx_HAL_Driver/Src/stm32f1xx_hal_spi.o
 .debug_abbrev  0x000022aa      0x277 ./Drivers/STM32F1xx_HAL_Driver/Src/stm32f1xx_hal_tim.o
 .debug_abbrev  0x00002521      0x282 ./Drivers/STM32F1xx_HAL_Driver/Src/stm32f1xx_hal_tim_ex.o
 .debug_abbrev  0x000027a3      0x2f8 ./Drivers/STM32F1xx_HAL_Driver/Src/stm32f1xx_hal_uart.o
 .debug_abbrev  0x00002a9b      0x1c1 ./User/Src/Can_Config.o
 .debug_abbrev  0x00002c5c      0x252 ./User/Src/llcc68.o
 .debug_abbrev  0x00002eae      0x2bc ./User/Src/llcc68_app.o
 .debug_abbrev  0x0000316a      0x221 ./User/Src/llcc68_hal.o

.debug_aranges  0x00000000     0x1348
 .debug_aranges
                0x00000000       0x30 ./Core/Src/can.o
 .debug_aranges
                0x00000030       0x20 ./Core/Src/dma.o
 .debug_aranges
                0x00000050       0x20 ./Core/Src/gpio.o
 .debug_aranges
                0x00000070       0x58 ./Core/Src/main.o
 .debug_aranges
                0x000000c8       0x30 ./Core/Src/spi.o
 .debug_aranges
                0x000000f8       0x20 ./Core/Src/stm32f1xx_hal_msp.o
 .debug_aranges
                0x00000118       0x88 ./Core/Src/stm32f1xx_it.o
 .debug_aranges
                0x000001a0       0x28 ./Core/Src/system_stm32f1xx.o
 .debug_aranges
                0x000001c8       0x30 ./Core/Src/tim.o
 .debug_aranges
                0x000001f8       0x30 ./Core/Src/usart.o
 .debug_aranges
                0x00000228       0x28 ./Core/Startup/startup_stm32f103c8tx.o
 .debug_aranges
                0x00000250       0xe0 ./Drivers/STM32F1xx_HAL_Driver/Src/stm32f1xx_hal.o
 .debug_aranges
                0x00000330      0x138 ./Drivers/STM32F1xx_HAL_Driver/Src/stm32f1xx_hal_can.o
 .debug_aranges
                0x00000468      0x100 ./Drivers/STM32F1xx_HAL_Driver/Src/stm32f1xx_hal_cortex.o
 .debug_aranges
                0x00000568       0x80 ./Drivers/STM32F1xx_HAL_Driver/Src/stm32f1xx_hal_dma.o
 .debug_aranges
                0x000005e8       0x58 ./Drivers/STM32F1xx_HAL_Driver/Src/stm32f1xx_hal_gpio.o
 .debug_aranges
                0x00000640       0x90 ./Drivers/STM32F1xx_HAL_Driver/Src/stm32f1xx_hal_rcc.o
 .debug_aranges
                0x000006d0      0x1d0 ./Drivers/STM32F1xx_HAL_Driver/Src/stm32f1xx_hal_spi.o
 .debug_aranges
                0x000008a0      0x3d0 ./Drivers/STM32F1xx_HAL_Driver/Src/stm32f1xx_hal_tim.o
 .debug_aranges
                0x00000c70      0x168 ./Drivers/STM32F1xx_HAL_Driver/Src/stm32f1xx_hal_tim_ex.o
 .debug_aranges
                0x00000dd8      0x208 ./Drivers/STM32F1xx_HAL_Driver/Src/stm32f1xx_hal_uart.o
 .debug_aranges
                0x00000fe0       0x30 ./User/Src/Can_Config.o
 .debug_aranges
                0x00001010      0x2a0 ./User/Src/llcc68.o
 .debug_aranges
                0x000012b0       0x60 ./User/Src/llcc68_app.o
 .debug_aranges
                0x00001310       0x38 ./User/Src/llcc68_hal.o

.debug_rnglists
                0x00000000      0xeec
 .debug_rnglists
                0x00000000       0x20 ./Core/Src/can.o
 .debug_rnglists
                0x00000020       0x13 ./Core/Src/dma.o
 .debug_rnglists
                0x00000033       0x14 ./Core/Src/gpio.o
 .debug_rnglists
                0x00000047       0x51 ./Core/Src/main.o
 .debug_rnglists
                0x00000098       0x20 ./Core/Src/spi.o
 .debug_rnglists
                0x000000b8       0x13 ./Core/Src/stm32f1xx_hal_msp.o
 .debug_rnglists
                0x000000cb       0x61 ./Core/Src/stm32f1xx_it.o
 .debug_rnglists
                0x0000012c       0x1a ./Core/Src/system_stm32f1xx.o
 .debug_rnglists
                0x00000146       0x20 ./Core/Src/tim.o
 .debug_rnglists
                0x00000166       0x20 ./Core/Src/usart.o
 .debug_rnglists
                0x00000186       0x19 ./Core/Startup/startup_stm32f103c8tx.o
 .debug_rnglists
                0x0000019f       0xa3 ./Drivers/STM32F1xx_HAL_Driver/Src/stm32f1xx_hal.o
 .debug_rnglists
                0x00000242       0xed ./Drivers/STM32F1xx_HAL_Driver/Src/stm32f1xx_hal_can.o
 .debug_rnglists
                0x0000032f       0xbb ./Drivers/STM32F1xx_HAL_Driver/Src/stm32f1xx_hal_cortex.o
 .debug_rnglists
                0x000003ea       0x64 ./Drivers/STM32F1xx_HAL_Driver/Src/stm32f1xx_hal_dma.o
 .debug_rnglists
                0x0000044e       0x3f ./Drivers/STM32F1xx_HAL_Driver/Src/stm32f1xx_hal_gpio.o
 .debug_rnglists
                0x0000048d       0x6c ./Drivers/STM32F1xx_HAL_Driver/Src/stm32f1xx_hal_rcc.o
 .debug_rnglists
                0x000004f9      0x16e ./Drivers/STM32F1xx_HAL_Driver/Src/stm32f1xx_hal_spi.o
 .debug_rnglists
                0x00000667      0x31a ./Drivers/STM32F1xx_HAL_Driver/Src/stm32f1xx_hal_tim.o
 .debug_rnglists
                0x00000981      0x125 ./Drivers/STM32F1xx_HAL_Driver/Src/stm32f1xx_hal_tim_ex.o
 .debug_rnglists
                0x00000aa6      0x1bc ./Drivers/STM32F1xx_HAL_Driver/Src/stm32f1xx_hal_uart.o
 .debug_rnglists
                0x00000c62       0x20 ./User/Src/Can_Config.o
 .debug_rnglists
                0x00000c82      0x1fe ./User/Src/llcc68.o
 .debug_rnglists
                0x00000e80       0x45 ./User/Src/llcc68_app.o
 .debug_rnglists
                0x00000ec5       0x27 ./User/Src/llcc68_hal.o

.debug_macro    0x00000000    0x1988a
 .debug_macro   0x00000000      0x1d0 ./Core/Src/can.o
 .debug_macro   0x000001d0      0xacc ./Core/Src/can.o
 .debug_macro   0x00000c9c      0x22d ./Core/Src/can.o
 .debug_macro   0x00000ec9       0x2e ./Core/Src/can.o
 .debug_macro   0x00000ef7       0x22 ./Core/Src/can.o
 .debug_macro   0x00000f19       0x22 ./Core/Src/can.o
 .debug_macro   0x00000f3b       0x8e ./Core/Src/can.o
 .debug_macro   0x00000fc9       0x51 ./Core/Src/can.o
 .debug_macro   0x0000101a      0x103 ./Core/Src/can.o
 .debug_macro   0x0000111d       0x6a ./Core/Src/can.o
 .debug_macro   0x00001187      0x1df ./Core/Src/can.o
 .debug_macro   0x00001366       0x1c ./Core/Src/can.o
 .debug_macro   0x00001382       0x22 ./Core/Src/can.o
 .debug_macro   0x000013a4       0xbd ./Core/Src/can.o
 .debug_macro   0x00001461      0xd23 ./Core/Src/can.o
 .debug_macro   0x00002184     0xe09e ./Core/Src/can.o
 .debug_macro   0x00010222       0x6d ./Core/Src/can.o
 .debug_macro   0x0001028f     0x34a2 ./Core/Src/can.o
 .debug_macro   0x00013731      0x190 ./Core/Src/can.o
 .debug_macro   0x000138c1       0x5c ./Core/Src/can.o
 .debug_macro   0x0001391d      0x5bc ./Core/Src/can.o
 .debug_macro   0x00013ed9      0x289 ./Core/Src/can.o
 .debug_macro   0x00014162      0x1cb ./Core/Src/can.o
 .debug_macro   0x0001432d      0x114 ./Core/Src/can.o
 .debug_macro   0x00014441      0x1b2 ./Core/Src/can.o
 .debug_macro   0x000145f3       0x27 ./Core/Src/can.o
 .debug_macro   0x0001461a      0x136 ./Core/Src/can.o
 .debug_macro   0x00014750      0x1bc ./Core/Src/can.o
 .debug_macro   0x0001490c       0x34 ./Core/Src/can.o
 .debug_macro   0x00014940       0x3c ./Core/Src/can.o
 .debug_macro   0x0001497c      0x408 ./Core/Src/can.o
 .debug_macro   0x00014d84       0x57 ./Core/Src/can.o
 .debug_macro   0x00014ddb       0x87 ./Core/Src/can.o
 .debug_macro   0x00014e62      0x240 ./Core/Src/can.o
 .debug_macro   0x000150a2      0x140 ./Core/Src/can.o
 .debug_macro   0x000151e2      0x217 ./Core/Src/can.o
 .debug_macro   0x000153f9      0x8ed ./Core/Src/can.o
 .debug_macro   0x00015ce6      0x28e ./Core/Src/can.o
 .debug_macro   0x00015f74       0x83 ./Core/Src/can.o
 .debug_macro   0x00015ff7       0x3a ./Core/Src/can.o
 .debug_macro   0x00016031      0x1d0 ./Core/Src/dma.o
 .debug_macro   0x00016201      0x1d0 ./Core/Src/gpio.o
 .debug_macro   0x000163d1      0x30f ./Core/Src/main.o
 .debug_macro   0x000166e0       0x61 ./Core/Src/main.o
 .debug_macro   0x00016741       0x24 ./Core/Src/main.o
 .debug_macro   0x00016765       0x43 ./Core/Src/main.o
 .debug_macro   0x000167a8       0x34 ./Core/Src/main.o
 .debug_macro   0x000167dc      0x370 ./Core/Src/main.o
 .debug_macro   0x00016b4c       0x16 ./Core/Src/main.o
 .debug_macro   0x00016b62       0x4a ./Core/Src/main.o
 .debug_macro   0x00016bac       0x34 ./Core/Src/main.o
 .debug_macro   0x00016be0       0x10 ./Core/Src/main.o
 .debug_macro   0x00016bf0       0x58 ./Core/Src/main.o
 .debug_macro   0x00016c48       0x8e ./Core/Src/main.o
 .debug_macro   0x00016cd6       0x1c ./Core/Src/main.o
 .debug_macro   0x00016cf2      0x185 ./Core/Src/main.o
 .debug_macro   0x00016e77       0x10 ./Core/Src/main.o
 .debug_macro   0x00016e87       0x3c ./Core/Src/main.o
 .debug_macro   0x00016ec3       0x20 ./Core/Src/main.o
 .debug_macro   0x00016ee3       0x22 ./Core/Src/main.o
 .debug_macro   0x00016f05       0xa6 ./Core/Src/main.o
 .debug_macro   0x00016fab       0x34 ./Core/Src/main.o
 .debug_macro   0x00016fdf      0x1d0 ./Core/Src/spi.o
 .debug_macro   0x000171af      0x1c6 ./Core/Src/stm32f1xx_hal_msp.o
 .debug_macro   0x00017375      0x1d0 ./Core/Src/stm32f1xx_it.o
 .debug_macro   0x00017545      0x1b7 ./Core/Src/system_stm32f1xx.o
 .debug_macro   0x000176fc      0x1d0 ./Core/Src/tim.o
 .debug_macro   0x000178cc      0x1d0 ./Core/Src/usart.o
 .debug_macro   0x00017a9c      0x1db ./Drivers/STM32F1xx_HAL_Driver/Src/stm32f1xx_hal.o
 .debug_macro   0x00017c77      0x1c6 ./Drivers/STM32F1xx_HAL_Driver/Src/stm32f1xx_hal_can.o
 .debug_macro   0x00017e3d      0x1b7 ./Drivers/STM32F1xx_HAL_Driver/Src/stm32f1xx_hal_cortex.o
 .debug_macro   0x00017ff4      0x1b7 ./Drivers/STM32F1xx_HAL_Driver/Src/stm32f1xx_hal_dma.o
 .debug_macro   0x000181ab      0x222 ./Drivers/STM32F1xx_HAL_Driver/Src/stm32f1xx_hal_gpio.o
 .debug_macro   0x000183cd      0x1c9 ./Drivers/STM32F1xx_HAL_Driver/Src/stm32f1xx_hal_rcc.o
 .debug_macro   0x00018596      0x1bf ./Drivers/STM32F1xx_HAL_Driver/Src/stm32f1xx_hal_spi.o
 .debug_macro   0x00018755      0x1b8 ./Drivers/STM32F1xx_HAL_Driver/Src/stm32f1xx_hal_tim.o
 .debug_macro   0x0001890d      0x1b7 ./Drivers/STM32F1xx_HAL_Driver/Src/stm32f1xx_hal_tim_ex.o
 .debug_macro   0x00018ac4      0x1b8 ./Drivers/STM32F1xx_HAL_Driver/Src/stm32f1xx_hal_uart.o
 .debug_macro   0x00018c7c      0x1ca ./User/Src/Can_Config.o
 .debug_macro   0x00018e46       0x40 ./User/Src/Can_Config.o
 .debug_macro   0x00018e86       0xae ./User/Src/llcc68.o
 .debug_macro   0x00018f34       0x10 ./User/Src/llcc68.o
 .debug_macro   0x00018f44      0x13b ./User/Src/llcc68.o
 .debug_macro   0x0001907f      0x2d4 ./User/Src/llcc68_app.o
 .debug_macro   0x00019353       0x56 ./User/Src/llcc68_app.o
 .debug_macro   0x000193a9      0x2ef ./User/Src/llcc68_hal.o
 .debug_macro   0x00019698       0x16 ./User/Src/llcc68_hal.o
 .debug_macro   0x000196ae       0x9e ./User/Src/llcc68_hal.o
 .debug_macro   0x0001974c      0x112 ./User/Src/llcc68_hal.o
 .debug_macro   0x0001985e       0x16 ./User/Src/llcc68_hal.o
 .debug_macro   0x00019874       0x16 ./User/Src/llcc68_hal.o

.debug_line     0x00000000    0x1607a
 .debug_line    0x00000000      0x7a5 ./Core/Src/can.o
 .debug_line    0x000007a5      0x726 ./Core/Src/dma.o
 .debug_line    0x00000ecb      0x76c ./Core/Src/gpio.o
 .debug_line    0x00001637      0xbb5 ./Core/Src/main.o
 .debug_line    0x000021ec      0x7a6 ./Core/Src/spi.o
 .debug_line    0x00002992      0x72b ./Core/Src/stm32f1xx_hal_msp.o
 .debug_line    0x000030bd      0x851 ./Core/Src/stm32f1xx_it.o
 .debug_line    0x0000390e      0x7a9 ./Core/Src/system_stm32f1xx.o
 .debug_line    0x000040b7      0x7a5 ./Core/Src/tim.o
 .debug_line    0x0000485c      0x7c8 ./Core/Src/usart.o
 .debug_line    0x00005024       0x78 ./Core/Startup/startup_stm32f103c8tx.o
 .debug_line    0x0000509c      0x9da ./Drivers/STM32F1xx_HAL_Driver/Src/stm32f1xx_hal.o
 .debug_line    0x00005a76     0x11d3 ./Drivers/STM32F1xx_HAL_Driver/Src/stm32f1xx_hal_can.o
 .debug_line    0x00006c49      0xba4 ./Drivers/STM32F1xx_HAL_Driver/Src/stm32f1xx_hal_cortex.o
 .debug_line    0x000077ed      0xde4 ./Drivers/STM32F1xx_HAL_Driver/Src/stm32f1xx_hal_dma.o
 .debug_line    0x000085d1      0xa37 ./Drivers/STM32F1xx_HAL_Driver/Src/stm32f1xx_hal_gpio.o
 .debug_line    0x00009008      0xe93 ./Drivers/STM32F1xx_HAL_Driver/Src/stm32f1xx_hal_rcc.o
 .debug_line    0x00009e9b     0x1c71 ./Drivers/STM32F1xx_HAL_Driver/Src/stm32f1xx_hal_spi.o
 .debug_line    0x0000bb0c     0x34c8 ./Drivers/STM32F1xx_HAL_Driver/Src/stm32f1xx_hal_tim.o
 .debug_line    0x0000efd4     0x189e ./Drivers/STM32F1xx_HAL_Driver/Src/stm32f1xx_hal_tim_ex.o
 .debug_line    0x00010872     0x24f6 ./Drivers/STM32F1xx_HAL_Driver/Src/stm32f1xx_hal_uart.o
 .debug_line    0x00012d68      0x7bf ./User/Src/Can_Config.o
 .debug_line    0x00013527     0x1570 ./User/Src/llcc68.o
 .debug_line    0x00014a97      0xb72 ./User/Src/llcc68_app.o
 .debug_line    0x00015609      0xa71 ./User/Src/llcc68_hal.o

.debug_str      0x00000000    0x92375
 .debug_str     0x00000000    0x92375 ./Core/Src/can.o
                              0x87464 (size before relaxing)
 .debug_str     0x00092375    0x870d1 ./Core/Src/dma.o
 .debug_str     0x00092375    0x8717a ./Core/Src/gpio.o
 .debug_str     0x00092375    0x8b64c ./Core/Src/main.o
 .debug_str     0x00092375    0x87284 ./Core/Src/spi.o
 .debug_str     0x00092375    0x86dfb ./Core/Src/stm32f1xx_hal_msp.o
 .debug_str     0x00092375    0x8783e ./Core/Src/stm32f1xx_it.o
 .debug_str     0x00092375    0x86d68 ./Core/Src/system_stm32f1xx.o
 .debug_str     0x00092375    0x8771c ./Core/Src/tim.o
 .debug_str     0x00092375    0x87601 ./Core/Src/usart.o
 .debug_str     0x00092375       0x7c ./Core/Startup/startup_stm32f103c8tx.o
 .debug_str     0x00092375    0x8749b ./Drivers/STM32F1xx_HAL_Driver/Src/stm32f1xx_hal.o
 .debug_str     0x00092375    0x87570 ./Drivers/STM32F1xx_HAL_Driver/Src/stm32f1xx_hal_can.o
 .debug_str     0x00092375    0x873e7 ./Drivers/STM32F1xx_HAL_Driver/Src/stm32f1xx_hal_cortex.o
 .debug_str     0x00092375    0x87111 ./Drivers/STM32F1xx_HAL_Driver/Src/stm32f1xx_hal_dma.o
 .debug_str     0x00092375    0x870ee ./Drivers/STM32F1xx_HAL_Driver/Src/stm32f1xx_hal_gpio.o
 .debug_str     0x00092375    0x87197 ./Drivers/STM32F1xx_HAL_Driver/Src/stm32f1xx_hal_rcc.o
 .debug_str     0x00092375    0x8768e ./Drivers/STM32F1xx_HAL_Driver/Src/stm32f1xx_hal_spi.o
 .debug_str     0x00092375    0x88199 ./Drivers/STM32F1xx_HAL_Driver/Src/stm32f1xx_hal_tim.o
 .debug_str     0x00092375    0x879a5 ./Drivers/STM32F1xx_HAL_Driver/Src/stm32f1xx_hal_tim_ex.o
 .debug_str     0x00092375    0x87808 ./Drivers/STM32F1xx_HAL_Driver/Src/stm32f1xx_hal_uart.o
 .debug_str     0x00092375    0x871f6 ./User/Src/Can_Config.o
 .debug_str     0x00092375     0x7b17 ./User/Src/llcc68.o
 .debug_str     0x00092375    0x8b5d1 ./User/Src/llcc68_app.o
 .debug_str     0x00092375    0x8ab7d ./User/Src/llcc68_hal.o

.comment        0x00000000       0x43
 .comment       0x00000000       0x43 ./Core/Src/can.o
                                 0x44 (size before relaxing)
 .comment       0x00000043       0x44 ./Core/Src/dma.o
 .comment       0x00000043       0x44 ./Core/Src/gpio.o
 .comment       0x00000043       0x44 ./Core/Src/main.o
 .comment       0x00000043       0x44 ./Core/Src/spi.o
 .comment       0x00000043       0x44 ./Core/Src/stm32f1xx_hal_msp.o
 .comment       0x00000043       0x44 ./Core/Src/stm32f1xx_it.o
 .comment       0x00000043       0x44 ./Core/Src/system_stm32f1xx.o
 .comment       0x00000043       0x44 ./Core/Src/tim.o
 .comment       0x00000043       0x44 ./Core/Src/usart.o
 .comment       0x00000043       0x44 ./Drivers/STM32F1xx_HAL_Driver/Src/stm32f1xx_hal.o
 .comment       0x00000043       0x44 ./Drivers/STM32F1xx_HAL_Driver/Src/stm32f1xx_hal_can.o
 .comment       0x00000043       0x44 ./Drivers/STM32F1xx_HAL_Driver/Src/stm32f1xx_hal_cortex.o
 .comment       0x00000043       0x44 ./Drivers/STM32F1xx_HAL_Driver/Src/stm32f1xx_hal_dma.o
 .comment       0x00000043       0x44 ./Drivers/STM32F1xx_HAL_Driver/Src/stm32f1xx_hal_gpio.o
 .comment       0x00000043       0x44 ./Drivers/STM32F1xx_HAL_Driver/Src/stm32f1xx_hal_rcc.o
 .comment       0x00000043       0x44 ./Drivers/STM32F1xx_HAL_Driver/Src/stm32f1xx_hal_spi.o
 .comment       0x00000043       0x44 ./Drivers/STM32F1xx_HAL_Driver/Src/stm32f1xx_hal_tim.o
 .comment       0x00000043       0x44 ./Drivers/STM32F1xx_HAL_Driver/Src/stm32f1xx_hal_tim_ex.o
 .comment       0x00000043       0x44 ./Drivers/STM32F1xx_HAL_Driver/Src/stm32f1xx_hal_uart.o
 .comment       0x00000043       0x44 ./User/Src/Can_Config.o
 .comment       0x00000043       0x44 ./User/Src/llcc68.o
 .comment       0x00000043       0x44 ./User/Src/llcc68_app.o
 .comment       0x00000043       0x44 ./User/Src/llcc68_hal.o

.debug_frame    0x00000000     0x4fd8
 .debug_frame   0x00000000       0x74 ./Core/Src/can.o
 .debug_frame   0x00000074       0x34 ./Core/Src/dma.o
 .debug_frame   0x000000a8       0x34 ./Core/Src/gpio.o
 .debug_frame   0x000000dc      0x128 ./Core/Src/main.o
 .debug_frame   0x00000204       0x74 ./Core/Src/spi.o
 .debug_frame   0x00000278       0x38 ./Core/Src/stm32f1xx_hal_msp.o
 .debug_frame   0x000002b0      0x190 ./Core/Src/stm32f1xx_it.o
 .debug_frame   0x00000440       0x58 ./Core/Src/system_stm32f1xx.o
 .debug_frame   0x00000498       0x7c ./Core/Src/tim.o
 .debug_frame   0x00000514       0x74 ./Core/Src/usart.o
 .debug_frame   0x00000588      0x334 ./Drivers/STM32F1xx_HAL_Driver/Src/stm32f1xx_hal.o
 .debug_frame   0x000008bc      0x5a0 ./Drivers/STM32F1xx_HAL_Driver/Src/stm32f1xx_hal_can.o
 .debug_frame   0x00000e5c      0x428 ./Drivers/STM32F1xx_HAL_Driver/Src/stm32f1xx_hal_cortex.o
 .debug_frame   0x00001284      0x208 ./Drivers/STM32F1xx_HAL_Driver/Src/stm32f1xx_hal_dma.o
 .debug_frame   0x0000148c      0x14c ./Drivers/STM32F1xx_HAL_Driver/Src/stm32f1xx_hal_gpio.o
 .debug_frame   0x000015d8      0x218 ./Drivers/STM32F1xx_HAL_Driver/Src/stm32f1xx_hal_rcc.o
 .debug_frame   0x000017f0      0x824 ./Drivers/STM32F1xx_HAL_Driver/Src/stm32f1xx_hal_spi.o
 .debug_frame   0x00002014     0x11b8 ./Drivers/STM32F1xx_HAL_Driver/Src/stm32f1xx_hal_tim.o
 .debug_frame   0x000031cc      0x638 ./Drivers/STM32F1xx_HAL_Driver/Src/stm32f1xx_hal_tim_ex.o
 .debug_frame   0x00003804      0x944 ./Drivers/STM32F1xx_HAL_Driver/Src/stm32f1xx_hal_uart.o
 .debug_frame   0x00004148       0x7c ./User/Src/Can_Config.o
 .debug_frame   0x000041c4      0xba4 ./User/Src/llcc68.o
 .debug_frame   0x00004d68      0x140 ./User/Src/llcc68_app.o
 .debug_frame   0x00004ea8       0xbc ./User/Src/llcc68_hal.o
 .debug_frame   0x00004f64       0x20 C:/ST/STM32CubeIDE_1.19.0/STM32CubeIDE/plugins/com.st.stm32cube.ide.mcu.externaltools.gnu-tools-for-stm32.13.3.rel1.win32_1.0.0.202411081344/tools/bin/../lib/gcc/arm-none-eabi/13.3.1/../../../../arm-none-eabi/lib/thumb/v7-m/nofp\libc_nano.a(libc_a-memset.o)
 .debug_frame   0x00004f84       0x28 C:/ST/STM32CubeIDE_1.19.0/STM32CubeIDE/plugins/com.st.stm32cube.ide.mcu.externaltools.gnu-tools-for-stm32.13.3.rel1.win32_1.0.0.202411081344/tools/bin/../lib/gcc/arm-none-eabi/13.3.1/../../../../arm-none-eabi/lib/thumb/v7-m/nofp\libc_nano.a(libc_a-strncmp.o)
 .debug_frame   0x00004fac       0x2c C:/ST/STM32CubeIDE_1.19.0/STM32CubeIDE/plugins/com.st.stm32cube.ide.mcu.externaltools.gnu-tools-for-stm32.13.3.rel1.win32_1.0.0.202411081344/tools/bin/../lib/gcc/arm-none-eabi/13.3.1/../../../../arm-none-eabi/lib/thumb/v7-m/nofp\libc_nano.a(libc_a-init.o)

.debug_line_str
                0x00000000       0x60
 .debug_line_str
                0x00000000       0x60 ./Core/Startup/startup_stm32f103c8tx.o
