../User/Src/llcc68.c:280:17:llcc68_set_sleep	32	static
../User/Src/llcc68.c:290:17:llcc68_set_standby	32	static
../User/Src/llcc68.c:300:17:llcc68_set_fs	32	static
../User/Src/llcc68.c:309:17:llcc68_set_tx	24	static
../User/Src/llcc68.c:321:17:llcc68_set_tx_with_timeout_in_rtc_step	32	static
../User/Src/llcc68.c:333:17:llcc68_set_rx	24	static
../User/Src/llcc68.c:345:17:llcc68_set_rx_with_timeout_in_rtc_step	32	static
../User/Src/llcc68.c:357:17:llcc68_stop_timer_on_preamble	32	static
../User/Src/llcc68.c:367:17:llcc68_set_rx_duty_cycle	32	static
../User/Src/llcc68.c:376:17:llcc68_set_rx_duty_cycle_with_timings_in_rtc_step	40	static
../User/Src/llcc68.c:393:17:llcc68_set_cad	32	static
../User/Src/llcc68.c:402:17:llcc68_set_tx_cw	32	static
../User/Src/llcc68.c:411:17:llcc68_set_tx_infinite_preamble	32	static
../User/Src/llcc68.c:420:17:llcc68_set_reg_mode	32	static
../User/Src/llcc68.c:430:17:llcc68_cal	32	static
../User/Src/llcc68.c:440:17:llcc68_cal_img	32	static
../User/Src/llcc68.c:451:17:llcc68_cal_img_in_mhz	24	static
../User/Src/llcc68.c:465:17:llcc68_set_pa_cfg	32	static
../User/Src/llcc68.c:474:17:llcc68_set_rx_tx_fallback_mode	32	static
../User/Src/llcc68.c:489:17:llcc68_write_register	40	static
../User/Src/llcc68.c:501:17:llcc68_read_register	40	static
../User/Src/llcc68.c:513:17:llcc68_write_buffer	40	static
../User/Src/llcc68.c:524:17:llcc68_read_buffer	40	static
../User/Src/llcc68.c:540:17:llcc68_set_dio_irq_params	48	static
../User/Src/llcc68.c:552:17:llcc68_get_irq_status	32	static
../User/Src/llcc68.c:571:17:llcc68_clear_irq_status	32	static
../User/Src/llcc68.c:582:17:llcc68_get_and_clear_irq_status	24	static
../User/Src/llcc68.c:599:17:llcc68_set_dio2_as_rf_sw_ctrl	32	static
../User/Src/llcc68.c:609:17:llcc68_set_dio3_as_tcxo_ctrl	40	static
../User/Src/llcc68.c:625:17:llcc68_set_rf_freq	24	static
../User/Src/llcc68.c:632:17:llcc68_set_rf_freq_in_pll_steps	32	static
../User/Src/llcc68.c:642:17:llcc68_set_pkt_type	32	static
../User/Src/llcc68.c:652:17:llcc68_get_pkt_type	32	static
../User/Src/llcc68.c:662:17:llcc68_set_tx_params	32	static
../User/Src/llcc68.c:673:17:llcc68_set_gfsk_mod_params	48	static
../User/Src/llcc68.c:697:17:llcc68_set_bpsk_mod_params	40	static
../User/Src/llcc68.c:709:17:llcc68_set_lora_mod_params	32	static
../User/Src/llcc68.c:741:17:llcc68_set_gfsk_pkt_params	40	static
../User/Src/llcc68.c:759:17:llcc68_set_bpsk_pkt_params	40	static
../User/Src/llcc68.c:782:17:llcc68_set_lora_pkt_params	40	static
../User/Src/llcc68.c:825:17:llcc68_set_gfsk_pkt_address	24	static
../User/Src/llcc68.c:833:17:llcc68_set_cad_params	32	static
../User/Src/llcc68.c:849:17:llcc68_set_buffer_base_address	32	static
../User/Src/llcc68.c:861:17:llcc68_set_lora_symb_nb_timeout	40	static
../User/Src/llcc68.c:897:17:llcc68_get_status	32	static
../User/Src/llcc68.c:918:17:llcc68_get_rx_buffer_status	32	static
../User/Src/llcc68.c:938:17:llcc68_get_gfsk_pkt_status	32	static
../User/Src/llcc68.c:971:17:llcc68_get_lora_pkt_status	32	static
../User/Src/llcc68.c:992:17:llcc68_get_rssi_inst	32	static
../User/Src/llcc68.c:1011:17:llcc68_get_gfsk_stats	40	static
../User/Src/llcc68.c:1032:17:llcc68_get_lora_stats	40	static
../User/Src/llcc68.c:1052:17:llcc68_reset_stats	32	static
../User/Src/llcc68.c:1066:17:llcc68_reset	16	static
../User/Src/llcc68.c:1071:17:llcc68_wakeup	16	static
../User/Src/llcc68.c:1076:17:llcc68_get_device_errors	32	static
../User/Src/llcc68.c:1095:17:llcc68_clear_device_errors	32	static
../User/Src/llcc68.c:1106:17:llcc68_get_gfsk_bw_param	24	static
../User/Src/llcc68.c:1127:10:llcc68_get_lora_bw_in_hz	24	static
../User/Src/llcc68.c:1168:10:llcc68_get_lora_time_on_air_numerator	48	static
../User/Src/llcc68.c:1216:10:llcc68_get_lora_time_on_air_in_ms	24	static
../User/Src/llcc68.c:1226:10:llcc68_get_gfsk_time_on_air_numerator	24	static
../User/Src/llcc68.c:1235:10:llcc68_get_gfsk_time_on_air_in_ms	24	static
../User/Src/llcc68.c:1246:17:llcc68_get_random_numbers	32	static
../User/Src/llcc68.c:1317:10:llcc68_convert_freq_in_hz_to_pll_step	24	static
../User/Src/llcc68.c:1334:10:llcc68_convert_timeout_in_ms_to_rtc_step	16	static
../User/Src/llcc68.c:1339:17:llcc68_handle_rx_done	16	static
../User/Src/llcc68.c:1349:17:llcc68_cfg_rx_boosted	24	static
../User/Src/llcc68.c:1361:17:llcc68_set_gfsk_sync_word	40	static
../User/Src/llcc68.c:1379:17:llcc68_set_lora_sync_word	24	static
../User/Src/llcc68.c:1396:17:llcc68_set_gfsk_crc_seed	24	static
../User/Src/llcc68.c:1403:17:llcc68_set_gfsk_crc_polynomial	24	static
../User/Src/llcc68.c:1410:17:llcc68_set_gfsk_whitening_seed	24	static
../User/Src/llcc68.c:1433:17:llcc68_cfg_tx_clamp	24	static
../User/Src/llcc68.c:1448:17:llcc68_stop_rtc	24	static
../User/Src/llcc68.c:1468:17:llcc68_set_ocp_value	16	static
../User/Src/llcc68.c:1473:17:llcc68_set_trimming_capacitor_values	24	static
../User/Src/llcc68.c:1481:17:llcc68_add_registers_to_retention_list	48	static
../User/Src/llcc68.c:1532:17:llcc68_init_retention_list	24	static
../User/Src/llcc68.c:1540:17:llcc68_get_lora_params_from_header	32	static
../User/Src/llcc68.c:1567:24:llcc68_tx_modulation_workaround	24	static
../User/Src/llcc68.c:1600:24:llcc68_get_gfsk_crc_len_in_bytes	16	static
